04-25 08:10:59.289 17938 17983 D ACodec  : [OMX.MTK.VIDEO.DECODER.AVC] Allocating 8 buffers of size 2097152 (from 2097152 using PresetByteBuffer) on input port
04-25 08:10:59.297   935  1767 D DispPerfService: get hint proc=coding.universe.mojcompose, idx=1 none
04-25 08:10:59.297   935  1767 I BufferQueueConsumer: [](id:3a70000202e,api:0,p:-1,c:935) connect(): controlledByApp=false
04-25 08:10:59.297   935  1767 I BufferQueue: [unnamed-935-8238](this:0xb400006feb177a58,id:8238,api:0,p:-1,c:-1) BufferQueue core=(935:/system/bin/surfaceflinger)
04-25 08:10:59.298   935  1001 D DispPerfService: get hint proc=Surface(name=f3cd16d StatusBar), idx=1 none
04-25 08:10:59.299   935  1001 D DispPerfService: get hint proc=Surface(name=6c3af0c NavigationBar0), idx=1 none
04-25 08:10:59.300  1554  6958 D Theia.NoFocusWindow: FocusWindowErrorScene cancelCheckFreezeScreen
04-25 08:10:59.301 17938 17961 D libMEOW : applied 0 plugin for [coding.universe.mojcompose].
04-25 08:10:59.301 17938 17996 D ACodec  : AllocateComponent OMX.MTK.VIDEO.DECODER.AVC success
04-25 08:10:59.301 17938 17996 D ACodec  : [OMX.MTK.VIDEO.DECODER.AVC] Now Loaded
04-25 08:10:59.305 17938 17995 D SurfaceUtils: connecting to surface 0xb400007c69bbd010, reason connectToSurface
04-25 08:10:59.305 17938 17995 I BufferQueueProducer: [SurfaceTexture-1-17938-1](id:461200000001,api:3,p:17938,c:17938) connect(): api=3 producerControlledByApp=true
04-25 08:10:59.305   935  1001 D DispPerfService: get hint proc=Bounds for - coding.universe.mojcompose, idx=1 none
04-25 08:10:59.305 17938 17995 I MediaCodec: [OMX.MTK.VIDEO.DECODER.AVC] setting surface generation to 18368514
04-25 08:10:59.305 17938 17995 D SurfaceUtils: disconnecting from surface 0xb400007c69bbd010, reason connectToSurface(reconnect)
04-25 08:10:59.305 17938 17995 I BufferQueueProducer: [SurfaceTexture-1-17938-1](id:461200000001,api:3,p:17938,c:17938) disconnect(): api=3
04-25 08:10:59.305 17938 17995 D SurfaceUtils: connecting to surface 0xb400007c69bbd010, reason connectToSurface(reconnect)
04-25 08:10:59.305 17938 17995 I BufferQueueProducer: [SurfaceTexture-1-17938-1](id:461200000001,api:3,p:17938,c:17938) connect(): api=3 producerControlledByApp=true
04-25 08:10:59.305   935  1001 W ServiceManager: Permission failure: android.permission.ACCESS_SURFACE_FLINGER from uid=10512 pid=17938
04-25 08:10:59.305   935  1001 D PermissionCache: checking android.permission.ACCESS_SURFACE_FLINGER for uid=10512 => denied (179 us)
04-25 08:10:59.305 17938 17996 D MediaCodecList: isSoftwareCodec() ro.oplus.audio.effect.type = dirac
04-25 08:10:59.305 17938 17996 D RefBase : RefBase: Explicit destruction, weak count = 0 (in 0x7c619fb730)
04-25 08:10:59.305   935  1767 I BufferQueueProducer: [coding.universe.mojcompose/coding.universe.mojcompose.MainActivity#0](id:3a70000202e,api:1,p:17938,c:935) connect(): api=1 producerControlledByApp=false
04-25 08:10:59.305   935  1001 D DispPerfService: get hint proc=SurfaceView - coding.universe.mojcompose, idx=1 none
04-25 08:10:59.306   935  1001 I BufferQueueConsumer: [](id:3a70000202f,api:0,p:-1,c:935) connect(): controlledByApp=false
04-25 08:10:59.306   935  1001 I BufferQueue: [unnamed-935-8239](this:0xb400006feb178858,id:8239,api:0,p:-1,c:-1) BufferQueue core=(935:/system/bin/surfaceflinger)
04-25 08:10:59.306   935  1001 D DispPerfService: get hint proc=Background for -SurfaceView - coding.universe.mojcompose, idx=1 none
04-25 08:10:59.306 17938 17938 D ViewRootImpl: setSurfaceViewCreated, created:true
04-25 08:10:59.307   935  1000 D DispPerfService: get hint proc=SurfaceView - coding.universe.mojcompose, idx=1 none
04-25 08:10:59.307   935  1000 I BufferQueueConsumer: [](id:3a700002030,api:0,p:-1,c:935) connect(): controlledByApp=false
04-25 08:10:59.307   935  1000 I BufferQueue: [unnamed-935-8240](this:0xb40000702813de58,id:8240,api:0,p:-1,c:-1) BufferQueue core=(935:/system/bin/surfaceflinger)
04-25 08:10:59.307   935  1001 D DispPerfService: get hint proc=Background for -SurfaceView - coding.universe.mojcompose, idx=1 none
04-25 08:10:59.308 17938 17938 D ViewRootImpl: setSurfaceViewCreated, created:true
04-25 08:10:59.310  3479  3479 D StatusBar/NavBarView: updateNavButtonIcons: disableBack/Home/Recent: false/false/false, mNavBarMode=0, disableFlags=0, useAltBack=false, rotation=0,com.oplusos.systemui.navbar.view.OplusNavigationBarView.updateNavButtonIcons:149 com.oplusos.systemui.navbar.view.OplusNavigationBarView.updateUseInputMethod:141 com.oplusos.systemui.navbar.view.NavBarViewProxy.updateVisibility:64 com.oplusos.systemui.navbar.view.NavBarViewPresenterImpl.updateVisibility:83 com.oplusos.systemui.navbar.view.NavBarViewModelImpl.updateVisibility:87 com.oplusos.systemui.navbar.NavBarProxyManager.updateVisibility:132 com.oplusos.systemui.navbar.view.OplusNavigationBarFragment.updateVisibility:193
04-25 08:10:59.314  1175 21285 I MtkOmxVdecExV4L2: [0xe8d10480] --- GetOutputPortDefinition --- (540 960 544 960 8 783376 0x7f000001), pPortDef (540 960 544 960 8 12 0x7f000001)
04-25 08:10:59.316  1175 21285 I MtkOmxVdecExV4L2: [0xe8d10480] --- GetOutputPortDefinition --- (540 960 544 960 8 783376 0x7f000001), pPortDef (540 960 544 960 8 12 0x7f000001)
04-25 08:10:59.316 17938 17996 D RefBase : #00 pc 00000000000121a8  /system/system_ext/lib64/liboplusstagefright.so (android::OplusACodec::configureCodec(char const*, android::sp<android::AMessage> const&)+368)
04-25 08:10:59.316 17938 17996 D RefBase : #01 pc 000000000009f954  /system/lib64/libstagefright.so (android::ACodec::LoadedState::onConfigureComponent(android::sp<android::AMessage> const&)+240)
04-25 08:10:59.316 17938 17996 D RefBase : #02 pc 000000000009f740  /system/lib64/libstagefright.so (android::ACodec::LoadedState::onMessageReceived(android::sp<android::AMessage> const&)+504)
04-25 08:10:59.316 17938 17996 D RefBase : #03 pc 00000000000bda30  /system/lib64/libstagefright.so (android::AHierarchicalStateMachine::handleMessage(android::sp<android::AMessage> const&)+268)
04-25 08:10:59.316 17938 17996 D RefBase : #04 pc 0000000000011f0c  /system/system_ext/lib64/liboplusstagefright.so (android::OplusACodec::onMessageReceived(android::sp<android::AMessage> const&)+2080)
04-25 08:10:59.316 17938 17996 D RefBase : #05 pc 000000000001780c  /system/lib64/libstagefright_foundation.so (android::AHandler::deliverMessage(android::sp<android::AMessage> const&)+84)
04-25 08:10:59.316 17938 17996 D RefBase : #06 pc 000000000001d9e8  /system/lib64/libstagefright_foundation.so (android::AMessage::deliver()+188)
04-25 08:10:59.316 17938 17996 D RefBase : #07 pc 0000000000018be8  /system/lib64/libstagefright_foundation.so (android::ALooper::loop()+572)
04-25 08:10:59.316 17938 17996 D RefBase : #08 pc 00000000000154dc  /system/lib64/libutils.so (android::Thread::_threadLoop(void*)+460)
04-25 08:10:59.316 17938 17996 D RefBase : #09 pc 0000000000014cd8  /system/lib64/libutils.so (thread_data_t::trampoline(thread_data_t const*)+412)
04-25 08:10:59.316 17938 17996 D RefBase : #10 pc 00000000000d991c  /apex/com.android.runtime/lib64/bionic/libc.so (__pthread_start(void*)+64)
04-25 08:10:59.316 17938 17996 D RefBase : #11 pc 000000000007a010  /apex/com.android.runtime/lib64/bionic/libc.so (__start_thread+64)
04-25 08:10:59.317 17938 17996 D OplusACodec: [configureCodec:L1372] OplusFeedbackInfo  mFeedbackID:-5476376610947960192
04-25 08:10:59.317 17938 17983 D SurfaceUtils: set up nativeWindow 0xb400007cdab78010 for 540x960, color 0x7f000001, rotation 0, usage 0x402900
04-25 08:10:59.317 17938 17996 D IAtlas  : IAtlas::init CallingPid 17938
04-25 08:10:59.317 17938 17996 D IAtlas  : IAtlas::init this 0xb400007c61278850
04-25 08:10:59.317 17938 17996 D OplusUtils: ACodec getComponentRole [92]: mime:video/avc
04-25 08:10:59.317  1175 21285 E OMXNodeInstance: setParameter(0xdbc831c4:MTK.DECODER.AVC, OMX.google.android.index.allocateNativeHandle(0x7f20040e): Output:1 en=0) ERROR: BadParameter(0x80001005)
04-25 08:10:59.318  1175 21285 E MtkOmxVdecExV4L2: [0xdbc831c0] MtkOmxVdec::GetParameter unsupported nParamIndex
04-25 08:10:59.318  1175 21285 E OMXNodeInstance: getParameter(0xdbc831c4:MTK.DECODER.AVC, ??(0x6f600011)) ERROR: UnsupportedIndex(0x8000101a)
04-25 08:10:59.318 17938 17996 E OplusACodec: [GetVideoCodingTypeFromMime:L1093] mime:video/avc
04-25 08:10:59.318   935   935 D OplusExLayer: ~Layer() sequence=37790, name=Surface(name=f3cd16d StatusBar)/@0xbfdc98e - animation-leash#1
04-25 08:10:59.318   935   935 D OplusExLayer: ~Layer() sequence=37791, name=Surface(name=6c3af0c NavigationBar0)/@0x4c45af - animation-leash#1
04-25 08:10:59.318 17938 17983 D ACodec  : [OMX.MTK.VIDEO.DECODER.AVC] Now Idle->Executing
04-25 08:10:59.319 17938 17983 D ACodec  : [OMX.MTK.VIDEO.DECODER.AVC] Now Executing
04-25 08:10:59.319  1175  5108 I MtkOmxVdecExV4L2: [0xdbc831c0] --- GetOutputPortDefinition --- (176 144 176 160 8 46096 0x7f000001), pPortDef (176 144 176 160 8 12 0x7f000001)
04-25 08:10:59.319  1554  6958 I InputDispatcher: Window went away: coding.universe.mojcompose/coding.universe.mojcompose.MainActivity#0
04-25 08:10:59.319  1121  7724 W ResourceManagerService: Ignoring request to add new resource entry with value <= 0
04-25 08:10:59.320  1175  8579 E MtkOmxVdecExV4L2: [0xdbc831c0] MtkOmxVdec::SetConfig Unknown config index: 0x6F800002
04-25 08:10:59.320  1175  8579 E OMXNodeInstance: setConfig(0xdbc831c4:MTK.DECODER.AVC, ConfigPriority(0x6f800002)) ERROR: UnsupportedIndex(0x8000101a)
04-25 08:10:59.320 17938 17996 I ACodec  : codec does not support config priority (err -1010)
04-25 08:10:59.320 17938 17996 I MtkACodecExt: setViLTEParameters, width: 540
04-25 08:10:59.320 17938 17996 I MtkACodecExt: setViLTEParameters, height: 960
04-25 08:10:59.320 17938 17996 D ACodec  : [OMX.MTK.VIDEO.DECODER.AVC] input format is AMessage(what = 0x00000000) = {
04-25 08:10:59.320 17938 17996 D ACodec  :   int32_t adaptive-playback = 1
04-25 08:10:59.320 17938 17996 D ACodec  :   string mime = "video/avc"
04-25 08:10:59.320 17938 17996 D ACodec  :   int32_t width = 540
04-25 08:10:59.320 17938 17996 D ACodec  :   int32_t height = 960
04-25 08:10:59.320 17938 17996 D ACodec  : }
04-25 08:10:59.320  1175  5108 E MtkOmxVdecExV4L2: [0xdbc831c0] MtkOmxVdec::GetConfig Unknown config index: 0x6F100004
04-25 08:10:59.320  1175  5108 E OMXNodeInstance: getConfig(0xdbc831c4:MTK.DECODER.AVC, ConfigAndroidVendorExtension(0x6f100004)) ERROR: UnsupportedIndex(0x8000101a)
04-25 08:10:59.320  1175  8579 I MtkOmxVdecExV4L2: [0xdbc831c0] --- GetOutputPortDefinition --- (540 960 544 960 8 783376 0x7f000001), pPortDef (540 960 544 960 8 12 0x7f000001)
04-25 08:10:59.320 17938 17983 D OplusACodec: inputbuffer, mSrOsieMMListCheckResult: 0, mIsSrSwitchOn: 0, mIsSrEnable: 0
04-25 08:10:59.320  1175 21285 I MtkOmxVdecExV4L2: [0xdbc831c0] --- GetOutputPortDefinition --- (540 960 544 960 8 783376 0x7f000001), pPortDef (540 960 544 960 8 12 0x7f000001)
04-25 08:10:59.321  1175 21285 E MtkV4L2Device: [0xdbc8341c] [getColorDesc] ioctl(3222820423) failed. error = Invalid argument
04-25 08:10:59.321 17938 17996 D ACodec  : [OMX.MTK.VIDEO.DECODER.AVC] output format is AMessage(what = 0x00000000) = {
04-25 08:10:59.321 17938 17996 D ACodec  :   int32_t color-range = 2
04-25 08:10:59.321 17938 17996 D ACodec  :   int32_t color-standard = 1
04-25 08:10:59.321 17938 17996 D ACodec  :   int32_t color-transfer = 3
04-25 08:10:59.321 17938 17996 D ACodec  :   string mime = "video/raw"
04-25 08:10:59.321 17938 17996 D ACodec  :   int32_t stride = 544
04-25 08:10:59.321 17938 17996 D ACodec  :   int32_t slice-height = 960
04-25 08:10:59.321 17938 17996 D ACodec  :   int32_t color-format = 2130706433
04-25 08:10:59.321 17938 17996 D ACodec  :   Rect crop(0, 0, 539, 959)
04-25 08:10:59.321 17938 17996 D ACodec  :   int32_t android._dataspace = 260
04-25 08:10:59.321 17938 17996 D ACodec  :   Buffer hdr-static-info = {
04-25 08:10:59.321 17938 17996 D ACodec  :     00000000:  00 00 00 00 00 00 00 00  00 00 00 00 00 00 00 00  ................
04-25 08:10:59.321 17938 17996 D ACodec  :     00000010:  00 00 00 00 00 00 00 00  00                       .........
04-25 08:10:59.321 17938 17996 D ACodec  :   }
04-25 08:10:59.321 17938 17996 D ACodec  :   int32_t width = 540
04-25 08:10:59.321 17938 17996 D ACodec  :   int32_t height = 960
04-25 08:10:59.321 17938 17996 D ACodec  : }
04-25 08:10:59.321 17938 17996 D OplusACodec: failed get mCallingPid
04-25 08:10:59.321 17938 17996 D OplusACodec: checking pid 0
04-25 08:10:59.321 17938 17996 D OplusACodec: allocatcomponent, mSrOsieMMListCheckResult: 0, mIsSrSwitchOn: 0, mIsSrEnable: 0
04-25 08:10:59.322 17938 17996 D ACodec  : [OMX.MTK.VIDEO.DECODER.AVC] Now Loaded->Idle
04-25 08:10:59.323 17938 17996 D ACodec  : [OMX.MTK.VIDEO.DECODER.AVC] Allocating 8 buffers of size 2097152 (from 2097152 using PresetByteBuffer) on input port
04-25 08:10:59.325 17938 18004 D CCodec  : allocate(c2.android.aac.decoder)
04-25 08:10:59.326 17938 17961 E ion     : ioctl c0044901 failed with code -1: Invalid argument
04-25 08:10:59.326  1175  8579 W gralloc4: Buffer descriptor with invalid usage bits 0x2000
04-25 08:10:59.326 17938 18004 I Codec2Client: Available Codec2 services: "software"
04-25 08:10:59.326 17938 17983 D OplusACodec: inputbuffer, mSrOsieMMListCheckResult: 0, mIsSrSwitchOn: 0, mIsSrEnable: 0
04-25 08:10:59.328  1175 17989 I MtkV4L2Device: [0xe8d106dc] [Info] codec type: V4L2_PIX_FMT_H264
04-25 08:10:59.329  1175 21285 W gralloc4: Buffer descriptor with invalid usage bits 0x2000
04-25 08:10:59.329 17938 17983 D OplusACodec: inputbuffer, mSrOsieMMListCheckResult: 0, mIsSrSwitchOn: 0, mIsSrEnable: 0
04-25 08:10:59.329  1215  1302 I VPUD    : == handle_init_msg()- == ret=0 kernel vcu:18446743965436997392, mem_inst[0] 0xf67bc5d8
04-25 08:10:59.329  1215  1302 I VPUD    :
04-25 08:10:59.330  1175  8579 W gralloc4: Buffer descriptor with invalid usage bits 0x2000
04-25 08:10:59.330 17938 17983 D OplusACodec: inputbuffer, mSrOsieMMListCheckResult: 0, mIsSrSwitchOn: 0, mIsSrEnable: 0
04-25 08:10:59.332  1231 13353 V C2Store : in init
04-25 08:10:59.332  1231 13353 V C2Store : loading dll
04-25 08:10:59.333  1215  1302 I VPUD    : [Vdec_Drv_H264_open] eDecodeMode: 0
04-25 08:10:59.334  1175  5108 W gralloc4: Buffer descriptor with invalid usage bits 0x2000
04-25 08:10:59.334 17938 17983 D OplusACodec: inputbuffer, mSrOsieMMListCheckResult: 0, mIsSrSwitchOn: 0, mIsSrEnable: 0
04-25 08:10:59.334 17938 17983 I chatty  : uid=10512(coding.universe.mojcompose) CodecLooper identical 2 lines
04-25 08:10:59.334 17938 17983 D OplusACodec: inputbuffer, mSrOsieMMListCheckResult: 0, mIsSrSwitchOn: 0, mIsSrEnable: 0
04-25 08:10:59.336 17938 18004 I CCodec  : Created component [c2.android.aac.decoder]
04-25 08:10:59.337 17938 18004 D CCodecConfig: read media type: audio/mp4a-latm
04-25 08:10:59.339  1215  1302 I mtkpower_client: perf_lock_acq, hdl:0, dur:0, num:2, tid:1302
04-25 08:10:59.339  1215  1302 I mtkpower_client: ret_hdl:71701
04-25 08:10:59.339  1215  1302 I VCodecDrv: perfLockAcq hdl:71701
04-25 08:10:59.339  1215  1302 I VPUD    : [Err] eVDecDrvSetParam VDEC_DRV_SET_TYPE_SET_DECODE_LAYOUT fail!!
04-25 08:10:59.339   909   979 I libPowerHal: [perfLockAcq] idx:1 hdl:71701 hint:-1 pid:1215 duration:0 => ret_hdl:71701
04-25 08:10:59.339   909   979 I libPowerHal: [PE] scn:1 hdl:71701 lock_user:vpud pid:1215 tid:1302 dur:0
04-25 08:10:59.340   909   979 I libPowerHal: [PE] vpud update cmd:240c000=>100,
04-25 08:10:59.340  1175 17989 I MtkV4L2Device: [0xe8d106dc] [V4L2 IOCTL] getAspectRatio: 10001
04-25 08:10:59.340  1175 17989 I MtkV4L2Device: [0xe8d106dc] dequeueEvent(): got resolution change event.
04-25 08:10:59.340  1175 17989 I MtkOmxVdecExV4L2: [0xe8d10480] handlePendingEvent(): set mPortReconfigInProgress
04-25 08:10:59.340  1175 17989 E MtkOmxVdecExV4L2: [0xe8d10480] MtkOmxVdec::handleResolutionChange
04-25 08:10:59.340  1175 17989 I MtkOmxVdecExV4L2: [0xe8d10480] send MTK_OMX_RES_CHG_CONVERT to colorconvertP1 thread to trigger flush covert
04-25 08:10:59.340  1175 17989 I MtkOmxVdecExV4L2: [0xe8d10480] + wait CCSQ and MDPQ flush done, mResChgMDPBackDoneSem 0
04-25 08:10:59.341  1175 17990 I MtkOmxVdecExV4L2: [0xe8d10480] [MTK_OMX_RES_CHG_CONVERT] mFlushFBInProcess 0, mFlushInConvertProcess 0, mResChgInConvertProcess 0
04-25 08:10:59.341  1175 17990 I MtkOmxVdecExV4L2: [0xe8d10480] There is NO cc src buffers need to be converted during resolution change
04-25 08:10:59.341  1175 17990 I MtkOmxVdecExV4L2: [0xe8d10480] mResChgInConvertProcess 1
04-25 08:10:59.341  1175 17991 I MtkOmxVdecExV4L2: [0xe8d10480] [MtkOmxVdecConvertP2Thread] SIGNAL mResChgMDPBackDoneSem 1
04-25 08:10:59.341  1175 17989 I MtkOmxVdecExV4L2: [0xe8d10480] - Wait CCSQ and MDPQ flush done, mResChgMDPBackDoneSem 0, (MDPBufRecodeQ.size 0, CCSQ.size 0)
04-25 08:10:59.341  1175 17989 I MtkOmxVdecExV4L2: [0xe8d10480] [Info] set stride x sliceHeight = 540 x 960
04-25 08:10:59.341  1175 17989 I MtkOmxVdecExV4L2: [0xe8d10480] MtkOmxVdec::handleResolutionChange update port definition
04-25 08:10:59.341 17938 18004 D ReflectedParamUpdater: extent() != 1 for single value type: algo.buffers.max-count.values
04-25 08:10:59.342 17938 18004 D ReflectedParamUpdater: extent() != 1 for single value type: output.subscribed-indices.values
04-25 08:10:59.342 17938 18004 D ReflectedParamUpdater: extent() != 1 for single value type: input.buffers.allocator-ids.values
04-25 08:10:59.342  1175 21285 I MtkOmxVdecExV4L2: [0xe8d10480] [SetColorFormat_MTKYUV] mAlwaysColorConvertWithNW -> HAL_PIXEL_FORMAT_NV12
04-25 08:10:59.342  1175 21285 I MtkOmxVdecExV4L2: [0xe8d10480] --- GetOutputPortDefinition --- (540 960 544 960 24 783360 0x7f000001), pPortDef (540 960 544 960 24 12 0x1000)
04-25 08:10:59.342  1175 21285 I MtkOmxVdecExV4L2: [0xe8d10480] [SetColorFormat_MTKYUV] mAlwaysColorConvertWithNW -> HAL_PIXEL_FORMAT_NV12
04-25 08:10:59.342  1175 21285 I MtkOmxVdecExV4L2: [0xe8d10480] --- GetOutputPortDefinition --- (540 960 544 960 24 783360 0x7f000001), pPortDef (540 960 544 960 24 12 0x1000)
04-25 08:10:59.342 17938 18004 D ReflectedParamUpdater: extent() != 1 for single value type: output.buffers.allocator-ids.values
04-25 08:10:59.343 17938 18004 D ReflectedParamUpdater: extent() != 1 for single value type: algo.buffers.allocator-ids.values
04-25 08:10:59.343 17938 18004 D ReflectedParamUpdater: extent() != 1 for single value type: output.buffers.pool-ids.values
04-25 08:10:59.343 17938 18004 D ReflectedParamUpdater: extent() != 1 for single value type: algo.buffers.pool-ids.values
04-25 08:10:59.343 17938 17983 D ACodec  : [OMX.MTK.VIDEO.DECODER.AVC] output format is AMessage(what = 0x00000000) = {
04-25 08:10:59.343 17938 17983 D ACodec  :   int32_t color-range = 2
04-25 08:10:59.343 17938 17983 D ACodec  :   int32_t color-standard = 1
04-25 08:10:59.343 17938 17983 D ACodec  :   int32_t color-transfer = 3
04-25 08:10:59.343 17938 17983 D ACodec  :   string mime = "video/raw"
04-25 08:10:59.343 17938 17983 D ACodec  :   int32_t stride = 544
04-25 08:10:59.343 17938 17983 D ACodec  :   int32_t slice-height = 960
04-25 08:10:59.343 17938 17983 D ACodec  :   int32_t color-format = 4096
04-25 08:10:59.343 17938 17983 D ACodec  :   Rect crop(0, 0, 539, 959)
04-25 08:10:59.343 17938 17983 D ACodec  :   int32_t android._dataspace = 260
04-25 08:10:59.343 17938 17983 D ACodec  :   Buffer hdr-static-info = {
04-25 08:10:59.343 17938 17983 D ACodec  :     00000000:  00 00 00 00 00 00 00 00  00 00 00 00 00 00 00 00  ................
04-25 08:10:59.343 17938 17983 D ACodec  :     00000010:  00 00 00 00 00 00 00 00  00                       .........
04-25 08:10:59.343 17938 17983 D ACodec  :   }
04-25 08:10:59.343 17938 17983 D ACodec  :   int32_t width = 540
04-25 08:10:59.343 17938 17983 D ACodec  :   int32_t height = 960
04-25 08:10:59.343 17938 17983 D ACodec  : }
04-25 08:10:59.343  1175 17988 I MtkOmxVdecExV4L2: [0xe8d10480] + Wait FB flush done, wait mFlushFrameBufferDoneSem, mDecoderInitCompleteFlag(1), queuedFrameBufferCount(0), mFlushFBInProcess(1), mFlushInConvertProcess(0), mResChgInConvertProcess(1)
04-25 08:10:59.343  1175 17988 I MtkOmxVdecExV4L2: [0xe8d10480] - Wait FB flush done, mFlushFrameBufferDoneSem 0
04-25 08:10:59.343  1175 17988 I MtkOmxVdecExV4L2: [0xe8d10480] + Wait MDPQ flush done, wait mFlushMDPBackDoneSem, mDecoderInitCompleteFlag(1), queuedMDPCount(0), mFlushFBInProcess(1), mFlushInConvertProcess(0), mResChgInConvertProcess(1)
04-25 08:10:59.343  1175 17990 I MtkOmxVdecExV4L2: [0xe8d10480] [MTK_OMX_FLUSH_CONVERT] mFlushFBInProcess 1, mFlushInConvertProcess 0, mResChgInConvertProcess 1
04-25 08:10:59.343  1175 17990 I MtkOmxVdecExV4L2: [0xe8d10480] mFlushInConvertProcess 1
04-25 08:10:59.343  1175 17991 I MtkOmxVdecExV4L2: [0xe8d10480] [MtkOmxVdecConvertP2Thread] SIGNAL mResChgMDPBackDoneSem 1
04-25 08:10:59.343  1175 17991 I MtkOmxVdecExV4L2: [0xe8d10480] [MtkOmxVdecConvertP2Thread] SIGNAL mFlushMDPBackDoneSem 1
04-25 08:10:59.343  1175 17988 I MtkOmxVdecExV4L2: [0xe8d10480] - Wait MDPQ flush done, mFlushMDPBackDoneSem 0
04-25 08:10:59.343  1175 17988 I MtkOmxVdecExV4L2: [0xe8d10480] --- FTBQ: mNumPendingOutput 4; mFillThisBufQ.size() 2,  CCDst: 2, CCSrc: 0, MDPBufRecodeQ: 0
04-25 08:10:59.343  1175 17988 I MtkOmxVdecExV4L2: [0xe8d10480] -FlushOutputPort -> mNumPendingOutput(0)
04-25 08:10:59.344  1175 21285 I MtkOmxVdecExV4L2: [0xe8d10480] MtkOmxVdec::FreeBuffer all output buffers have been freed!!! signal mOutPortFreeDoneSem(1)
04-25 08:10:59.344  1175 17988 I MtkOmxVdecExV4L2: [0xe8d10480] [Info] set stride x sliceHeight = 540 x 960
04-25 08:10:59.344  1175 17988 I MtkOmxVdecExV4L2: [0xe8d10480] MtkOmxVdec::HandlePortDisable update port definition
04-25 08:10:59.344  1175  5108 I MtkOmxVdecExV4L2: [0xdbc831c0] --- GetOutputPortDefinition --- (540 960 544 960 8 783376 0x7f000001), pPortDef (540 960 544 960 8 12 0x7f000001)
04-25 08:10:59.345  1175  5108 I MtkOmxVdecExV4L2: [0xdbc831c0] --- GetOutputPortDefinition --- (540 960 544 960 8 783376 0x7f000001), pPortDef (540 960 544 960 8 12 0x7f000001)
04-25 08:10:59.345 17938 17996 D SurfaceUtils: set up nativeWindow 0xb400007c69bbd010 for 540x960, color 0x7f000001, rotation 0, usage 0x402900
04-25 08:10:59.346  1121  7724 W ResourceManagerService: Ignoring request to add new resource entry with value <= 0
04-25 08:10:59.346 17938 17996 D ACodec  : [OMX.MTK.VIDEO.DECODER.AVC] Now Idle->Executing
04-25 08:10:59.346 17938 17996 D ACodec  : [OMX.MTK.VIDEO.DECODER.AVC] Now Executing
04-25 08:10:59.347 17938 17996 D OplusACodec: inputbuffer, mSrOsieMMListCheckResult: 0, mIsSrSwitchOn: 0, mIsSrEnable: 0
04-25 08:10:59.348  1175  5108 I MtkOmxVdecExV4L2: [0xe8d10480] [SetColorFormat_MTKYUV] mAlwaysColorConvertWithNW -> HAL_PIXEL_FORMAT_NV12
04-25 08:10:59.348  1175  5108 I MtkOmxVdecExV4L2: [0xe8d10480] --- GetOutputPortDefinition --- (540 960 544 960 24 783360 0x7f000001), pPortDef (540 960 544 960 24 12 0x1000)
04-25 08:10:59.348  1175 21285 W gralloc4: Buffer descriptor with invalid usage bits 0x2000
04-25 08:10:59.348 17938 17996 D OplusACodec: inputbuffer, mSrOsieMMListCheckResult: 0, mIsSrSwitchOn: 0, mIsSrEnable: 0
04-25 08:10:59.349  1175  5108 I MtkOmxVdecExV4L2: [0xe8d10480] [SetColorFormat_MTKYUV] mAlwaysColorConvertWithNW -> HAL_PIXEL_FORMAT_NV12
04-25 08:10:59.349  1175  5108 I MtkOmxVdecExV4L2: [0xe8d10480] --- GetOutputPortDefinition --- (540 960 544 960 24 783360 0x7f000001), pPortDef (540 960 544 960 24 12 0x1000)
04-25 08:10:59.349 17938 18004 I CCodecConfig: query failed after returning 19 values (BAD_INDEX)
04-25 08:10:59.349  1175 21285 W gralloc4: Buffer descriptor with invalid usage bits 0x2000
04-25 08:10:59.349 17938 18004 D CCodecConfig: c2 config diff is Dict {
04-25 08:10:59.349 17938 18004 D CCodecConfig:   c2::u32 coded.aac-packaging.value = 0
04-25 08:10:59.349 17938 18004 D CCodecConfig:   c2::u32 coded.bitrate.value = 64000
04-25 08:10:59.349 17938 18004 D CCodecConfig:   c2::u32 coded.pl.level = 0
04-25 08:10:59.349 17938 18004 D CCodecConfig:   c2::u32 coded.pl.profile = 8192
04-25 08:10:59.349 17938 18004 D CCodecConfig:   c2::i32 coding.drc.album-mode.value = 0
04-25 08:10:59.349 17938 18004 D CCodecConfig:   c2::float coding.drc.attenuation-factor.value = 1
04-25 08:10:59.349 17938 18004 D CCodecConfig:   c2::float coding.drc.boost-factor.value = 1
04-25 08:10:59.349 17938 18004 D CCodecConfig:   c2::i32 coding.drc.compression-mode.value = 3
04-25 08:10:59.349 17938 18004 D CCodecConfig:   c2::i32 coding.drc.effect-type.value = 3
04-25 08:10:59.349 17938 18004 D CCodecConfig:   c2::float coding.drc.encoded-level.value = 0.25
04-25 08:10:59.349 17938 18004 D CCodecConfig:   c2::float coding.drc.reference-level.value = -16
04-25 08:10:59.349 17938 18004 D CCodecConfig:   c2::u32 input.buffers.max-size.value = 8192
04-25 08:10:59.349 17938 18004 D CCodecConfig:   c2::u32 input.delay.value = 0
04-25 08:10:59.349 17938 18004 D CCodecConfig:   string input.media-type.value = "audio/mp4a-latm"
04-25 08:10:59.349 17938 18004 D CCodecConfig:   c2::u32 output.delay.value = 2
04-25 08:10:59.349 17938 18004 D CCodecConfig:   c2::float output.drc.output-loudness.value = 0.25
04-25 08:10:59.349 17938 18004 D CCodecConfig:   string output.media-type.value = "audio/raw"
04-25 08:10:59.349 17938 18004 D CCodecConfig:   c2::u32 raw.channel-count.value = 1
04-25 08:10:59.349 17938 18004 D CCodecConfig:   c2::u32 raw.max-channel-count.value = 8
04-25 08:10:59.349 17938 18004 D CCodecConfig:   c2::u32 raw.sample-rate.value = 44100
04-25 08:10:59.349 17938 18004 D CCodecConfig: }
04-25 08:10:59.350  1175  5108 E MtkOmxVdecExV4L2: [0xe8d10480] Ignore SP AndroidNativeBufferConsumerUsage in mState:(3)
04-25 08:10:59.350 17938 17996 D OplusACodec: inputbuffer, mSrOsieMMListCheckResult: 0, mIsSrSwitchOn: 0, mIsSrEnable: 0
04-25 08:10:59.350 17938 17983 D SurfaceUtils: set up nativeWindow 0xb400007cdab78010 for 540x960, color 0x1000, rotation 0, usage 0x402900
04-25 08:10:59.351 17938 18004 D CCodec  : [c2.android.aac.decoder] buffers are bound to CCodec for this session
04-25 08:10:59.351 17938 18004 D CCodecConfig: no c2 equivalents for flags
04-25 08:10:59.351  1175 21285 W gralloc4: Buffer descriptor with invalid usage bits 0x2000
04-25 08:10:59.351 17938 18004 D CCodecConfig: config failed => CORRUPTED
04-25 08:10:59.351 17938 17996 D OplusACodec: inputbuffer, mSrOsieMMListCheckResult: 0, mIsSrSwitchOn: 0, mIsSrEnable: 0
04-25 08:10:59.351 17938 18004 D CCodecConfig: c2 config diff is   c2::u32 raw.channel-count.value = 2
04-25 08:10:59.352 17938 18004 W Codec2Client: query -- param skipped: index = 1107298332.
04-25 08:10:59.352 17938 18004 D CCodec  : client requested max input size 332, which is smaller than what component recommended (8192); overriding with component recommendation.
04-25 08:10:59.352 17938 18004 W CCodec  : This behavior is subject to change. It is recommended that app developers double check whether the requested max input size is in reasonable range.
04-25 08:10:59.352 17938 18004 D CCodec  : setup formats input: AMessage(what = 0x00000000) = {
04-25 08:10:59.352 17938 18004 D CCodec  :   int32_t aac-drc-album-mode = 0
04-25 08:10:59.352 17938 18004 D CCodec  :   int32_t aac-drc-boost-level = 127
04-25 08:10:59.352 17938 18004 D CCodec  :   int32_t aac-drc-cut-level = 127
04-25 08:10:59.352 17938 18004 D CCodec  :   int32_t aac-drc-effect-type = 3
04-25 08:10:59.352 17938 18004 D CCodec  :   int32_t aac-drc-heavy-compression = 3
04-25 08:10:59.352 17938 18004 D CCodec  :   int32_t aac-encoded-target-level = -1
04-25 08:10:59.352 17938 18004 D CCodec  :   int32_t aac-max-output-channel_count = 8
04-25 08:10:59.352 17938 18004 D CCodec  :   int32_t aac-target-ref-level = 64
04-25 08:10:59.352 17938 18004 D CCodec  :   int32_t channel-count = 2
04-25 08:10:59.352 17938 18004 D CCodec  :   int32_t level = 0
04-25 08:10:59.352 17938 18004 D CCodec  :   int32_t max-input-size = 8192
04-25 08:10:59.352 17938 18004 D CCodec  :   string mime = "audio/mp4a-latm"
04-25 08:10:59.352 17938 18004 D CCodec  :   int32_t profile = 2
04-25 08:10:59.352 17938 18004 D CCodec  :   int32_t sample-rate = 44100
04-25 08:10:59.352 17938 18004 D CCodec  : } and output: AMessage(what = 0x00000000) = {
04-25 08:10:59.352 17938 18004 D CCodec  :   int32_t aac-drc-album-mode = 0
04-25 08:10:59.352 17938 18004 D CCodec  :   int32_t aac-drc-boost-level = 127
04-25 08:10:59.352 17938 18004 D CCodec  :   int32_t aac-drc-cut-level = 127
04-25 08:10:59.352 17938 18004 D CCodec  :   int32_t aac-drc-effect-type = 3
04-25 08:10:59.352 17938 18004 D CCodec  :   int32_t aac-drc-heavy-compression = 3
04-25 08:10:59.352 17938 18004 D CCodec  :   int32_t aac-drc-output-loudness = -1
04-25 08:10:59.352 17938 18004 D CCodec  :   int32_t aac-encoded-target-level = -1
04-25 08:10:59.352 17938 18004 D CCodec  :   int32_t aac-max-output-channel_count = 8
04-25 08:10:59.352 17938 18004 D CCodec  :   int32_t aac-target-ref-level = 64
04-25 08:10:59.352 17938 18004 D CCodec  :   int32_t channel-count = 2
04-25 08:10:59.352 17938 18004 D CCodec  :   string mime = "audio/raw"
04-25 08:10:59.352 17938 18004 D CCodec  :   int32_t sample-rate = 44100
04-25 08:10:59.352 17938 18004 D CCodec  : }
04-25 08:10:59.352  1175 21285 W gralloc4: Buffer descriptor with invalid usage bits 0x2000
04-25 08:10:59.352 17938 17996 D OplusACodec: inputbuffer, mSrOsieMMListCheckResult: 0, mIsSrSwitchOn: 0, mIsSrEnable: 0
04-25 08:10:59.352 17938 17996 I chatty  : uid=10512(coding.universe.mojcompose) CodecLooper identical 1 line
04-25 08:10:59.352 17938 17996 D OplusACodec: inputbuffer, mSrOsieMMListCheckResult: 0, mIsSrSwitchOn: 0, mIsSrEnable: 0
04-25 08:10:59.352 17938 18004 W Codec2Client: query -- param skipped: index = 1342179345.
04-25 08:10:59.352 17938 18004 W Codec2Client: query -- param skipped: index = 2415921170.
04-25 08:10:59.352 17938 18004 W Codec2Client: query -- param skipped: index = 1610614798.
04-25 08:10:59.352 17938 17996 D OplusACodec: inputbuffer, mSrOsieMMListCheckResult: 0, mIsSrSwitchOn: 0, mIsSrEnable: 0
04-25 08:10:59.353  1175 17999 I MtkV4L2Device: [0xdbc8341c] [Info] codec type: V4L2_PIX_FMT_H264
04-25 08:10:59.353 17938 18004 E FMQ     : grantorIdx must be less than 3
04-25 08:10:59.353 17938 18004 E FMQ     : grantorIdx must be less than 3
04-25 08:10:59.353 17938 18004 D CCodecBufferChannel: [c2.android.aac.decoder#971] Created input block pool with allocatorID 16 => poolID 17 - OK (0)
04-25 08:10:59.353  1231  1418 D BufferPoolAccessor2.0: bufferpool2 0xb40000739c660828 : 0(0 size) total buffers - 0(0 size) used buffers - 29/34 (recycle/alloc) - 5/33 (fetch/transfer)
04-25 08:10:59.353 17938 18004 I CCodecBufferChannel: [c2.android.aac.decoder#971] Created output block pool with allocatorID 16 => poolID 1106 - OK
04-25 08:10:59.353 17938 18004 D CCodecBufferChannel: [c2.android.aac.decoder#971] Configured output block pool ids 1106 => OK
04-25 08:10:59.353  1215  1302 I VPUD    : == handle_init_msg()- == ret=0 kernel vcu:18446743965395890064, mem_inst[1] 0xf67bfc20
04-25 08:10:59.353  1215  1302 I VPUD    :
04-25 08:10:59.353  1121  3540 D BufferPoolAccessor2.0: bufferpool2 0xf0d445d8 : 0(0 size) total buffers - 0(0 size) used buffers - 59/70 (recycle/alloc) - 11/132 (fetch/transfer)
04-25 08:10:59.353  1121  3540 D BufferPoolAccessor2.0: Destruction - bufferpool2 0xf0d445d8 cached: 0/0M, 0/0% in use; allocs: 70, 84% recycled; transfers: 132, 92% unfetched
04-25 08:10:59.353 17938 18015 D CCodec  : allocate(c2.android.aac.decoder)
04-25 08:10:59.354  1231 18011 D SimpleC2Component: Using output block pool with poolID 1106 => got 1106 - 0
04-25 08:10:59.354 17938 18004 E FMQ     : grantorIdx must be less than 3
04-25 08:10:59.354  1175  5108 W gralloc4: Buffer descriptor with invalid usage bits 0x2000
04-25 08:10:59.355 17938 18015 I CCodec  : Created component [c2.android.aac.decoder]
04-25 08:10:59.355 17938 18015 D CCodecConfig: read media type: audio/mp4a-latm
04-25 08:10:59.355  1175  5108 W gralloc4: Buffer descriptor with invalid usage bits 0x2000
04-25 08:10:59.356  1175  5108 I chatty  : uid=1046(mediacodec) HwBinder:1175_1 identical 1 line
04-25 08:10:59.357  1175  5108 W gralloc4: Buffer descriptor with invalid usage bits 0x2000
04-25 08:10:59.358  1215  1302 I VPUD    : [Vdec_Drv_H264_open] eDecodeMode: 0
04-25 08:10:59.359  1175  5108 W gralloc4: Buffer descriptor with invalid usage bits 0x2000
04-25 08:10:59.359 17938 18015 D ReflectedParamUpdater: extent() != 1 for single value type: algo.buffers.max-count.values
04-25 08:10:59.359 17938 18015 D ReflectedParamUpdater: extent() != 1 for single value type: output.subscribed-indices.values
04-25 08:10:59.359 17938 18015 D ReflectedParamUpdater: extent() != 1 for single value type: input.buffers.allocator-ids.values
04-25 08:10:59.360  1231 18011 I C2SoftAacDec: Reconfiguring decoder: 0->44100 Hz, 0->2 channels
04-25 08:10:59.362  1215  1302 I mtkpower_client: perf_lock_acq, hdl:0, dur:0, num:2, tid:1302
04-25 08:10:59.362 17938 17984 E FMQ     : grantorIdx must be less than 3
04-25 08:10:59.362 17938 18015 D ReflectedParamUpdater: extent() != 1 for single value type: output.buffers.allocator-ids.values
04-25 08:10:59.362 17938 18015 D ReflectedParamUpdater: extent() != 1 for single value type: algo.buffers.allocator-ids.values
04-25 08:10:59.362 17938 18015 D ReflectedParamUpdater: extent() != 1 for single value type: output.buffers.pool-ids.values
04-25 08:10:59.362   909   979 I libPowerHal: [perfLockAcq] idx:2 hdl:71702 hint:-1 pid:1215 duration:0 => ret_hdl:71702
04-25 08:10:59.362   909   979 I libPowerHal: [PE] scn:2 hdl:71702 lock_user:vpud pid:1215 tid:1302 dur:0
04-25 08:10:59.362  1215  1302 I mtkpower_client: ret_hdl:71702
04-25 08:10:59.363  1215  1302 I VCodecDrv: perfLockAcq hdl:71702
04-25 08:10:59.363  1215  1302 I VPUD    : [Err] eVDecDrvSetParam VDEC_DRV_SET_TYPE_SET_DECODE_LAYOUT fail!!
04-25 08:10:59.363  1175 17999 I MtkV4L2Device: [0xdbc8341c] [V4L2 IOCTL] getAspectRatio: 10001
04-25 08:10:59.363  1175 17989 I MtkV4L2Device: [0xe8d106dc] [Info] yuv format: V4L2_PIX_FMT_MT21S, num_planes:1
04-25 08:10:59.363  1175 17988 I MtkV4L2Device: [0xe8d106dc] [Info] yuv format: V4L2_PIX_FMT_MT21S, num_planes:1
04-25 08:10:59.363  1175 17989 I MtkV4L2Device: [0xe8d106dc] [Info] yuv format: V4L2_PIX_FMT_MT21S, num_planes:1
04-25 08:10:59.363  1175  5108 W gralloc4: Buffer descriptor with invalid usage bits 0x2000
04-25 08:10:59.364  1175 17989 I MtkV4L2Device: [0xe8d106dc] [Info] yuv format: V4L2_PIX_FMT_MT21S, num_planes:1
04-25 08:10:59.364  1175 17999 I MtkV4L2Device: [0xdbc8341c] dequeueEvent(): got resolution change event.
04-25 08:10:59.364  1175 17999 I MtkOmxVdecExV4L2: [0xdbc831c0] handlePendingEvent(): set mPortReconfigInProgress
04-25 08:10:59.364  1175 17989 I MtkV4L2Device: [0xe8d106dc] [Info] yuv format: V4L2_PIX_FMT_MT21S, num_planes:1
04-25 08:10:59.364  1175 17999 E MtkOmxVdecExV4L2: [0xdbc831c0] MtkOmxVdec::handleResolutionChange
04-25 08:10:59.364  1175 17999 I MtkOmxVdecExV4L2: [0xdbc831c0] send MTK_OMX_RES_CHG_CONVERT to colorconvertP1 thread to trigger flush covert
04-25 08:10:59.364  1175 17999 I MtkOmxVdecExV4L2: [0xdbc831c0] + wait CCSQ and MDPQ flush done, mResChgMDPBackDoneSem 0
04-25 08:10:59.364  1175 18000 I MtkOmxVdecExV4L2: [0xdbc831c0] [MTK_OMX_RES_CHG_CONVERT] mFlushFBInProcess 0, mFlushInConvertProcess 0, mResChgInConvertProcess 0
04-25 08:10:59.364  1175 18000 I MtkOmxVdecExV4L2: [0xdbc831c0] There is NO cc src buffers need to be converted during resolution change
04-25 08:10:59.364  1175 18000 I MtkOmxVdecExV4L2: [0xdbc831c0] mResChgInConvertProcess 1
04-25 08:10:59.364  1175 18001 I MtkOmxVdecExV4L2: [0xdbc831c0] [MtkOmxVdecConvertP2Thread] SIGNAL mResChgMDPBackDoneSem 1
04-25 08:10:59.364  1175 17989 E MtkV4L2Device: [0xe8d106dc] [requestBufferFrameBuffer] ioctl(3222558216) failed. error = Device or resource busy
04-25 08:10:59.364  1175  5108 W gralloc4: Buffer descriptor with invalid usage bits 0x2000
04-25 08:10:59.365 17938 18004 D CCodecConfig: c2 config diff is   c2::i32 coding.drc.compression-mode.value = 1
04-25 08:10:59.365  1175  5108 W gralloc4: Buffer descriptor with invalid usage bits 0x2000
04-25 08:10:59.365 17938 18004 D CCodecBuffers: [c2.android.aac.decoder#971:Output[N]] popFromStashAndRegister: output format changed to AMessage(what = 0x00000000) = {
04-25 08:10:59.365 17938 18004 D CCodecBuffers:   int32_t aac-drc-album-mode = 0
04-25 08:10:59.365 17938 18004 D CCodecBuffers:   int32_t aac-drc-boost-level = 127
04-25 08:10:59.365 17938 18004 D CCodecBuffers:   int32_t aac-drc-cut-level = 127
04-25 08:10:59.365 17938 18004 D CCodecBuffers:   int32_t aac-drc-effect-type = 3
04-25 08:10:59.365 17938 18004 D CCodecBuffers:   int32_t aac-drc-heavy-compression = 1
04-25 08:10:59.365 17938 18004 D CCodecBuffers:   int32_t aac-drc-output-loudness = -1
04-25 08:10:59.365 17938 18004 D CCodecBuffers:   int32_t aac-encoded-target-level = -1
04-25 08:10:59.365 17938 18004 D CCodecBuffers:   int32_t aac-max-output-channel_count = 8
04-25 08:10:59.365 17938 18004 D CCodecBuffers:   int32_t aac-target-ref-level = 64
04-25 08:10:59.365 17938 18004 D CCodecBuffers:   int32_t channel-count = 2
04-25 08:10:59.365 17938 18004 D CCodecBuffers:   string mime = "audio/raw"
04-25 08:10:59.365 17938 18004 D CCodecBuffers:   int32_t sample-rate = 44100
04-25 08:10:59.365 17938 18004 D CCodecBuffers: }
04-25 08:10:59.365 17938 17983 D ACodec  : [OMX.MTK.VIDEO.DECODER.AVC] Now Executing
04-25 08:10:59.366  1175 17999 I MtkOmxVdecExV4L2: [0xdbc831c0] - Wait CCSQ and MDPQ flush done, mResChgMDPBackDoneSem 0, (MDPBufRecodeQ.size 0, CCSQ.size 0)
04-25 08:10:59.366  1175 17999 I MtkOmxVdecExV4L2: [0xdbc831c0] [Info] set stride x sliceHeight = 540 x 960
04-25 08:10:59.366  1175 17999 I MtkOmxVdecExV4L2: [0xdbc831c0] MtkOmxVdec::handleResolutionChange update port definition
04-25 08:10:59.366  1175  5108 I MtkOmxVdecExV4L2: [0xdbc831c0] [SetColorFormat_MTKYUV] mAlwaysColorConvertWithNW -> HAL_PIXEL_FORMAT_NV12
04-25 08:10:59.366  1175  5108 I MtkOmxVdecExV4L2: [0xdbc831c0] --- GetOutputPortDefinition --- (540 960 544 960 24 783360 0x7f000001), pPortDef (540 960 544 960 24 12 0x1000)
04-25 08:10:59.367  1175  5108 I MtkOmxVdecExV4L2: [0xdbc831c0] [SetColorFormat_MTKYUV] mAlwaysColorConvertWithNW -> HAL_PIXEL_FORMAT_NV12
04-25 08:10:59.367  1175  5108 I MtkOmxVdecExV4L2: [0xdbc831c0] --- GetOutputPortDefinition --- (540 960 544 960 24 783360 0x7f000001), pPortDef (540 960 544 960 24 12 0x1000)
04-25 08:10:59.367 17938 17996 D ACodec  : [OMX.MTK.VIDEO.DECODER.AVC] output format is AMessage(what = 0x00000000) = {
04-25 08:10:59.367 17938 17996 D ACodec  :   int32_t color-range = 2
04-25 08:10:59.367 17938 17996 D ACodec  :   int32_t color-standard = 1
04-25 08:10:59.367 17938 17996 D ACodec  :   int32_t color-transfer = 3
04-25 08:10:59.367 17938 17996 D ACodec  :   string mime = "video/raw"
04-25 08:10:59.367 17938 17996 D ACodec  :   int32_t stride = 544
04-25 08:10:59.367 17938 17996 D ACodec  :   int32_t slice-height = 960
04-25 08:10:59.367 17938 17996 D ACodec  :   int32_t color-format = 4096
04-25 08:10:59.367 17938 17996 D ACodec  :   Rect crop(0, 0, 539, 959)
04-25 08:10:59.367 17938 17996 D ACodec  :   int32_t android._dataspace = 260
04-25 08:10:59.367 17938 17996 D ACodec  :   Buffer hdr-static-info = {
04-25 08:10:59.367 17938 17996 D ACodec  :     00000000:  00 00 00 00 00 00 00 00  00 00 00 00 00 00 00 00  ................
04-25 08:10:59.367 17938 17996 D ACodec  :     00000010:  00 00 00 00 00 00 00 00  00                       .........
04-25 08:10:59.367 17938 17996 D ACodec  :   }
04-25 08:10:59.367 17938 17996 D ACodec  :   int32_t width = 540
04-25 08:10:59.367 17938 17996 D ACodec  :   int32_t height = 960
04-25 08:10:59.367 17938 17996 D ACodec  : }
04-25 08:10:59.368  1175 17998 I MtkOmxVdecExV4L2: [0xdbc831c0] + Wait FB flush done, wait mFlushFrameBufferDoneSem, mDecoderInitCompleteFlag(1), queuedFrameBufferCount(0), mFlushFBInProcess(1), mFlushInConvertProcess(0), mResChgInConvertProcess(1)
04-25 08:10:59.368  1175 17998 I MtkOmxVdecExV4L2: [0xdbc831c0] - Wait FB flush done, mFlushFrameBufferDoneSem 0
04-25 08:10:59.368  1175 17998 I MtkOmxVdecExV4L2: [0xdbc831c0] + Wait MDPQ flush done, wait mFlushMDPBackDoneSem, mDecoderInitCompleteFlag(1), queuedMDPCount(0), mFlushFBInProcess(1), mFlushInConvertProcess(0), mResChgInConvertProcess(1)
04-25 08:10:59.368  1175 18000 I MtkOmxVdecExV4L2: [0xdbc831c0] [MTK_OMX_FLUSH_CONVERT] mFlushFBInProcess 1, mFlushInConvertProcess 0, mResChgInConvertProcess 1
04-25 08:10:59.368  1175 18000 I MtkOmxVdecExV4L2: [0xdbc831c0] mFlushInConvertProcess 1
04-25 08:10:59.368  1175 18001 I MtkOmxVdecExV4L2: [0xdbc831c0] [MtkOmxVdecConvertP2Thread] SIGNAL mResChgMDPBackDoneSem 1
04-25 08:10:59.368  1175 18001 I MtkOmxVdecExV4L2: [0xdbc831c0] [MtkOmxVdecConvertP2Thread] SIGNAL mFlushMDPBackDoneSem 1
04-25 08:10:59.368  1175 17998 I MtkOmxVdecExV4L2: [0xdbc831c0] - Wait MDPQ flush done, mFlushMDPBackDoneSem 0
04-25 08:10:59.368  1175 17998 I MtkOmxVdecExV4L2: [0xdbc831c0] --- FTBQ: mNumPendingOutput 4; mFillThisBufQ.size() 2,  CCDst: 2, CCSrc: 0, MDPBufRecodeQ: 0
04-25 08:10:59.368  1175 17998 I MtkOmxVdecExV4L2: [0xdbc831c0] -FlushOutputPort -> mNumPendingOutput(0)
04-25 08:10:59.368 17938 18015 D ReflectedParamUpdater: extent() != 1 for single value type: algo.buffers.pool-ids.values
04-25 08:10:59.369  1175  8579 I MtkOmxVdecExV4L2: [0xdbc831c0] MtkOmxVdec::FreeBuffer all output buffers have been freed!!! signal mOutPortFreeDoneSem(1)
04-25 08:10:59.369  1175 17998 I MtkOmxVdecExV4L2: [0xdbc831c0] [Info] set stride x sliceHeight = 540 x 960
04-25 08:10:59.369  1175 17998 I MtkOmxVdecExV4L2: [0xdbc831c0] MtkOmxVdec::HandlePortDisable update port definition
04-25 08:10:59.369  1175  5108 I MtkOmxVdecExV4L2: [0xdbc831c0] [SetColorFormat_MTKYUV] mAlwaysColorConvertWithNW -> HAL_PIXEL_FORMAT_NV12
04-25 08:10:59.369  1175  5108 I MtkOmxVdecExV4L2: [0xdbc831c0] --- GetOutputPortDefinition --- (540 960 544 960 24 783360 0x7f000001), pPortDef (540 960 544 960 24 12 0x1000)
04-25 08:10:59.369 17938 18015 I CCodecConfig: query failed after returning 19 values (BAD_INDEX)
04-25 08:10:59.369 17938 18015 D CCodecConfig: c2 config diff is Dict {
04-25 08:10:59.369 17938 18015 D CCodecConfig:   c2::u32 coded.aac-packaging.value = 0
04-25 08:10:59.369 17938 18015 D CCodecConfig:   c2::u32 coded.bitrate.value = 64000
04-25 08:10:59.369 17938 18015 D CCodecConfig:   c2::u32 coded.pl.level = 0
04-25 08:10:59.369 17938 18015 D CCodecConfig:   c2::u32 coded.pl.profile = 8192
04-25 08:10:59.369 17938 18015 D CCodecConfig:   c2::i32 coding.drc.album-mode.value = 0
04-25 08:10:59.369 17938 18015 D CCodecConfig:   c2::float coding.drc.attenuation-factor.value = 1
04-25 08:10:59.369 17938 18015 D CCodecConfig:   c2::float coding.drc.boost-factor.value = 1
04-25 08:10:59.369 17938 18015 D CCodecConfig:   c2::i32 coding.drc.compression-mode.value = 3
04-25 08:10:59.369 17938 18015 D CCodecConfig:   c2::i32 coding.drc.effect-type.value = 3
04-25 08:10:59.369 17938 18015 D CCodecConfig:   c2::float coding.drc.encoded-level.value = 0.25
04-25 08:10:59.369 17938 18015 D CCodecConfig:   c2::float coding.drc.reference-level.value = -16
04-25 08:10:59.369 17938 18015 D CCodecConfig:   c2::u32 input.buffers.max-size.value = 8192
04-25 08:10:59.369 17938 18015 D CCodecConfig:   c2::u32 input.delay.value = 0
04-25 08:10:59.369 17938 18015 D CCodecConfig:   string input.media-type.value = "audio/mp4a-latm"
04-25 08:10:59.369 17938 18015 D CCodecConfig:   c2::u32 output.delay.value = 2
04-25 08:10:59.369 17938 18015 D CCodecConfig:   c2::float output.drc.output-loudness.value = 0.25
04-25 08:10:59.369 17938 18015 D CCodecConfig:   string output.media-type.value = "audio/raw"
04-25 08:10:59.369 17938 18015 D CCodecConfig:   c2::u32 raw.channel-count.value = 1
04-25 08:10:59.369 17938 18015 D CCodecConfig:   c2::u32 raw.max-channel-count.value = 8
04-25 08:10:59.369 17938 18015 D CCodecConfig:   c2::u32 raw.sample-rate.value = 44100
04-25 08:10:59.369 17938 18015 D CCodecConfig: }
04-25 08:10:59.370 17938 18015 D CCodec  : [c2.android.aac.decoder] buffers are bound to CCodec for this session
04-25 08:10:59.370 17938 18015 D CCodecConfig: no c2 equivalents for flags
04-25 08:10:59.370  1175  5108 I MtkOmxVdecExV4L2: [0xdbc831c0] [SetColorFormat_MTKYUV] mAlwaysColorConvertWithNW -> HAL_PIXEL_FORMAT_NV12
04-25 08:10:59.370  1175  5108 I MtkOmxVdecExV4L2: [0xdbc831c0] --- GetOutputPortDefinition --- (540 960 544 960 24 783360 0x7f000001), pPortDef (540 960 544 960 24 12 0x1000)
04-25 08:10:59.370 17938 18015 D CCodecConfig: config failed => CORRUPTED
04-25 08:10:59.370  1175  5108 E MtkOmxVdecExV4L2: [0xdbc831c0] Ignore SP AndroidNativeBufferConsumerUsage in mState:(3)
04-25 08:10:59.370 17938 17996 D SurfaceUtils: set up nativeWindow 0xb400007c69bbd010 for 540x960, color 0x1000, rotation 0, usage 0x402900
04-25 08:10:59.372  1175 17998 I MtkV4L2Device: [0xdbc8341c] [Info] yuv format: V4L2_PIX_FMT_MT21S, num_planes:1
04-25 08:10:59.373  1175  8579 W gralloc4: Buffer descriptor with invalid usage bits 0x2000
04-25 08:10:59.373 17938 17983 D OplusACodec: inputbuffer, mSrOsieMMListCheckResult: 0, mIsSrSwitchOn: 0, mIsSrEnable: 0
04-25 08:10:59.374  1175  8579 W gralloc4: Buffer descriptor with invalid usage bits 0x2000
04-25 08:10:59.374  1175  5108 W gralloc4: Buffer descriptor with invalid usage bits 0x2000
04-25 08:10:59.375 17938 17983 D OplusACodec: inputbuffer, mSrOsieMMListCheckResult: 0, mIsSrSwitchOn: 0, mIsSrEnable: 0
04-25 08:10:59.375  1175  5108 W gralloc4: Buffer descriptor with invalid usage bits 0x2000
04-25 08:10:59.376  1175  8579 W gralloc4: Buffer descriptor with invalid usage bits 0x2000
04-25 08:10:59.376   916 12307 V AudioPolicyIntefaceImpl: getOutput()
04-25 08:10:59.376 17938 17983 D OplusACodec: inputbuffer, mSrOsieMMListCheckResult: 0, mIsSrSwitchOn: 0, mIsSrEnable: 0
04-25 08:10:59.376  1175  8579 W gralloc4: Buffer descriptor with invalid usage bits 0x2000
04-25 08:10:59.376 17938 18015 D CCodecConfig: c2 config diff is   c2::u32 raw.channel-count.value = 2
04-25 08:10:59.377   916 12307 V AudioPolicyIntefaceImpl: getOutput()
04-25 08:10:59.377  1175  8579 W gralloc4: Buffer descriptor with invalid usage bits 0x2000
04-25 08:10:59.377   916 10358 V AudioPolicyIntefaceImpl: getOutput()
04-25 08:10:59.378 17938 18015 W Codec2Client: query -- param skipped: index = 1107298332.
04-25 08:10:59.378 17938 18015 D CCodec  : client requested max input size 332, which is smaller than what component recommended (8192); overriding with component recommendation.
04-25 08:10:59.378 17938 18015 W CCodec  : This behavior is subject to change. It is recommended that app developers double check whether the requested max input size is in reasonable range.
04-25 08:10:59.378 17938 18015 D CCodec  : setup formats input: AMessage(what = 0x00000000) = {
04-25 08:10:59.378 17938 18015 D CCodec  :   int32_t aac-drc-album-mode = 0
04-25 08:10:59.378 17938 18015 D CCodec  :   int32_t aac-drc-boost-level = 127
04-25 08:10:59.378 17938 18015 D CCodec  :   int32_t aac-drc-cut-level = 127
04-25 08:10:59.378 17938 18015 D CCodec  :   int32_t aac-drc-effect-type = 3
04-25 08:10:59.378 17938 18015 D CCodec  :   int32_t aac-drc-heavy-compression = 3
04-25 08:10:59.378 17938 18015 D CCodec  :   int32_t aac-encoded-target-level = -1
04-25 08:10:59.378 17938 18015 D CCodec  :   int32_t aac-max-output-channel_count = 8
04-25 08:10:59.378 17938 18015 D CCodec  :   int32_t aac-target-ref-level = 64
04-25 08:10:59.378 17938 18015 D CCodec  :   int32_t channel-count = 2
04-25 08:10:59.378 17938 18015 D CCodec  :   int32_t level = 0
04-25 08:10:59.378 17938 18015 D CCodec  :   int32_t max-input-size = 8192
04-25 08:10:59.378 17938 18015 D CCodec  :   string mime = "audio/mp4a-latm"
04-25 08:10:59.378 17938 18015 D CCodec  :   int32_t profile = 2
04-25 08:10:59.378 17938 18015 D CCodec  :   int32_t sample-rate = 44100
04-25 08:10:59.378 17938 18015 D CCodec  : } and output: AMessage(what = 0x00000000) = {
04-25 08:10:59.378 17938 18015 D CCodec  :   int32_t aac-drc-album-mode = 0
04-25 08:10:59.378 17938 18015 D CCodec  :   int32_t aac-drc-boost-level = 127
04-25 08:10:59.378 17938 18015 D CCodec  :   int32_t aac-drc-cut-level = 127
04-25 08:10:59.378 17938 18015 D CCodec  :   int32_t aac-drc-effect-type = 3
04-25 08:10:59.378 17938 18015 D CCodec  :   int32_t aac-drc-heavy-compression = 3
04-25 08:10:59.378 17938 18015 D CCodec  :   int32_t aac-drc-output-loudness = -1
04-25 08:10:59.378 17938 18015 D CCodec  :   int32_t aac-encoded-target-level = -1
04-25 08:10:59.378 17938 18015 D CCodec  :   int32_t aac-max-output-channel_count = 8
04-25 08:10:59.378 17938 18015 D CCodec  :   int32_t aac-target-ref-level = 64
04-25 08:10:59.378 17938 18015 D CCodec  :   int32_t channel-count = 2
04-25 08:10:59.378 17938 18015 D CCodec  :   string mime = "audio/raw"
04-25 08:10:59.378 17938 18015 D CCodec  :   int32_t sample-rate = 44100
04-25 08:10:59.378 17938 18015 D CCodec  : }
04-25 08:10:59.378 17938 17966 D AudioTrack: INSP: type=audio,case=1,set=0xb400007cdab2e400,stream_type=-1,sample_rate=44100,format=0x1,channel_mask=0x3,frame_count=11025,flags=0x0,notification_frames=0,session_id=13505,transfer_type=3,uid=-1,pid=-1
04-25 08:10:59.378 17938 17966 D AudioTrack: INSP: type=audio,case=1,attributes=1,content_type=0,usage=1,source=-1,flags=0xa00
04-25 08:10:59.378 17938 18015 W Codec2Client: query -- param skipped: index = 1342179345.
04-25 08:10:59.378 17938 18015 W Codec2Client: query -- param skipped: index = 2415921170.
04-25 08:10:59.378 17938 18015 W Codec2Client: query -- param skipped: index = 1610614798.
04-25 08:10:59.378 17938 17966 D erse.mojcompos: set() ro.oplus.audio.effect.type = dirac
