04-25 08:10:59.479   878 15991 D AudioALSAHardwareResourceManager: +startOutputDevice(), new_devices = 0x2, mOutputDevices = 0x0, mStartOutputDevicesCount = 0 SampleRate = 48000
04-25 08:10:59.479   878 15991 D AudioSmartPaController: +dspOnBoardSpeakerOn(), SampleRate: 48000, MD_type: 0, isI2sInEchoRefEn: 0
04-25 08:10:59.479   878 15991 E AudioSmartPaController: Error: MUSIC_48000 invalid value, ret = -22
04-25 08:10:59.479   878 15991 D AudioDspStreamManager: +startDevice() Devices 0x2 mOutputDeviceCount 0x0
04-25 08:10:59.479   878 15991 D AudioDspStreamManager: dataPassToCodec output_devices = 0x2 mAudioOutputFlags = 8 devicecount = 1 ret = 1
04-25 08:10:59.479   878 15991 D AudioDspStreamManager: dataPasstoDspAfe output_devices = 0x2 Flags = 8 isUseAdspPlaybackTask = 1 ret = 1
04-25 08:10:59.479   878 15991 D AudioDspStreamManager: needStartPlaybackTask mDspTaskPlaybackActive = 0 dspstartflag = 1
04-25 08:10:59.479   878 15991 D AudioDspStreamManager: +startPlaybackTask
04-25 08:10:59.480   878 15991 D AudioDspStreamManager: startTasks_l() mDspStreamState = DSP_STREAM_START
04-25 08:10:59.480   878 15991 D AudioDspStreamManager: dataPasstoA2DPTask return false outputdevice = 0x2 playbckType = 10
04-25 08:10:59.480   878 15991 D AudioDspStreamManager: needStartA2dpTask mDspA2DPStreamState = 0 mDspTaskA2DPActive[0] dspstartflag[0]
04-25 08:10:59.480   878 15991 D AudioALSAHardwareResourceManager: notifyOutputDeviceStatusChange(), device = 2, status = 0, sampleRate = 48000, mOpenSpeakerPathCount = 1
04-25 08:10:59.480   878 15991 D AudioALSAStreamManager: speakerStatusChangeCb(), status = 0, sampleRate = 48000
04-25 08:10:59.480   878 15991 D AudioALSAVoiceWakeUpController: setSpeakerSampleRate(), sampleRate = 48000
04-25 08:10:59.480   878 15991 D AudioALSAVoiceWakeUpController: updateSpeakerPlaybackStatus(), isSpeakerPlaying = 1
04-25 08:10:59.480   878 15991 D AudioALSAStreamOut: openWavDump(), mDumpFile is NULL
04-25 08:10:59.480   878 15991 D AudioALSAPlaybackHandlerDsp: setScreenState, flag 8, 0.000000, mode = 1 , buffer_size = 16384, channel 2, format4 reduceInterruptSize = 1024
04-25 08:10:59.480 17938 17996 D OplusACodec: inputbuffer, mSrOsieMMListCheckResult: 0, mIsSrSwitchOn: 0, mIsSrEnable: 0
04-25 08:10:59.480 17938 17996 D OplusACodec: inputbuffer, mSrOsieMMListCheckResult: 0, mIsSrSwitchOn: 0, mIsSrEnable: 0
04-25 08:10:59.480   878 15991 E AudioALSAPlaybackHandlerBase: -getHardwareBufferInfo(), pcm_get_htimestamp fail, ret = -1, pcm_get_error =  flag = 0x8
04-25 08:10:59.481   916  1522 D AudioFlinger_Threads: 0xb40000752b80d900:threadLoop_write write data to hw, mixerStatus 2, muted count 71
04-25 08:10:59.481   916  1522 D OplusAudioDetectionManager: checkTrackBuffer1() track 0xb40000752636ca00 get INFO from NEW, channelCount 2, pid 17938
04-25 08:10:59.481   916  1522 D OplusAudioDetectionImpl: initFromProperty()  0xb400007536f8d800, sLogdumpEnable 0, sPcmdumpEnable 0, sAdSwitch 0, checkpop 0, checkzd 0
04-25 08:10:59.481   916  1522 D OplusAudioDetectionManager: checkTrackBuffer1() track 0xb400007534443000 get INFO from NEW, channelCount 2, pid 17938
04-25 08:10:59.481   916  1522 D OplusAudioDetectionImpl: initFromProperty()  0xb400007536f8d700, sLogdumpEnable 0, sPcmdumpEnable 0, sAdSwitch 0, checkpop 0, checkzd 0
04-25 08:10:59.481  1554  6959 I system_server: oneway function results will be dropped but finished with status OK and parcel size 4
04-25 08:10:59.482 17938 17966 D AudioTrack: getTimestamp_l(3565): device stall time corrected using current time 126763019540863
04-25 08:10:59.482 17938 17983 D OplusACodec: inputbuffer, mSrOsieMMListCheckResult: 0, mIsSrSwitchOn: 0, mIsSrEnable: 0
04-25 08:10:59.483 17938 18027 D MetadataUtil: Skipped unknown metadata entry: ������
04-25 08:10:59.483 17938 18027 D MetadataUtil: Skipped unknown metadata entry: ������
04-25 08:10:59.483 17938 18027 D MetadataUtil: Skipped unknown metadata entry: ������
04-25 08:10:59.483 17938 18027 D MetadataUtil: Skipped unknown metadata entry: ������
04-25 08:10:59.486  1175 18000 I MtkOmxVdecExV4L2: [0xdbc831c0] ConvertFrame create job: 182584, fence: 55, LINE: 9946
04-25 08:10:59.488 17938 17986 D AudioTrack: getTimestamp_l(3566): device stall time corrected using current time 126763025434709
04-25 08:10:59.488 17938 17996 D OplusACodec: inputbuffer, mSrOsieMMListCheckResult: 0, mIsSrSwitchOn: 0, mIsSrEnable: 0
04-25 08:10:59.490  1175 17997 D MDP     : DpAsyncBlitStream: video id: 0, pJob->config.videoID: 0
04-25 08:10:59.491  1175 18000 I MtkOmxVdecExV4L2: [0xdbc831c0] ConvertFrame create job: 182585, fence: 55, LINE: 9946
04-25 08:10:59.493 17938 17983 D OplusACodec: inputbuffer, mSrOsieMMListCheckResult: 0, mIsSrSwitchOn: 0, mIsSrEnable: 0
04-25 08:10:59.493 17938 17983 D OplusACodec: inputbuffer, mSrOsieMMListCheckResult: 0, mIsSrSwitchOn: 0, mIsSrEnable: 0
04-25 08:10:59.494  1175 17997 D MDP     : DpAsyncBlitStream: video id: 0, pJob->config.videoID: 0
04-25 08:10:59.498 17938 17938 I TetheringManager: registerTetheringEventCallback:coding.universe.mojcompose
04-25 08:10:59.498 17938 17996 D OplusACodec: inputbuffer, mSrOsieMMListCheckResult: 0, mIsSrSwitchOn: 0, mIsSrEnable: 0
04-25 08:10:59.499 17938 17996 D OplusACodec: inputbuffer, mSrOsieMMListCheckResult: 0, mIsSrSwitchOn: 0, mIsSrEnable: 0
04-25 08:10:59.499 17938 17938 D CompatibilityChangeReporter: Compat change id reported: 147600208; UID 10512; state: ENABLED
04-25 08:10:59.503 17938 17983 D OplusACodec: inputbuffer, mSrOsieMMListCheckResult: 0, mIsSrSwitchOn: 0, mIsSrEnable: 0
04-25 08:10:59.503 17938 17983 D OplusACodec: inputbuffer, mSrOsieMMListCheckResult: 0, mIsSrSwitchOn: 0, mIsSrEnable: 0
04-25 08:10:59.504   935   935 E OplusExLayer: using cid as pid, cid=17938, name=Background for -SurfaceView - coding.universe.mojcompose/coding.universe.mojcompose.MainActivity#0
04-25 08:10:59.504   935   935 E OplusExLayer: using cid as pid, cid=17938, name=Background for -SurfaceView - coding.universe.mojcompose/coding.universe.mojcompose.MainActivity#1
04-25 08:10:59.508 17938 17986 W AudioTrack: getTimestamp_l(3566): retrograde timestamp time corrected, 126763020482709 < 126763035554324
04-25 08:10:59.509 17938 17996 D OplusACodec: inputbuffer, mSrOsieMMListCheckResult: 0, mIsSrSwitchOn: 0, mIsSrEnable: 0
04-25 08:10:59.509 17938 17996 D OplusACodec: inputbuffer, mSrOsieMMListCheckResult: 0, mIsSrSwitchOn: 0, mIsSrEnable: 0
04-25 08:10:59.512 17938 17966 W AudioTrack: getTimestamp_l(3565): retrograde timestamp time corrected, 126763020482709 < 126763029778324
04-25 08:10:59.518 17938 17996 D OplusACodec: inputbuffer, mSrOsieMMListCheckResult: 0, mIsSrSwitchOn: 0, mIsSrEnable: 0
04-25 08:10:59.518 17938 17996 I chatty  : uid=10512(coding.universe.mojcompose) CodecLooper identical 1 line
04-25 08:10:59.519 17938 17996 D OplusACodec: inputbuffer, mSrOsieMMListCheckResult: 0, mIsSrSwitchOn: 0, mIsSrEnable: 0
04-25 08:10:59.526  1554  6959 D InputMethodManagerService: isSecurity: attribute.packageName=coding.universe.mojcompose mCurMethodId=com.google.android.inputmethod.latin/com.android.inputmethod.latin.LatinIME
04-25 08:10:59.526  1554  6959 D InputMethodManagerService: isSecurity= false (  enable=false needShow=false inBlackList=false isExist=false )
04-25 08:10:59.527  1554  6959 D VerificationCodeController: notifyImeAttributeChanged: 64false
04-25 08:10:59.529  7683  7683 I InputTransport: Create ARC handle: 0xb400007c754305a0
04-25 08:10:59.530   935  1000 D DispPerfService: get hint proc=Surface(name=31d900f InputMethod), idx=1 none
04-25 08:10:59.532  7683  7683 I GoogleInputMethodService: GoogleInputMethodService.onFinishInput():3301
04-25 08:10:59.532  7683  7683 I GoogleInputMethodService: GoogleInputMethodService.onStartInput():1979
04-25 08:10:59.532  7683  7683 I DeviceUnlockedTag: DeviceUnlockedTag.notifyDeviceLockStatusChanged():79 Notify device unlocked.
04-25 08:10:59.550   935  1476 D DispPerfService: onframeavailable pid=17938, slot=11, seq=37799, name=coding.universe.mojcompose:SurfaceView - coding.universe.mojcompose/coding.universe.mojcompose.MainActivity#1
04-25 08:10:59.550   935  1079 I mali_config: @get_buffer_dataspace_setting: update dataspace (0x10020000 -> 0x10010000)
04-25 08:10:59.552 17938 17996 W gralloc4: Buffer descriptor with invalid usage bits 0x2000
04-25 08:10:59.552  1175  5108 W gralloc4: Buffer descriptor with invalid usage bits 0x2000
04-25 08:10:59.553   935  1079 I mali_config: @get_buffer_dataspace_setting: update dataspace (0x10020000 -> 0x10010000)
04-25 08:10:59.553  1175 18000 I MtkOmxVdecExV4L2: [0xdbc831c0] ConvertFrame create job: 182586, fence: 55, LINE: 9946
04-25 08:10:59.554 17938 17996 W gralloc4: Buffer descriptor with invalid usage bits 0x2000
04-25 08:10:59.554  1175  5108 W gralloc4: Buffer descriptor with invalid usage bits 0x2000
04-25 08:10:59.555  1175 18000 I MtkOmxVdecExV4L2: [0xdbc831c0] ConvertFrame create job: 182587, fence: 203, LINE: 9946
04-25 08:10:59.556  1175 17997 D MDP     : DpAsyncBlitStream: video id: 0, pJob->config.videoID: 0
04-25 08:10:59.557   887   986 I hwcomposer: [DBQ] (q2:0xb400007615081000) Buffer queue is created with size(3), m_id(10382)
04-25 08:10:59.557   887   986 I hwcomposer: [DBQ] (q2:0xb400007615081000) Reallocate Slot(0), pool(0 -> -607637056) size(0 -> 5184000)
04-25 08:10:59.558   887   986 I hwcomposer: [DBQ] (q2:0xb400007615081000) Alloc Slot(0), handle=0xb400007615048480 c=0 w=1080 h=2400 p=1088 ys=1088 vs=2400 f=268
04-25 08:10:59.559   887  1103 D MDP     : DpAsyncBlit: in: job (2402143 108) (544, 960, 544, 544, C12, P1), sec0, flush 0 Buffer 1201071: plane=2 bufVA={0x6d,0x6d,0x0} bufMVA={0x0,0x0,0x0} bufSize={0x7f800,0x3fc00,0x0} proxy={0xb4000076150f7b00,0x0,0x0}fence=-1
04-25 08:10:59.559   887  1103 D MDP     : DpAsyncBlit: out0: (540, 1182, 2176, 0, C5, P1), misc: (X:0, Y:0, R:0, F:0, S:0, A:0, D:0), sec0, flush 0 Buffer 1201071: plane=1 bufVA={0x7c,0x0,0x0} bufMVA={0x0,0x0,0x0} bufSize={0x4fb000,0x0,0x0} proxy={0xb4000076150f77c0,0x0,0x0}fence=-1
04-25 08:10:59.559   887  1103 D MDP     : DpAsyncBlit: crop0: (270, 430, 242, 530, 0, 0, 0, 0)
04-25 08:10:59.560   935  1079 I mali_config: @get_buffer_dataspace_setting: update dataspace (0x10020000 -> 0x10010000)
04-25 08:10:59.561 17938 17996 W gralloc4: Buffer descriptor with invalid usage bits 0x2000
04-25 08:10:59.561  1175  5108 W gralloc4: Buffer descriptor with invalid usage bits 0x2000
04-25 08:10:59.562  1175 17997 D MDP     : DpAsyncBlitStream: video id: 0, pJob->config.videoID: 0
04-25 08:10:59.563  1175 18000 I MtkOmxVdecExV4L2: [0xdbc831c0] ConvertFrame create job: 182588, fence: 55, LINE: 9946
04-25 08:10:59.564  1175 18000 I MtkOmxVdecExV4L2: [0xdbc831c0] ConvertFrame create job: 182589, fence: 202, LINE: 9946
04-25 08:10:59.565   935  1476 D DispPerfService: onframeavailable pid=17938, slot=10, seq=37797, name=coding.universe.mojcompose:SurfaceView - coding.universe.mojcompose/coding.universe.mojcompose.MainActivity#0
04-25 08:10:59.565   935  1079 I mali_config: @get_buffer_dataspace_setting: update dataspace (0x10020000 -> 0x10010000)
04-25 08:10:59.565 17938 17983 W gralloc4: Buffer descriptor with invalid usage bits 0x2000
04-25 08:10:59.566  1175  5108 W gralloc4: Buffer descriptor with invalid usage bits 0x2000
04-25 08:10:59.566  1175 17988 W MtkOmxVdecDebug: [0xe8d10480] === BufQWDT=== FTB too slow: 138673us
04-25 08:10:59.566  1175 17988 I MtkOmxVdecDebug: [0xe8d10480] --- ETBQ: mNumPendingInput 8; mEmptyThisBufQ.size() 0
04-25 08:10:59.566  1175 17988 I MtkOmxVdecDebug: [0xe8d10480] --- FTBQ: mNumPendingOutput 13; mFillThisBufQ.size() 0,  CCDst: 0, CCSrc: 6
04-25 08:10:59.566  1175 17988 I MtkOmxVdecDebug: [0xe8d10480] [15] - pCCSrcBuffHead(0xEF92EE90)
04-25 08:10:59.566  1175 17988 I MtkOmxVdecDebug: [0xe8d10480] [13] - pCCSrcBuffHead(0xEF92ECD0)
04-25 08:10:59.566  1175 17988 I MtkOmxVdecDebug: [0xe8d10480] [16] - pCCSrcBuffHead(0xEF92ED40)
04-25 08:10:59.566  1175 17988 I MtkOmxVdecDebug: [0xe8d10480] [9] - pCCSrcBuffHead(0xEF92EC60)
04-25 08:10:59.566  1175 17988 I MtkOmxVdecDebug: [0xe8d10480] [10] - pCCSrcBuffHead(0xEDD91460)
04-25 08:10:59.566  1175 17988 I MtkOmxVdecDebug: [0xe8d10480] [8] - pCCSrcBuffHead(0xEF92EBF0)
04-25 08:10:59.566  1175 17988 I MtkOmxVdecDebug: [0xe8d10480] --- queuedFBCount 7; queuedBSCount 8
04-25 08:10:59.566   887  1104 D MDP     : DpAsyncBlitStream: video id: 5, pJob->config.videoID: 5
04-25 08:10:59.566   935  1079 I mali_config: @get_buffer_dataspace_setting: update dataspace (0x10020000 -> 0x10010000)
04-25 08:10:59.567  1175 17990 I MtkOmxVdecExV4L2: [0xe8d10480] ConvertFrame create job: 182590, fence: 228, LINE: 9946
04-25 08:10:59.567  1175 17997 D MDP     : DpAsyncBlitStream: video id: 0, pJob->config.videoID: 0
04-25 08:10:59.568 17938 17983 W gralloc4: Buffer descriptor with invalid usage bits 0x2000
04-25 08:10:59.569  1175  5108 W gralloc4: Buffer descriptor with invalid usage bits 0x2000
04-25 08:10:59.569   935  1079 I mali_config: @get_buffer_dataspace_setting: update dataspace (0x10020000 -> 0x10010000)
04-25 08:10:59.569  1175 17997 D MDP     : DpAsyncBlitStream: video id: 0, pJob->config.videoID: 0
04-25 08:10:59.570  1175 17990 I MtkOmxVdecExV4L2: [0xe8d10480] ConvertFrame create job: 182591, fence: 55, LINE: 9946
04-25 08:10:59.570 17938 17983 W gralloc4: Buffer descriptor with invalid usage bits 0x2000
04-25 08:10:59.570  1175  5108 W gralloc4: Buffer descriptor with invalid usage bits 0x2000
04-25 08:10:59.570 17938 17996 D OplusACodec: inputbuffer, mSrOsieMMListCheckResult: 0, mIsSrSwitchOn: 0, mIsSrEnable: 0
04-25 08:10:59.571   887   986 I hwcomposer: [HWCLayer] setHwlayerType(), id:10382, release queue sp, type 3 -> 0
04-25 08:10:59.571   887   986 I hwcomposer: [DBQ] (q2:0xb400007615081000) Buffer queue is destroyed, m_id(10382)
04-25 08:10:59.571   887   986 I hwcomposer: [DBQ] (q2:0xb400007615081000) ~DisplayBufferQueue(), m_id(10382), release buf
04-25 08:10:59.571  1175 17985 D MDP     : DpAsyncBlitStream: video id: 0, pJob->config.videoID: 0
04-25 08:10:59.571   887   986 I hwcomposer: [DBQ] (q2:0xb400007615081000) Free Slot(0), handle=0xb400007615048480, 5184000 -> 0
04-25 08:10:59.572  1175 17990 I MtkOmxVdecExV4L2: [0xe8d10480] ConvertFrame create job: 182592, fence: 64, LINE: 9946
04-25 08:10:59.573   887   986 I hwcomposer: [DBQ] (q2:0xb400007615081000) Buffer queue is created with size(3), m_id(10383)
04-25 08:10:59.573   887   986 I hwcomposer: [DBQ] (q2:0xb400007615081000) Reallocate Slot(0), pool(0 -> -388955008) size(0 -> 5184000)
04-25 08:10:59.574  1175 17985 D MDP     : DpAsyncBlitStream: video id: 0, pJob->config.videoID: 0
04-25 08:10:59.575   916  1522 D AudioFlinger_Threads: mixer(0xb40000752b80d900) throttle end: throttle time(55)
04-25 08:10:59.575  7683  7683 V PhoneWindow: DecorView setVisiblity: visibility = 8, Parent = android.view.ViewRootImpl@880ee8d, this = DecorView@5a2b842[InputMethod]
04-25 08:10:59.575   887   986 I hwcomposer: [DBQ] (q2:0xb400007615081000) Alloc Slot(0), handle=0xb4000076150f2080 c=0 w=1080 h=2400 p=1088 ys=1088 vs=2400 f=268
04-25 08:10:59.576   887  1103 D MDP     : DpAsyncBlit: in: job (2402145 138) (544, 960, 544, 544, C12, P1), sec0, flush 0 Buffer 1201072: plane=2 bufVA={0x8b,0x8b,0x0} bufMVA={0x0,0x0,0x0} bufSize={0x7f800,0x3fc00,0x0} proxy={0xb400007581b8e040,0x0,0x0}fence=-1
04-25 08:10:59.576   887  1103 D MDP     : DpAsyncBlit: out0: (544, 1076, 2176, 0, C5, P1), misc: (X:0, Y:0, R:0, F:0, S:0, A:0, D:0), sec0, flush 0 Buffer 1201072: plane=1 bufVA={0x91,0x0,0x0} bufMVA={0x0,0x0,0x0} bufSize={0x4fb000,0x0,0x0} proxy={0xb400007581b8e080,0x0,0x0}fence=-1
04-25 08:10:59.576   887  1103 D MDP     : DpAsyncBlit: crop0: (27, 0, 485, 960, 0, 0, 0, 0)
04-25 08:10:59.580  1175 17985 D MDP     : DpAsyncBlitStream: video id: 0, pJob->config.videoID: 0
04-25 08:10:59.580 17938 17996 D OplusACodec: inputbuffer, mSrOsieMMListCheckResult: 0, mIsSrSwitchOn: 0, mIsSrEnable: 0
04-25 08:10:59.583   887  1104 D MDP     : DpAsyncBlitStream: video id: 6, pJob->config.videoID: 6
04-25 08:10:59.585 17938 17996 D OplusACodec: inputbuffer, mSrOsieMMListCheckResult: 0, mIsSrSwitchOn: 0, mIsSrEnable: 0
04-25 08:10:59.591   935  1079 I mali_config: @get_buffer_dataspace_setting: update dataspace (0x10020000 -> 0x10010000)
04-25 08:10:59.592  1175 18000 I MtkOmxVdecExV4L2: [0xdbc831c0] ConvertFrame create job: 182593, fence: 64, LINE: 9946
04-25 08:10:59.594   887   986 I hwcomposer: [DBQ] (q2:0xb400007615081000) Reallocate Slot(1), pool(0 -> -388955008) size(0 -> 5184000)
04-25 08:10:59.594   887   986 I hwcomposer: [DBQ] (q2:0xb400007615081000) Alloc Slot(1), handle=0xb400007615026d00 c=0 w=1080 h=2400 p=1088 ys=1088 vs=2400 f=268
04-25 08:10:59.595   887  1103 D MDP     : DpAsyncBlit: in: job (2402147 137) (544, 960, 544, 544, C12, P1), sec0, flush 0 Buffer 1201073: plane=2 bufVA={0x8a,0x8a,0x0} bufMVA={0x0,0x0,0x0} bufSize={0x7f800,0x3fc00,0x0} proxy={0xb400007581b8e400,0x0,0x0}fence=-1
04-25 08:10:59.595   887  1103 D MDP     : DpAsyncBlit: out0: (500, 1076, 2176, 0, C5, P1), misc: (X:0, Y:0, R:0, F:0, S:0, A:0, D:0), sec0, flush 0 Buffer 1201073: plane=1 bufVA={0x99,0x0,0x0} bufMVA={0x0,0x0,0x0} bufSize={0x4fb000,0x0,0x0} proxy={0xb400007581b8e4c0,0x0,0x0}fence=-1
04-25 08:10:59.595   887  1103 D MDP     : DpAsyncBlit: crop0: (52, 0, 435, 960, 0, 0, 0, 0)
04-25 08:10:59.595  1175 17997 D MDP     : DpAsyncBlitStream: video id: 0, pJob->config.videoID: 0
04-25 08:10:59.596   935  1079 I mali_config: @get_buffer_dataspace_setting: update dataspace (0x10020000 -> 0x10010000)
04-25 08:10:59.597  1175 17990 I MtkOmxVdecExV4L2: [0xe8d10480] ConvertFrame create job: 182594, fence: 64, LINE: 9946
04-25 08:10:59.599   887  1104 D MDP     : DpAsyncBlitStream: video id: 6, pJob->config.videoID: 6
04-25 08:10:59.601  1175 17985 D MDP     : DpAsyncBlitStream: video id: 0, pJob->config.videoID: 0
04-25 08:10:59.606 17938 17983 D OplusACodec: inputbuffer, mSrOsieMMListCheckResult: 0, mIsSrSwitchOn: 0, mIsSrEnable: 0
04-25 08:10:59.606 17938 17983 D OplusACodec: inputbuffer, mSrOsieMMListCheckResult: 0, mIsSrSwitchOn: 0, mIsSrEnable: 0
04-25 08:10:59.606  1175 17988 W MtkOmxVdecDebug: [0xe8d10480] === BufQWDT=== ETB too slow: 103074us
04-25 08:10:59.606  1175 17988 I MtkOmxVdecDebug: [0xe8d10480] --- ETBQ: mNumPendingInput 5; mEmptyThisBufQ.size() 0
04-25 08:10:59.606 17938 17983 D OplusACodec: inputbuffer, mSrOsieMMListCheckResult: 0, mIsSrSwitchOn: 0, mIsSrEnable: 0
04-25 08:10:59.606  1175 17988 I MtkOmxVdecDebug: [0xe8d10480] --- FTBQ: mNumPendingOutput 13; mFillThisBufQ.size() 0,  CCDst: 0, CCSrc: 5
04-25 08:10:59.606  1175 17988 I MtkOmxVdecDebug: [0xe8d10480] [10] - pCCSrcBuffHead(0xEDD91460)
04-25 08:10:59.606  1175 17988 I MtkOmxVdecDebug: [0xe8d10480] [8] - pCCSrcBuffHead(0xEF92EBF0)
04-25 08:10:59.606  1175 17988 I MtkOmxVdecDebug: [0xe8d10480] [21] - pCCSrcBuffHead(0xEF92F130)
04-25 08:10:59.606  1175 17988 I MtkOmxVdecDebug: [0xe8d10480] [18] - pCCSrcBuffHead(0xEF92EF00)
04-25 08:10:59.606  1175 17988 I MtkOmxVdecDebug: [0xe8d10480] [5] - pCCSrcBuffHead(0xEF92EA30)
04-25 08:10:59.606  1175 17988 I MtkOmxVdecDebug: [0xe8d10480] --- queuedFBCount 8; queuedBSCount 5
04-25 08:10:59.609   887   986 I hwcomposer: [DBQ] (q2:0xb400007615081000) Reallocate Slot(2), pool(0 -> -388955008) size(0 -> 5184000)
04-25 08:10:59.611   887   986 I hwcomposer: [DBQ] (q2:0xb400007615081000) Alloc Slot(2), handle=0xb4000076150f3100 c=0 w=1080 h=2400 p=1088 ys=1088 vs=2400 f=268
04-25 08:10:59.611   887  1103 D MDP     : DpAsyncBlit: in: job (2402149 156) (544, 960, 544, 544, C12, P1), sec0, flush 0 Buffer 1201074: plane=2 bufVA={0x9f,0x9f,0x0} bufMVA={0x0,0x0,0x0} bufSize={0x7f800,0x3fc00,0x0} proxy={0xb4000076150f76c0,0x0,0x0}fence=-1
04-25 08:10:59.611   887  1103 D MDP     : DpAsyncBlit: out0: (544, 1076, 2176, 0, C5, P1), misc: (X:0, Y:0, R:0, F:0, S:0, A:0, D:0), sec0, flush 0 Buffer 1201074: plane=1 bufVA={0xa6,0x0,0x0} bufMVA={0x0,0x0,0x0} bufSize={0x4fb000,0x0,0x0} proxy={0xb4000076150f7880,0x0,0x0}fence=-1
04-25 08:10:59.611   887  1103 D MDP     : DpAsyncBlit: crop0: (28, 0, 483, 960, 0, 0, 0, 0)
04-25 08:10:59.614  5142  5171 E horae   : 0: back:36404,frame:35924,front:36873, 5, +(4962), 1 ,36600,41835,38139,40662
04-25 08:10:59.616 17938 17983 D OplusACodec: inputbuffer, mSrOsieMMListCheckResult: 0, mIsSrSwitchOn: 0, mIsSrEnable: 0
04-25 08:10:59.616   887  1104 D MDP     : DpAsyncBlitStream: video id: 6, pJob->config.videoID: 6
04-25 08:10:59.626   935  1079 I mali_config: @get_buffer_dataspace_setting: update dataspace (0x10020000 -> 0x10010000)
04-25 08:10:59.628  1175 17990 I MtkOmxVdecExV4L2: [0xe8d10480] ConvertFrame create job: 182595, fence: 64, LINE: 9946
04-25 08:10:59.631  1175 17985 D MDP     : DpAsyncBlitStream: video id: 0, pJob->config.videoID: 0
04-25 08:10:59.631   935  1079 I mali_config: @get_buffer_dataspace_setting: update dataspace (0x10020000 -> 0x10010000)
04-25 08:10:59.633  1175 18000 I MtkOmxVdecExV4L2: [0xdbc831c0] ConvertFrame create job: 182596, fence: 64, LINE: 9946
04-25 08:10:59.636  1175 17997 D MDP     : DpAsyncBlitStream: video id: 0, pJob->config.videoID: 0
04-25 08:10:59.636   935   935 D OplusExLayer: ~Layer() sequence=37801, name=Surface(name=2a38f15 Splash Screen coding.universe.mojcompose)/@0x12be6d3 - animation-leash#0
04-25 08:10:59.636   935   935 D OplusExLayer: ~Layer() sequence=37786, name=2a38f15 Splash Screen coding.universe.mojcompose#0
04-25 08:10:59.637  1554  6959 I InputDispatcher: Window went away: Splash Screen coding.universe.mojcompose#0
04-25 08:10:59.638   935   935 I BufferQueueConsumer: [Splash Screen coding.universe.mojcompose#0](id:3a70000202d,api:0,p:-1,c:935) disconnect()
04-25 08:10:59.638   935   935 I BufferQueue: [Splash Screen coding.universe.mojcompose#0](this:0xb400006ff3ae1e58,id:8237,api:2,p:-1,c:-1) onDestructor()
04-25 08:10:59.638   935   935 D OplusExLayer: ~Layer() sequence=37787, name=Splash Screen coding.universe.mojcompose#0
04-25 08:10:59.640 17938 17996 D OplusACodec: inputbuffer, mSrOsieMMListCheckResult: 0, mIsSrSwitchOn: 0, mIsSrEnable: 0
04-25 08:10:59.645   887  1104 D MDP     : DpAsyncBlitStream: video id: 6, pJob->config.videoID: 6
04-25 08:10:59.650 17938 17996 D OplusACodec: inputbuffer, mSrOsieMMListCheckResult: 0, mIsSrSwitchOn: 0, mIsSrEnable: 0
04-25 08:10:59.657  1175 17990 I MtkOmxVdecExV4L2: [0xe8d10480] ConvertFrame create job: 182597, fence: 64, LINE: 9946
04-25 08:10:59.657   935  1079 I mali_config: @get_buffer_dataspace_setting: update dataspace (0x10020000 -> 0x10010000)
04-25 08:10:59.660   935  1079 I mali_config: @get_buffer_dataspace_setting: update dataspace (0x10020000 -> 0x10010000)
04-25 08:10:59.661  1175 17985 D MDP     : DpAsyncBlitStream: video id: 0, pJob->config.videoID: 0
04-25 08:10:59.662  1175 18000 I MtkOmxVdecExV4L2: [0xdbc831c0] ConvertFrame create job: 182598, fence: 64, LINE: 9946
04-25 08:10:59.665  1175 17997 D MDP     : DpAsyncBlitStream: video id: 0, pJob->config.videoID: 0
04-25 08:10:59.666 17938 17983 D OplusACodec: inputbuffer, mSrOsieMMListCheckResult: 0, mIsSrSwitchOn: 0, mIsSrEnable: 0
04-25 08:10:59.676 17938 17983 D OplusACodec: inputbuffer, mSrOsieMMListCheckResult: 0, mIsSrSwitchOn: 0, mIsSrEnable: 0
04-25 08:10:59.678   887  1104 D MDP     : DpAsyncBlitStream: video id: 6, pJob->config.videoID: 6
04-25 08:10:59.691   935  1079 I mali_config: @get_buffer_dataspace_setting: update dataspace (0x10020000 -> 0x10010000)
04-25 08:10:59.692  1175 18000 I MtkOmxVdecExV4L2: [0xdbc831c0] ConvertFrame create job: 182599, fence: 64, LINE: 9946
04-25 08:10:59.695  1175 17997 D MDP     : DpAsyncBlitStream: video id: 0, pJob->config.videoID: 0
04-25 08:10:59.697   935  1079 I mali_config: @get_buffer_dataspace_setting: update dataspace (0x10020000 -> 0x10010000)
04-25 08:10:59.698  1175 17990 I MtkOmxVdecExV4L2: [0xe8d10480] ConvertFrame create job: 182600, fence: 64, LINE: 9946
04-25 08:10:59.701 17938 17996 D OplusACodec: inputbuffer, mSrOsieMMListCheckResult: 0, mIsSrSwitchOn: 0, mIsSrEnable: 0
04-25 08:10:59.701  1175 17985 D MDP     : DpAsyncBlitStream: video id: 0, pJob->config.videoID: 0
04-25 08:10:59.701 17938 17996 D OplusACodec: inputbuffer, mSrOsieMMListCheckResult: 0, mIsSrSwitchOn: 0, mIsSrEnable: 0
04-25 08:10:59.710   887  1104 D MDP     : DpAsyncBlitStream: video id: 6, pJob->config.videoID: 6
04-25 08:10:59.727   935  1079 I mali_config: @get_buffer_dataspace_setting: update dataspace (0x10020000 -> 0x10010000)
04-25 08:10:59.728  1175 17990 I MtkOmxVdecExV4L2: [0xe8d10480] ConvertFrame create job: 182601, fence: 64, LINE: 9946
04-25 08:10:59.731   935  1079 I mali_config: @get_buffer_dataspace_setting: update dataspace (0x10020000 -> 0x10010000)
04-25 08:10:59.731  1175 17985 D MDP     : DpAsyncBlitStream: video id: 0, pJob->config.videoID: 0
04-25 08:10:59.732  1175 18000 I MtkOmxVdecExV4L2: [0xdbc831c0] ConvertFrame create job: 182602, fence: 55, LINE: 9946
04-25 08:10:59.735  1175 17997 D MDP     : DpAsyncBlitStream: video id: 0, pJob->config.videoID: 0
04-25 08:10:59.737 17938 17983 D OplusACodec: inputbuffer, mSrOsieMMListCheckResult: 0, mIsSrSwitchOn: 0, mIsSrEnable: 0
04-25 08:10:59.737 17938 17983 D OplusACodec: inputbuffer, mSrOsieMMListCheckResult: 0, mIsSrSwitchOn: 0, mIsSrEnable: 0
04-25 08:10:59.745   887  1104 D MDP     : DpAsyncBlitStream: video id: 6, pJob->config.videoID: 6
04-25 08:10:59.758   935  1079 I mali_config: @get_buffer_dataspace_setting: update dataspace (0x10020000 -> 0x10010000)
04-25 08:10:59.759  1175 17990 I MtkOmxVdecExV4L2: [0xe8d10480] ConvertFrame create job: 182603, fence: 55, LINE: 9946
04-25 08:10:59.762   935  1079 I mali_config: @get_buffer_dataspace_setting: update dataspace (0x10020000 -> 0x10010000)
04-25 08:10:59.763  1175 18000 I MtkOmxVdecExV4L2: [0xdbc831c0] ConvertFrame create job: 182604, fence: 202, LINE: 9946
04-25 08:10:59.763  1175 17985 D MDP     : DpAsyncBlitStream: video id: 0, pJob->config.videoID: 0
04-25 08:10:59.766  1175 17997 D MDP     : DpAsyncBlitStream: video id: 0, pJob->config.videoID: 0
04-25 08:10:59.773   935  1079 I mali_config: @get_buffer_dataspace_setting: update dataspace (0x10020000 -> 0x10010000)
04-25 08:10:59.774 17938 17996 W gralloc4: Buffer descriptor with invalid usage bits 0x2000
04-25 08:10:59.774  1175  8579 W gralloc4: Buffer descriptor with invalid usage bits 0x2000
04-25 08:10:59.774 17938 17996 D OplusACodec: inputbuffer, mSrOsieMMListCheckResult: 0, mIsSrSwitchOn: 0, mIsSrEnable: 0
04-25 08:10:59.774 17938 17996 D OplusACodec: inputbuffer, mSrOsieMMListCheckResult: 0, mIsSrSwitchOn: 0, mIsSrEnable: 0
04-25 08:10:59.776  1175 18000 I MtkOmxVdecExV4L2: [0xdbc831c0] ConvertFrame create job: 182605, fence: 55, LINE: 9946
04-25 08:10:59.777   887  1104 D MDP     : DpAsyncBlitStream: video id: 6, pJob->config.videoID: 6
04-25 08:10:59.780  1175 17997 D MDP     : DpAsyncBlitStream: video id: 0, pJob->config.videoID: 0
04-25 08:10:59.799  1175 17990 I MtkOmxVdecExV4L2: [0xe8d10480] ConvertFrame create job: 182606, fence: 64, LINE: 9946
04-25 08:10:59.802  1175 17985 D MDP     : DpAsyncBlitStream: video id: 0, pJob->config.videoID: 0
04-25 08:10:59.803  1175 17990 I MtkOmxVdecExV4L2: [0xe8d10480] ConvertFrame create job: 182607, fence: 55, LINE: 9946
04-25 08:10:59.807  1175 17985 D MDP     : DpAsyncBlitStream: video id: 0, pJob->config.videoID: 0
04-25 08:10:59.809 17938 17983 D OplusACodec: inputbuffer, mSrOsieMMListCheckResult: 0, mIsSrSwitchOn: 0, mIsSrEnable: 0
04-25 08:10:59.811   887  1104 D MDP     : DpAsyncBlitStream: video id: 6, pJob->config.videoID: 6
04-25 08:10:59.815  1175 18000 I MtkOmxVdecExV4L2: [0xdbc831c0] ConvertFrame create job: 182608, fence: 64, LINE: 9946
04-25 08:10:59.818  1175 17997 D MDP     : DpAsyncBlitStream: video id: 0, pJob->config.videoID: 0
04-25 08:10:59.819 17938 17983 D OplusACodec: inputbuffer, mSrOsieMMListCheckResult: 0, mIsSrSwitchOn: 0, mIsSrEnable: 0
04-25 08:10:59.819  1175 18000 I MtkOmxVdecExV4L2: [0xdbc831c0] ConvertFrame create job: 182609, fence: 55, LINE: 9946
04-25 08:10:59.822  1175 17997 D MDP     : DpAsyncBlitStream: video id: 0, pJob->config.videoID: 0
04-25 08:10:59.823 17938 17996 D OplusACodec: inputbuffer, mSrOsieMMListCheckResult: 0, mIsSrSwitchOn: 0, mIsSrEnable: 0
04-25 08:10:59.831  1175 17990 I MtkOmxVdecExV4L2: [0xe8d10480] ConvertFrame create job: 182610, fence: 64, LINE: 9946
04-25 08:10:59.834 17938 17996 D OplusACodec: inputbuffer, mSrOsieMMListCheckResult: 0, mIsSrSwitchOn: 0, mIsSrEnable: 0
04-25 08:10:59.834  1175 17985 D MDP     : DpAsyncBlitStream: video id: 0, pJob->config.videoID: 0
04-25 08:10:59.845  1175 18000 I MtkOmxVdecExV4L2: [0xdbc831c0] ConvertFrame create job: 182611, fence: 64, LINE: 9946
04-25 08:10:59.846   887  1104 D MDP     : DpAsyncBlitStream: video id: 6, pJob->config.videoID: 6
04-25 08:10:59.850  1175 17997 D MDP     : DpAsyncBlitStream: video id: 0, pJob->config.videoID: 0
04-25 08:10:59.862  1175 17990 I MtkOmxVdecExV4L2: [0xe8d10480] ConvertFrame create job: 182612, fence: 64, LINE: 9946
04-25 08:10:59.866  1175 17985 D MDP     : DpAsyncBlitStream: video id: 0, pJob->config.videoID: 0
04-25 08:10:59.871 17938 17983 D OplusACodec: inputbuffer, mSrOsieMMListCheckResult: 0, mIsSrSwitchOn: 0, mIsSrEnable: 0
04-25 08:10:59.871 17938 17983 D OplusACodec: inputbuffer, mSrOsieMMListCheckResult: 0, mIsSrSwitchOn: 0, mIsSrEnable: 0
04-25 08:10:59.875  1175 18000 I MtkOmxVdecExV4L2: [0xdbc831c0] ConvertFrame create job: 182613, fence: 64, LINE: 9946
04-25 08:10:59.877   887  1104 D MDP     : DpAsyncBlitStream: video id: 6, pJob->config.videoID: 6
04-25 08:10:59.879  1175 17997 D MDP     : DpAsyncBlitStream: video id: 0, pJob->config.videoID: 0
04-25 08:10:59.883  1175 17990 I MtkOmxVdecExV4L2: [0xe8d10480] ConvertFrame create job: 182614, fence: 55, LINE: 9946
04-25 08:10:59.883 17938 17996 D OplusACodec: inputbuffer, mSrOsieMMListCheckResult: 0, mIsSrSwitchOn: 0, mIsSrEnable: 0
04-25 08:10:59.885  1175 17985 D MDP     : DpAsyncBlitStream: video id: 0, pJob->config.videoID: 0
04-25 08:10:59.893 17938 17996 D OplusACodec: inputbuffer, mSrOsieMMListCheckResult: 0, mIsSrSwitchOn: 0, mIsSrEnable: 0
04-25 08:10:59.912   887  1104 D MDP     : DpAsyncBlitStream: video id: 6, pJob->config.videoID: 6
04-25 08:10:59.913  1175 17990 I MtkOmxVdecExV4L2: [0xe8d10480] ConvertFrame create job: 182615, fence: 55, LINE: 9946
04-25 08:10:59.914  1175 18000 I MtkOmxVdecExV4L2: [0xdbc831c0] ConvertFrame create job: 182616, fence: 159, LINE: 9946
04-25 08:10:59.916  1175 17985 D MDP     : DpAsyncBlitStream: video id: 0, pJob->config.videoID: 0
04-25 08:10:59.918  1175 17990 I MtkOmxVdecExV4L2: [0xe8d10480] ConvertFrame create job: 182617, fence: 55, LINE: 9946
04-25 08:10:59.919  1175 17997 D MDP     : DpAsyncBlitStream: video id: 0, pJob->config.videoID: 0
04-25 08:10:59.921 17938 17983 D OplusACodec: inputbuffer, mSrOsieMMListCheckResult: 0, mIsSrSwitchOn: 0, mIsSrEnable: 0
04-25 08:10:59.923  1175 17985 D MDP     : DpAsyncBlitStream: video id: 0, pJob->config.videoID: 0
04-25 08:10:59.928   887  1104 D MDP     : DpAsyncBlitStream: video id: 6, pJob->config.videoID: 6
04-25 08:10:59.943  1175 17990 I MtkOmxVdecExV4L2: [0xe8d10480] ConvertFrame create job: 182618, fence: 55, LINE: 9946
04-25 08:10:59.945  1175 18000 I MtkOmxVdecExV4L2: [0xdbc831c0] ConvertFrame create job: 182619, fence: 156, LINE: 9946
04-25 08:10:59.947  1175 17985 D MDP     : DpAsyncBlitStream: video id: 0, pJob->config.videoID: 0
04-25 08:10:59.949  1175 17997 D MDP     : DpAsyncBlitStream: video id: 0, pJob->config.videoID: 0
04-25 08:10:59.952 17938 17983 D OplusACodec: inputbuffer, mSrOsieMMListCheckResult: 0, mIsSrSwitchOn: 0, mIsSrEnable: 0
04-25 08:10:59.953 17938 17996 D OplusACodec: inputbuffer, mSrOsieMMListCheckResult: 0, mIsSrSwitchOn: 0, mIsSrEnable: 0
04-25 08:10:59.963   887  1104 D MDP     : DpAsyncBlitStream: video id: 6, pJob->config.videoID: 6
04-25 08:10:59.963 17938 17996 D OplusACodec: inputbuffer, mSrOsieMMListCheckResult: 0, mIsSrSwitchOn: 0, mIsSrEnable: 0
04-25 08:10:59.963 17938 17983 D OplusACodec: inputbuffer, mSrOsieMMListCheckResult: 0, mIsSrSwitchOn: 0, mIsSrEnable: 0
04-25 08:10:59.984  1175 17990 I MtkOmxVdecExV4L2: [0xe8d10480] ConvertFrame create job: 182620, fence: 78, LINE: 9946
04-25 08:10:59.984  1175 18000 I MtkOmxVdecExV4L2: [0xdbc831c0] ConvertFrame create job: 182621, fence: 71, LINE: 9946
04-25 08:10:59.987  1175 17997 D MDP     : DpAsyncBlitStream: video id: 0, pJob->config.videoID: 0
04-25 08:10:59.990  1175 17985 D MDP     : DpAsyncBlitStream: video id: 0, pJob->config.videoID: 0
04-25 08:10:59.997   887  1104 D MDP     : DpAsyncBlitStream: video id: 6, pJob->config.videoID: 6
04-25 08:11:00.013   935  1079 I mali_config: @get_buffer_dataspace_setting: update dataspace (0x10020000 -> 0x10010000)
04-25 08:11:00.013  3479  3479 E OpReflectionUtils: getValue NoSuchField class com.android.systemui.statusbar.notification.stack.NotificationStackScrollLayout field mShelf
04-25 08:11:00.013  3479  3479 I chatty  : uid=10120(com.android.systemui) identical 1 line
04-25 08:11:00.013  3479  3479 E OpReflectionUtils: getValue NoSuchField class com.android.systemui.statusbar.notification.stack.NotificationStackScrollLayout field mShelf
04-25 08:11:00.014  1175 18000 I MtkOmxVdecExV4L2: [0xdbc831c0] ConvertFrame create job: 182622, fence: 64, LINE: 9946
04-25 08:11:00.014   935  1079 I mali_config: @get_buffer_dataspace_setting: update dataspace (0x10020000 -> 0x10010000)
04-25 08:11:00.017  1175 17997 D MDP     : DpAsyncBlitStream: video id: 0, pJob->config.videoID: 0
04-25 08:11:00.017  1175 17990 I MtkOmxVdecExV4L2: [0xe8d10480] ConvertFrame create job: 182623, fence: 64, LINE: 9946
04-25 08:11:00.020  1175 17985 D MDP     : DpAsyncBlitStream: video id: 0, pJob->config.videoID: 0
04-25 08:11:00.024 17938 17996 D OplusACodec: inputbuffer, mSrOsieMMListCheckResult: 0, mIsSrSwitchOn: 0, mIsSrEnable: 0
04-25 08:11:00.024 17938 17983 D OplusACodec: inputbuffer, mSrOsieMMListCheckResult: 0, mIsSrSwitchOn: 0, mIsSrEnable: 0
04-25 08:11:00.025  3479  3479 E OpReflectionUtils: getValue NoSuchField class com.android.systemui.statusbar.notification.stack.NotificationStackScrollLayout field mShelf
04-25 08:11:00.025  3479  3479 I chatty  : uid=10120(com.android.systemui) identical 1 line
04-25 08:11:00.025  3479  3479 E OpReflectionUtils: getValue NoSuchField class com.android.systemui.statusbar.notification.stack.NotificationStackScrollLayout field mShelf
04-25 08:11:00.029   887  1104 D MDP     : DpAsyncBlitStream: video id: 6, pJob->config.videoID: 6
04-25 08:11:00.034 17938 17996 D OplusACodec: inputbuffer, mSrOsieMMListCheckResult: 0, mIsSrSwitchOn: 0, mIsSrEnable: 0
04-25 08:11:00.034 17938 17983 D OplusACodec: inputbuffer, mSrOsieMMListCheckResult: 0, mIsSrSwitchOn: 0, mIsSrEnable: 0
04-25 08:11:00.045  1175 18000 I MtkOmxVdecExV4L2: [0xdbc831c0] ConvertFrame create job: 182624, fence: 55, LINE: 9946
04-25 08:11:00.045  1175 17990 I MtkOmxVdecExV4L2: [0xe8d10480] ConvertFrame create job: 182625, fence: 71, LINE: 9946
04-25 08:11:00.048  1175 17985 D MDP     : DpAsyncBlitStream: video id: 0, pJob->config.videoID: 0
04-25 08:11:00.050  1175 17997 D MDP     : DpAsyncBlitStream: video id: 0, pJob->config.videoID: 0
04-25 08:11:00.064   887  1104 D MDP     : DpAsyncBlitStream: video id: 6, pJob->config.videoID: 6
04-25 08:11:00.085   935  1079 I mali_config: @get_buffer_dataspace_setting: update dataspace (0x10020000 -> 0x10010000)
04-25 08:11:00.087  1175 18000 I MtkOmxVdecExV4L2: [0xdbc831c0] ConvertFrame create job: 182627, fence: 71, LINE: 9946
04-25 08:11:00.087  1175 17990 I MtkOmxVdecExV4L2: [0xe8d10480] ConvertFrame create job: 182626, fence: 55, LINE: 9946
04-25 08:11:00.090  1175 17997 D MDP     : DpAsyncBlitStream: video id: 0, pJob->config.videoID: 0
04-25 08:11:00.091  1175 17985 D MDP     : DpAsyncBlitStream: video id: 0, pJob->config.videoID: 0
04-25 08:11:00.095 17938 17996 D OplusACodec: inputbuffer, mSrOsieMMListCheckResult: 0, mIsSrSwitchOn: 0, mIsSrEnable: 0
04-25 08:11:00.096 17938 17983 D OplusACodec: inputbuffer, mSrOsieMMListCheckResult: 0, mIsSrSwitchOn: 0, mIsSrEnable: 0
04-25 08:11:00.098   887  1104 D MDP     : DpAsyncBlitStream: video id: 6, pJob->config.videoID: 6
04-25 08:11:00.105 17938 17996 D OplusACodec: inputbuffer, mSrOsieMMListCheckResult: 0, mIsSrSwitchOn: 0, mIsSrEnable: 0
04-25 08:11:00.105 17938 17983 D OplusACodec: inputbuffer, mSrOsieMMListCheckResult: 0, mIsSrSwitchOn: 0, mIsSrEnable: 0
04-25 08:11:00.116  1175 18000 I MtkOmxVdecExV4L2: [0xdbc831c0] ConvertFrame create job: 182628, fence: 78, LINE: 9946
04-25 08:11:00.116  1175 17990 I MtkOmxVdecExV4L2: [0xe8d10480] ConvertFrame create job: 182629, fence: 64, LINE: 9946
04-25 08:11:00.119  1175 17997 D MDP     : DpAsyncBlitStream: video id: 0, pJob->config.videoID: 0
04-25 08:11:00.121  1175 17985 D MDP     : DpAsyncBlitStream: video id: 0, pJob->config.videoID: 0
04-25 08:11:00.127  1554  5046 I OplusHansManager : unfreeze uid: 10249 com.nis.app pids: [16622] reason: exitFF scene: LcdOn|FastFreezer
04-25 08:11:00.127  1554  5046 I OplusHansManager : unfreeze uid: 10287 net.one97.paytm pids: [7742] reason: exitFF scene: LcdOn|FastFreezer
04-25 08:11:00.127  1554  5046 I OplusHansManager : unfreeze uid: 10328 com.noisefit pids: [9635] reason: exitFF scene: LcdOn|FastFreezer
04-25 08:11:00.127  1554  5046 I OplusHansManager : unfreeze uid: 10229 com.oneplus.opsports pids: [13931] reason: exitFF scene: LcdOn|FastFreezer
04-25 08:11:00.127  1554  5046 I OplusHansManager : unfreeze uid: 10253 com.twitter.android pids: [8639] reason: exitFF scene: LcdOn|FastFreezer
04-25 08:11:00.127  1554  5046 I OplusHansManager : unfreeze uid: 10254 in.amazon.mShop.android.shopping pids: [13588] reason: exitFF scene: LcdOn|FastFreezer
04-25 08:11:00.127  1554  5046 I OplusHansManager : unfreeze uid: 10235 com.oneplus.brickmode pids: [14792] reason: exitFF scene: LcdOn|FastFreezer
04-25 08:11:00.127  1554  5046 I OplusHansManager : unfreeze uid: 10405 in.startv.hotstar pids: [13925] reason: exitFF scene: LcdOn|FastFreezer
04-25 08:11:00.127  1554  5046 I OplusHansManager : exit FastFreezer, unfreeze uids: [10249, 10287, 10328, 10229, 10253, 10254, 10235, 10405] thaw: [10506], reason: exitFF
04-25 08:11:00.128  1554  5046 I OplusHansManager : notify state machine event=FF_EXIT to uids=[10512, 10249, 10506, 10253, 10254, 10405, 10287, 10328, 10229, 10235]
04-25 08:11:00.128  1554  4047 I OplusHansManager : FF exit, uid=10249, pkg=com.nis.app M transition to F
04-25 08:11:00.128  1554  4047 I OplusHansManager : uid=10249, pkg=com.nis.app can transition from M to F
04-25 08:11:00.128  1554  4047 I OplusHansManager : uid=10249, pkg=com.nis.app F enter()
04-25 08:11:00.129  1554  5032 D OplusTetheringStatistician: get traffic, slot: 1; entry: 0; r: 2464534; t: 619693
04-25 08:11:00.129  1554  4047 I OplusHansManager : freeze uid: 10249 com.nis.app pids: [16622] scene: LcdOn
04-25 08:11:00.130  1554  4047 I OplusHansManager : FF exit, uid=10253, pkg=com.twitter.android M transition to F
04-25 08:11:00.130  1554  4047 I OplusHansManager : uid=10253, pkg=com.twitter.android can transition from M to F
04-25 08:11:00.130  1554  4047 I OplusHansManager : uid=10253, pkg=com.twitter.android F enter()
04-25 08:11:00.130   887  1104 D MDP     : DpAsyncBlitStream: video id: 6, pJob->config.videoID: 6
04-25 08:11:00.130  1554  5032 D OplusTetheringNotification: showTrafficConsumptionNotification, id = 1, mNetworkDataType = 2, title = 1 device is connected to your mobile data hotspot.
04-25 08:11:00.130  1554  4047 I OplusHansManager : freeze uid: 10253 com.twitter.android pids: [8639] scene: LcdOn
04-25 08:11:00.131  1554  4047 I OplusHansManager : FF exit, uid=10254, pkg=in.amazon.mShop.android.shopping M transition to F
04-25 08:11:00.131  1554  4047 I OplusHansManager : uid=10254, pkg=in.amazon.mShop.android.shopping can transition from M to F
04-25 08:11:00.131  1554  4047 I OplusHansManager : uid=10254, pkg=in.amazon.mShop.android.shopping F enter()
04-25 08:11:00.131  7674  6750 D IHansComunication: HansComunication::addUid-- 10253
04-25 08:11:00.131  7674  6750 D IHansComunication: HANS sendMessageToKernel: threadId = 542923275456, netLinkSetup = 1, type = PKG, targetUid = 10253, pkgCmd = ADD_ONE_UID
04-25 08:11:00.131  1554  4047 I OplusHansManager : freeze uid: 10254 in.amazon.mShop.android.shopping pids: [13588] scene: LcdOn
04-25 08:11:00.132  1554  4047 I OplusHansManager : FF exit, uid=10405, pkg=in.startv.hotstar M transition to F
04-25 08:11:00.133  1554  4047 I OplusHansManager : uid=10405, pkg=in.startv.hotstar can transition from M to F
04-25 08:11:00.133  1554  4047 I OplusHansManager : uid=10405, pkg=in.startv.hotstar F enter()
04-25 08:11:00.133  1554  4047 I OplusHansManager : freeze uid: 10405 in.startv.hotstar pids: [13925] scene: LcdOn
04-25 08:11:00.134  1554  4047 I OplusHansManager : FF exit, uid=10287, pkg=net.one97.paytm M transition to F
04-25 08:11:00.134  1554  4047 I OplusHansManager : uid=10287, pkg=net.one97.paytm can transition from M to F
04-25 08:11:00.134  1554  4047 I OplusHansManager : uid=10287, pkg=net.one97.paytm F enter()
04-25 08:11:00.134  1554  4047 I OplusHansManager : freeze uid: 10287 net.one97.paytm pids: [7742] scene: LcdOn
04-25 08:11:00.134  1554  4047 I OplusHansManager : FF exit, uid=10328, pkg=com.noisefit M transition to F
04-25 08:11:00.134  1554  4047 I OplusHansManager : uid=10328, pkg=com.noisefit can transition from M to F
04-25 08:11:00.134  1554  4047 I OplusHansManager : uid=10328, pkg=com.noisefit F enter()
04-25 08:11:00.135  1554  4047 I OplusHansManager : freeze uid: 10328 com.noisefit pids: [9635] scene: LcdOn
04-25 08:11:00.135  1554  4047 I OplusHansManager : FF exit, uid=10229, pkg=com.oneplus.opsports M transition to F
04-25 08:11:00.135  1554  4047 I OplusHansManager : uid=10229, pkg=com.oneplus.opsports can transition from M to F
04-25 08:11:00.135  1554  4047 I OplusHansManager : uid=10229, pkg=com.oneplus.opsports F enter()
04-25 08:11:00.135  1554  4047 I OplusHansManager : freeze uid: 10229 com.oneplus.opsports pids: [13931] scene: LcdOn
04-25 08:11:00.135  1554  4047 I OplusHansManager : FF exit, uid=10235, pkg=com.oneplus.brickmode M transition to F
04-25 08:11:00.136  1554  4047 I OplusHansManager : uid=10235, pkg=com.oneplus.brickmode can transition from M to F
04-25 08:11:00.136  1554  4047 I OplusHansManager : uid=10235, pkg=com.oneplus.brickmode F enter()
04-25 08:11:00.136  1554  4047 I OplusHansManager : freeze uid: 10235 com.oneplus.brickmode pids: [14792] scene: LcdOn
04-25 08:11:00.136  7674  6750 D IHansComunication: HansComunication::addUid-- 10235
04-25 08:11:00.136  7674  6750 D IHansComunication: HANS sendMessageToKernel: threadId = 542923275456, netLinkSetup = 1, type = PKG, targetUid = 10235, pkgCmd = ADD_ONE_UID
04-25 08:11:00.142   887   986 I hwcomposer: [HWCDisplay] [Display_0 (type:1)] fps:53.733051,dur:1004.97,max:84.54,min:12.69
04-25 08:11:00.146  1175 18000 I MtkOmxVdecExV4L2: [0xdbc831c0] ConvertFrame create job: 182631, fence: 64, LINE: 9946
04-25 08:11:00.146  1175 17990 I MtkOmxVdecExV4L2: [0xe8d10480] ConvertFrame create job: 182630, fence: 78, LINE: 9946
04-25 08:11:00.149  1175 17997 D MDP     : DpAsyncBlitStream: video id: 0, pJob->config.videoID: 0
04-25 08:11:00.151  1175 17985 D MDP     : DpAsyncBlitStream: video id: 0, pJob->config.videoID: 0
04-25 08:11:00.155  1554  5032 D OplusTetheringStatistician: get traffic, slot: 1; entry: 0; r: 2464534; t: 619693
04-25 08:11:00.155 17938 17983 D OplusACodec: inputbuffer, mSrOsieMMListCheckResult: 0, mIsSrSwitchOn: 0, mIsSrEnable: 0
04-25 08:11:00.155 17938 17996 D OplusACodec: inputbuffer, mSrOsieMMListCheckResult: 0, mIsSrSwitchOn: 0, mIsSrEnable: 0
04-25 08:11:00.157  1554  5032 D OplusTetheringNotification: showTrafficConsumptionNotification, id = 1, mNetworkDataType = 2, title = 1 device is connected to your mobile data hotspot.
04-25 08:11:00.163   887  1104 D MDP     : DpAsyncBlitStream: video id: 6, pJob->config.videoID: 6
04-25 08:11:00.166 17938 17996 D OplusACodec: inputbuffer, mSrOsieMMListCheckResult: 0, mIsSrSwitchOn: 0, mIsSrEnable: 0
04-25 08:11:00.166 17938 17983 D OplusACodec: inputbuffer, mSrOsieMMListCheckResult: 0, mIsSrSwitchOn: 0, mIsSrEnable: 0
04-25 08:11:00.176   935  1079 I mali_config: @get_buffer_dataspace_setting: update dataspace (0x10020000 -> 0x10010000)
04-25 08:11:00.176  1175 18000 I MtkOmxVdecExV4L2: [0xdbc831c0] ConvertFrame create job: 182632, fence: 71, LINE: 9946
04-25 08:11:00.176  1175 17990 I MtkOmxVdecExV4L2: [0xe8d10480] ConvertFrame create job: 182633, fence: 78, LINE: 9946
04-25 08:11:00.179  1175 17997 D MDP     : DpAsyncBlitStream: video id: 0, pJob->config.videoID: 0
04-25 08:11:00.181  1175 17985 D MDP     : DpAsyncBlitStream: video id: 0, pJob->config.videoID: 0
04-25 08:11:00.199   887  1104 D MDP     : DpAsyncBlitStream: video id: 6, pJob->config.videoID: 6
04-25 08:11:00.218  1175 18000 I MtkOmxVdecExV4L2: [0xdbc831c0] ConvertFrame create job: 182634, fence: 78, LINE: 9946
04-25 08:11:00.218  1175 17990 I MtkOmxVdecExV4L2: [0xe8d10480] ConvertFrame create job: 182635, fence: 64, LINE: 9946
04-25 08:11:00.221  1175 17997 D MDP     : DpAsyncBlitStream: video id: 0, pJob->config.videoID: 0
04-25 08:11:00.223  1175 17985 D MDP     : DpAsyncBlitStream: video id: 0, pJob->config.videoID: 0
04-25 08:11:00.227 17938 17983 D OplusACodec: inputbuffer, mSrOsieMMListCheckResult: 0, mIsSrSwitchOn: 0, mIsSrEnable: 0
04-25 08:11:00.228 17938 17996 D OplusACodec: inputbuffer, mSrOsieMMListCheckResult: 0, mIsSrSwitchOn: 0, mIsSrEnable: 0
04-25 08:11:00.230   887  1104 D MDP     : DpAsyncBlitStream: video id: 6, pJob->config.videoID: 6
04-25 08:11:00.237 17938 17996 D OplusACodec: inputbuffer, mSrOsieMMListCheckResult: 0, mIsSrSwitchOn: 0, mIsSrEnable: 0
04-25 08:11:00.238 17938 17983 D OplusACodec: inputbuffer, mSrOsieMMListCheckResult: 0, mIsSrSwitchOn: 0, mIsSrEnable: 0
04-25 08:11:00.248  1175 17990 I MtkOmxVdecExV4L2: [0xe8d10480] ConvertFrame create job: 182637, fence: 78, LINE: 9946
04-25 08:11:00.248  1175 18000 I MtkOmxVdecExV4L2: [0xdbc831c0] ConvertFrame create job: 182636, fence: 64, LINE: 9946
04-25 08:11:00.251  1175 17985 D MDP     : DpAsyncBlitStream: video id: 0, pJob->config.videoID: 0
04-25 08:11:00.253  1175 17997 D MDP     : DpAsyncBlitStream: video id: 0, pJob->config.videoID: 0
04-25 08:11:00.267   887  1104 D MDP     : DpAsyncBlitStream: video id: 6, pJob->config.videoID: 6
04-25 08:11:00.280  1175 18000 I MtkOmxVdecExV4L2: [0xdbc831c0] ConvertFrame create job: 182638, fence: 71, LINE: 9946
04-25 08:11:00.280  1175 17990 I MtkOmxVdecExV4L2: [0xe8d10480] ConvertFrame create job: 182639, fence: 64, LINE: 9946
04-25 08:11:00.283  1175 17985 D MDP     : DpAsyncBlitStream: video id: 0, pJob->config.videoID: 0
04-25 08:11:00.284  1175 17997 D MDP     : DpAsyncBlitStream: video id: 0, pJob->config.videoID: 0
04-25 08:11:00.287  1175 17990 I MtkOmxVdecExV4L2: [0xe8d10480] ConvertFrame create job: 182640, fence: 55, LINE: 9946
04-25 08:11:00.288 17938 17996 D OplusACodec: inputbuffer, mSrOsieMMListCheckResult: 0, mIsSrSwitchOn: 0, mIsSrEnable: 0
04-25 08:11:00.290  1175 17985 D MDP     : DpAsyncBlitStream: video id: 0, pJob->config.videoID: 0
04-25 08:11:00.298   887  1104 D MDP     : DpAsyncBlitStream: video id: 6, pJob->config.videoID: 6
04-25 08:11:00.298 17938 17996 D OplusACodec: inputbuffer, mSrOsieMMListCheckResult: 0, mIsSrSwitchOn: 0, mIsSrEnable: 0
04-25 08:11:00.300 17938 17983 D OplusACodec: inputbuffer, mSrOsieMMListCheckResult: 0, mIsSrSwitchOn: 0, mIsSrEnable: 0
04-25 08:11:00.310  1175 18000 I MtkOmxVdecExV4L2: [0xdbc831c0] ConvertFrame create job: 182641, fence: 64, LINE: 9946
04-25 08:11:00.312 17938 17983 D OplusACodec: inputbuffer, mSrOsieMMListCheckResult: 0, mIsSrSwitchOn: 0, mIsSrEnable: 0
04-25 08:11:00.313  1175 17990 I MtkOmxVdecExV4L2: [0xe8d10480] ConvertFrame create job: 182642, fence: 78, LINE: 9946
04-25 08:11:00.313  1175 17997 D MDP     : DpAsyncBlitStream: video id: 0, pJob->config.videoID: 0
04-25 08:11:00.315  1175 17985 D MDP     : DpAsyncBlitStream: video id: 0, pJob->config.videoID: 0
04-25 08:11:00.320 17938 17983 I OplusFeedbackInfo: [sendFPSInfo:L391] mInputBufCnt = 54 fps, mOutputBufCnt = 35 fps, mRenderFrameCnt = 26 fps
04-25 08:11:00.331   887  1104 D MDP     : DpAsyncBlitStream: video id: 6, pJob->config.videoID: 6
04-25 08:11:00.338  5868  5868 D NotificationListener: onNotificationPosted# hash: 241557805
04-25 08:11:00.339  5868  5868 D NotificationListener: onNotificationPosted# sbn: 176202651, package = android
04-25 08:11:00.339  3479  3479 D OPSystemUIWLBHelper: not blocking notifications: preconditions: packageName:com.oneplus.screenrecord current mode:0brekmode:0 isMediaAllowed:false
04-25 08:11:00.339  3479  3479 D OPSystemUIWLBHelper: not blocking notifications: preconditions: packageName:in.mohalla.video.debug current mode:0brekmode:0 isMediaAllowed:false
04-25 08:11:00.339  3479  3479 D OPSystemUIWLBHelper: not blocking notifications: preconditions: packageName:com.google.android.gm current mode:0brekmode:0 isMediaAllowed:false
04-25 08:11:00.339  3479  3479 D OPSystemUIWLBHelper: not blocking notifications: preconditions: packageName:com.oneplus.screenrecord current mode:0brekmode:0 isMediaAllowed:false
04-25 08:11:00.339  5868  5868 D PopupDataProvider: onNotificationPosted dotShouldBeRefreshed = false, PackageUserKey = android#0, containsDot = true
04-25 08:11:00.339  3479  3479 D OPSystemUIWLBHelper: not blocking notifications: preconditions: packageName:com.google.android.gm current mode:0brekmode:0 isMediaAllowed:false
04-25 08:11:00.339  3479  3479 I chatty  : uid=10120(com.android.systemui) identical 1 line
04-25 08:11:00.339  3479  3479 D OPSystemUIWLBHelper: not blocking notifications: preconditions: packageName:com.google.android.gm current mode:0brekmode:0 isMediaAllowed:false
