04-25 08:11:07.160 18095 18161 D OplusACodec: inputbuffer, mSrOsieMMListCheckResult: 0, mIsSrSwitchOn: 0, mIsSrEnable: 0
04-25 08:11:07.160  1175 21490 W gralloc4: Buffer descriptor with invalid usage bits 0x2000
04-25 08:11:07.161   916  5837 V AudioPolicyIntefaceImpl: getOutput()
04-25 08:11:07.161   916  5837 V AudioPolicyIntefaceImpl: getOutput()
04-25 08:11:07.161 18095 18161 D OplusACodec: inputbuffer, mSrOsieMMListCheckResult: 0, mIsSrSwitchOn: 0, mIsSrEnable: 0
04-25 08:11:07.162 18073 18073 I GH.AutoPhenotypeFlags: Load phenotype cache from the disk with configurationVersion: -1 in 1 ms
04-25 08:11:07.162   916  5837 V AudioPolicyIntefaceImpl: getOutput()
04-25 08:11:07.162 18095 18143 D AudioTrack: INSP: type=audio,case=1,set=0xb400007cdab75400,stream_type=-1,sample_rate=44100,format=0x1,channel_mask=0x3,frame_count=11025,flags=0x0,notification_frames=0,session_id=13521,transfer_type=3,uid=-1,pid=-1
04-25 08:11:07.162 18095 18143 D AudioTrack: INSP: type=audio,case=1,attributes=1,content_type=0,usage=1,source=-1,flags=0xa00
04-25 08:11:07.162 18095 18143 D erse.mojcompos: set() ro.oplus.audio.effect.type = dirac
04-25 08:11:07.162 18095 18143 D AudioTrack: set() streamType -1, sampleRate 44100, format 0x1, channelMask 0x3, frameCount 11025, flags #0, notificationFrames 0, sessionId 13521, transferType 3, uid -1, pid -1 cbf 1
04-25 08:11:07.162 18095 18143 D AudioTrack: gATLogLevel = 0
04-25 08:11:07.162 18095 18143 D AudioTrack: set(): Building AudioTrack with attributes: usage=1 content=0 flags=0xa00 tags=[]
04-25 08:11:07.162  1175 21490 W gralloc4: Buffer descriptor with invalid usage bits 0x2000
04-25 08:11:07.163 18095 18161 D OplusACodec: inputbuffer, mSrOsieMMListCheckResult: 0, mIsSrSwitchOn: 0, mIsSrEnable: 0
04-25 08:11:07.163  1175 21490 W gralloc4: Buffer descriptor with invalid usage bits 0x2000
04-25 08:11:07.164 18095 18143 D AudioTrack: set(): 0xb400007cdab75400, Create AudioTrackThread, tid = 18203
04-25 08:11:07.165 18073 18073 I CAR.GH  : Process: CAR
04-25 08:11:07.165   916  5837 V AudioPolicyIntefaceImpl: getOutputForAttr()
04-25 08:11:07.165  1215  1302 I VPUD    : [Vdec_Drv_H264_open] eDecodeMode: 0
04-25 08:11:07.166   916  5837 D APM_AudioPolicyManager: getOutputForDevices session 13521 stream 3 flags 8
04-25 08:11:07.166   916  5837 D OplusAudioVoiceScence: addOutputMtkAudioScence sample_rate=44100, is_voice_scence_enable(1)
04-25 08:11:07.166   916  5837 D voice_scence_discern: add name:sample_rate,  value:44100
04-25 08:11:07.166   916  5837 V voice_scence_discern: add name:sample_rate value:44100 list:0xb4000075344d2d80
04-25 08:11:07.166   916  5837 D voice_scence_discern: add name:channels,  value:2
04-25 08:11:07.166   916  5837 V voice_scence_discern: add name:channels value:2 list:0xb4000075344d2d80
04-25 08:11:07.166   916  5837 D voice_scence_discern: get scence process pid:18095, name:coding.universe.mojcompose
04-25 08:11:07.166   916  5837 V voice_scence_discern: this process not in init apk. apk_list:0xb400007534571bc0
04-25 08:11:07.166   916  5837 D OplusAudioVoiceScence: scenceState=0, callingPid=18095
04-25 08:11:07.166   916  5837 D APM_AudioPolicyManager: [MTK_APM_Output]getOutputForAttr() returns output 21 requestedPortId 0 selectedDeviceId 3 for port ID 3567, sample_rate 44100, format 1, channel_mask 3, flags 8 stream 3
04-25 08:11:07.166   916  1174 V GameAudioEffects: outputSelected a new track request output with porId(3567), session(13521), uid(10512) stream(3) flags(0x8)
04-25 08:11:07.166   916  5837 D AudioFlinger_Threads: createTrack_l output 21  latencyMs 128 mNormalFrameCount 2048 mSampleRate 48000
04-25 08:11:07.166   916  5837 D AudioFlinger_Threads: createTrack_l output 21 minFrameCount 5655 frameCount 11025
04-25 08:11:07.166   916  5837 D AudioFlinger_Threads: Client defaulted notificationFrames to 3675 for frameCount 11025
04-25 08:11:07.166   916  5837 D AudioFlinger_Threads: createTrack_l output 21 final frameCount 11025 for track session 13521 , mFrameCount 2048, mNormalFrameCount 2048, notificationFrameCount 3675
04-25 08:11:07.167   916  5837 D AF::Track: Track, track(0xb400007534444200): mFastIndex -1, mStreamType 3, mId 3421, mFrameCount 11025, mSampleRate 44100, mFormat 1, mChannelCount 2, mTrackCount 3366, thread 0xb40000752b80d900, sessionId 13521, AudioOut_15, primary-8
04-25 08:11:07.167   916  5837 D AF::TrackHandle: OpPlayAudio: track:3421 usage:1 not muted
04-25 08:11:07.168   916  1174 E GameAudioEffects: outputSelected call  getListValueByPid(fast-audio-effects) but return null, callingPid(18095))
04-25 08:11:07.169 18095 18143 D AudioTrack: createTrack_l(3567): 0xb400007cdab75400, mCblk = 0x7c4c421000, mLatency = 378, mAfLatency = 128, frameCount = 11025, mSampleRate = 44100, mFlags = 0x8, mReqFrameCount = 11025, mNotificationFramesAct = 3675
04-25 08:11:07.169 18095 18201 I CCodecConfig: query failed after returning 19 values (BAD_INDEX)
04-25 08:11:07.169 18095 18201 D CCodecConfig: c2 config diff is Dict {
04-25 08:11:07.169 18095 18201 D CCodecConfig:   c2::u32 coded.aac-packaging.value = 0
04-25 08:11:07.169 18095 18201 D CCodecConfig:   c2::u32 coded.bitrate.value = 64000
04-25 08:11:07.169 18095 18201 D CCodecConfig:   c2::u32 coded.pl.level = 0
04-25 08:11:07.169 18095 18201 D CCodecConfig:   c2::u32 coded.pl.profile = 8192
04-25 08:11:07.169 18095 18201 D CCodecConfig:   c2::i32 coding.drc.album-mode.value = 0
04-25 08:11:07.169 18095 18201 D CCodecConfig:   c2::float coding.drc.attenuation-factor.value = 1
04-25 08:11:07.169 18095 18201 D CCodecConfig:   c2::float coding.drc.boost-factor.value = 1
04-25 08:11:07.169 18095 18201 D CCodecConfig:   c2::i32 coding.drc.compression-mode.value = 3
04-25 08:11:07.169 18095 18201 D CCodecConfig:   c2::i32 coding.drc.effect-type.value = 3
04-25 08:11:07.169 18095 18201 D CCodecConfig:   c2::float coding.drc.encoded-level.value = 0.25
04-25 08:11:07.169 18095 18201 D CCodecConfig:   c2::float coding.drc.reference-level.value = -16
04-25 08:11:07.169 18095 18201 D CCodecConfig:   c2::u32 input.buffers.max-size.value = 8192
04-25 08:11:07.169 18095 18201 D CCodecConfig:   c2::u32 input.delay.value = 0
04-25 08:11:07.169 18095 18201 D CCodecConfig:   string input.media-type.value = "audio/mp4a-latm"
04-25 08:11:07.169 18095 18201 D CCodecConfig:   c2::u32 output.delay.value = 2
04-25 08:11:07.169 18095 18201 D CCodecConfig:   c2::float output.drc.output-loudness.value = 0.25
04-25 08:11:07.169 18095 18201 D CCodecConfig:   string output.media-type.value = "audio/raw"
04-25 08:11:07.169 18095 18201 D CCodecConfig:   c2::u32 raw.channel-count.value = 1
04-25 08:11:07.169 18095 18201 D CCodecConfig:   c2::u32 raw.max-channel-count.value = 8
04-25 08:11:07.169 18095 18201 D CCodecConfig:   c2::u32 raw.sample-rate.value = 44100
04-25 08:11:07.169 18095 18201 D CCodecConfig: }
04-25 08:11:07.170 18095 18201 D CCodec  : [c2.android.aac.decoder] buffers are bound to CCodec for this session
04-25 08:11:07.170 18095 18201 D CCodecConfig: no c2 equivalents for flags
04-25 08:11:07.170 18095 18201 D CCodecConfig: config failed => CORRUPTED
04-25 08:11:07.171 18095 18201 D CCodecConfig: c2 config diff is   c2::u32 raw.channel-count.value = 2
04-25 08:11:07.171 18095 18143 D AudioTrack: setVolume(3567): 0xb400007cdab75400, left = 1.000000, right = 1.000000
04-25 08:11:07.171 18095 18201 W Codec2Client: query -- param skipped: index = 1107298332.
04-25 08:11:07.171 18095 18201 D CCodec  : client requested max input size 332, which is smaller than what component recommended (8192); overriding with component recommendation.
04-25 08:11:07.171 18095 18201 W CCodec  : This behavior is subject to change. It is recommended that app developers double check whether the requested max input size is in reasonable range.
04-25 08:11:07.171 18095 18201 D CCodec  : setup formats input: AMessage(what = 0x00000000) = {
04-25 08:11:07.171 18095 18201 D CCodec  :   int32_t aac-drc-album-mode = 0
04-25 08:11:07.171 18095 18201 D CCodec  :   int32_t aac-drc-boost-level = 127
04-25 08:11:07.171 18095 18201 D CCodec  :   int32_t aac-drc-cut-level = 127
04-25 08:11:07.171 18095 18201 D CCodec  :   int32_t aac-drc-effect-type = 3
04-25 08:11:07.171 18095 18201 D CCodec  :   int32_t aac-drc-heavy-compression = 3
04-25 08:11:07.171 18095 18201 D CCodec  :   int32_t aac-encoded-target-level = -1
04-25 08:11:07.171 18095 18201 D CCodec  :   int32_t aac-max-output-channel_count = 8
04-25 08:11:07.171 18095 18201 D CCodec  :   int32_t aac-target-ref-level = 64
04-25 08:11:07.171 18095 18201 D CCodec  :   int32_t channel-count = 2
04-25 08:11:07.171 18095 18201 D CCodec  :   int32_t level = 0
04-25 08:11:07.171 18095 18201 D CCodec  :   int32_t max-input-size = 8192
04-25 08:11:07.171 18095 18201 D CCodec  :   string mime = "audio/mp4a-latm"
04-25 08:11:07.171 18095 18201 D CCodec  :   int32_t profile = 2
04-25 08:11:07.171 18095 18201 D CCodec  :   int32_t sample-rate = 44100
04-25 08:11:07.171 18095 18201 D CCodec  : } and output: AMessage(what = 0x00000000) = {
04-25 08:11:07.171 18095 18201 D CCodec  :   int32_t aac-drc-album-mode = 0
04-25 08:11:07.171 18095 18201 D CCodec  :   int32_t aac-drc-boost-level = 127
04-25 08:11:07.171 18095 18201 D CCodec  :   int32_t aac-drc-cut-level = 127
04-25 08:11:07.171 18095 18201 D CCodec  :   int32_t aac-drc-effect-type = 3
04-25 08:11:07.171 18095 18201 D CCodec  :   int32_t aac-drc-heavy-compression = 3
04-25 08:11:07.171 18095 18201 D CCodec  :   int32_t aac-drc-output-loudness = -1
04-25 08:11:07.171 18095 18201 D CCodec  :   int32_t aac-encoded-target-level = -1
04-25 08:11:07.171 18095 18201 D CCodec  :   int32_t aac-max-output-channel_count = 8
04-25 08:11:07.171 18095 18201 D CCodec  :   int32_t aac-target-ref-level = 64
04-25 08:11:07.171 18095 18201 D CCodec  :   int32_t channel-count = 2
04-25 08:11:07.171 18095 18201 D CCodec  :   string mime = "audio/raw"
04-25 08:11:07.171 18095 18201 D CCodec  :   int32_t sample-rate = 44100
04-25 08:11:07.171 18095 18201 D CCodec  : }
04-25 08:11:07.172 18095 18201 W Codec2Client: query -- param skipped: index = 1342179345.
04-25 08:11:07.172 18095 18201 W Codec2Client: query -- param skipped: index = 2415921170.
04-25 08:11:07.172 18095 18201 W Codec2Client: query -- param skipped: index = 1610614798.
04-25 08:11:07.172 18095 18201 E FMQ     : grantorIdx must be less than 3
04-25 08:11:07.172 18095 18201 E FMQ     : grantorIdx must be less than 3
04-25 08:11:07.172 18095 18201 D CCodecBufferChannel: [c2.android.aac.decoder#819] Created input block pool with allocatorID 16 => poolID 18 - OK (0)
04-25 08:11:07.172  1215  1302 I mtkpower_client: perf_lock_acq, hdl:0, dur:0, num:2, tid:1302
04-25 08:11:07.173 18095 18201 I CCodecBufferChannel: [c2.android.aac.decoder#819] Created output block pool with allocatorID 16 => poolID 1109 - OK
04-25 08:11:07.173 18095 18201 D CCodecBufferChannel: [c2.android.aac.decoder#819] Configured output block pool ids 1109 => OK
04-25 08:11:07.173  1215  1302 I mtkpower_client: ret_hdl:71714
04-25 08:11:07.173  1215  1302 I VCodecDrv: perfLockAcq hdl:71714
04-25 08:11:07.173   909   979 I libPowerHal: [perfLockAcq] idx:2 hdl:71714 hint:-1 pid:1215 duration:0 => ret_hdl:71714
04-25 08:11:07.173   909   979 I libPowerHal: [PE] scn:2 hdl:71714 lock_user:vpud pid:1215 tid:1302 dur:0
04-25 08:11:07.173  1215  1302 I VPUD    : [Err] eVDecDrvSetParam VDEC_DRV_SET_TYPE_SET_DECODE_LAYOUT fail!!
04-25 08:11:07.173  1175 18185 I MtkV4L2Device: [0xdbc83e5c] [V4L2 IOCTL] getAspectRatio: 10001
04-25 08:11:07.173  1175 18185 I MtkV4L2Device: [0xdbc83e5c] dequeueEvent(): got resolution change event.
04-25 08:11:07.173  1175 18185 I MtkOmxVdecExV4L2: [0xdbc83c00] handlePendingEvent(): set mPortReconfigInProgress
04-25 08:11:07.173  1175 18185 E MtkOmxVdecExV4L2: [0xdbc83c00] MtkOmxVdec::handleResolutionChange
04-25 08:11:07.173  1175 18185 I MtkOmxVdecExV4L2: [0xdbc83c00] send MTK_OMX_RES_CHG_CONVERT to colorconvertP1 thread to trigger flush covert
04-25 08:11:07.173  1175 18185 I MtkOmxVdecExV4L2: [0xdbc83c00] + wait CCSQ and MDPQ flush done, mResChgMDPBackDoneSem 0
04-25 08:11:07.174  1175 18186 I MtkOmxVdecExV4L2: [0xdbc83c00] [MTK_OMX_RES_CHG_CONVERT] mFlushFBInProcess 0, mFlushInConvertProcess 0, mResChgInConvertProcess 0
04-25 08:11:07.174  1175 18186 I MtkOmxVdecExV4L2: [0xdbc83c00] There is NO cc src buffers need to be converted during resolution change
04-25 08:11:07.174  1175 18186 I MtkOmxVdecExV4L2: [0xdbc83c00] mResChgInConvertProcess 1
04-25 08:11:07.174  1175 18185 I MtkOmxVdecExV4L2: [0xdbc83c00] - Wait CCSQ and MDPQ flush done, mResChgMDPBackDoneSem 0, (MDPBufRecodeQ.size 0, CCSQ.size 0)
04-25 08:11:07.175  1175 18187 I MtkOmxVdecExV4L2: [0xdbc83c00] [MtkOmxVdecConvertP2Thread] SIGNAL mResChgMDPBackDoneSem 1
04-25 08:11:07.175  1175 18185 I MtkOmxVdecExV4L2: [0xdbc83c00] [Info] set stride x sliceHeight = 540 x 960
04-25 08:11:07.175  1175 18185 I MtkOmxVdecExV4L2: [0xdbc83c00] MtkOmxVdec::handleResolutionChange update port definition
04-25 08:11:07.176  1231 18202 D SimpleC2Component: Using output block pool with poolID 1109 => got 1109 - 0
04-25 08:11:07.177 18095 18201 E FMQ     : grantorIdx must be less than 3
04-25 08:11:07.178  1175 21490 I MtkOmxVdecExV4L2: [0xdbc83c00] [SetColorFormat_MTKYUV] mAlwaysColorConvertWithNW -> HAL_PIXEL_FORMAT_NV12
04-25 08:11:07.178  1175 21490 I MtkOmxVdecExV4L2: [0xdbc83c00] --- GetOutputPortDefinition --- (540 960 544 960 24 783360 0x7f000001), pPortDef (540 960 544 960 24 12 0x1000)
04-25 08:11:07.178  1175  5108 I MtkOmxVdecExV4L2: [0xdbc83c00] [SetColorFormat_MTKYUV] mAlwaysColorConvertWithNW -> HAL_PIXEL_FORMAT_NV12
04-25 08:11:07.178  1175  5108 I MtkOmxVdecExV4L2: [0xdbc83c00] --- GetOutputPortDefinition --- (540 960 544 960 24 783360 0x7f000001), pPortDef (540 960 544 960 24 12 0x1000)
04-25 08:11:07.178 18095 18180 D ACodec  : [OMX.MTK.VIDEO.DECODER.AVC] output format is AMessage(what = 0x00000000) = {
04-25 08:11:07.178 18095 18180 D ACodec  :   int32_t color-range = 2
04-25 08:11:07.178 18095 18180 D ACodec  :   int32_t color-standard = 1
04-25 08:11:07.178 18095 18180 D ACodec  :   int32_t color-transfer = 3
04-25 08:11:07.178 18095 18180 D ACodec  :   string mime = "video/raw"
04-25 08:11:07.178 18095 18180 D ACodec  :   int32_t stride = 544
04-25 08:11:07.178 18095 18180 D ACodec  :   int32_t slice-height = 960
04-25 08:11:07.178 18095 18180 D ACodec  :   int32_t color-format = 4096
04-25 08:11:07.178 18095 18180 D ACodec  :   Rect crop(0, 0, 539, 959)
04-25 08:11:07.178 18095 18180 D ACodec  :   int32_t android._dataspace = 260
04-25 08:11:07.178 18095 18180 D ACodec  :   Buffer hdr-static-info = {
04-25 08:11:07.178 18095 18180 D ACodec  :     00000000:  00 00 00 00 00 00 00 00  00 00 00 00 00 00 00 00  ................
04-25 08:11:07.178 18095 18180 D ACodec  :     00000010:  00 00 00 00 00 00 00 00  00                       .........
04-25 08:11:07.178 18095 18180 D ACodec  :   }
04-25 08:11:07.178 18095 18180 D ACodec  :   int32_t width = 540
04-25 08:11:07.178 18095 18180 D ACodec  :   int32_t height = 960
04-25 08:11:07.178 18095 18180 D ACodec  : }
04-25 08:11:07.179  1175 18184 I MtkOmxVdecExV4L2: [0xdbc83c00] + Wait FB flush done, wait mFlushFrameBufferDoneSem, mDecoderInitCompleteFlag(1), queuedFrameBufferCount(0), mFlushFBInProcess(1), mFlushInConvertProcess(0), mResChgInConvertProcess(1)
04-25 08:11:07.179  1175 18184 I MtkOmxVdecExV4L2: [0xdbc83c00] - Wait FB flush done, mFlushFrameBufferDoneSem 0
04-25 08:11:07.179  1175 18184 I MtkOmxVdecExV4L2: [0xdbc83c00] + Wait MDPQ flush done, wait mFlushMDPBackDoneSem, mDecoderInitCompleteFlag(1), queuedMDPCount(0), mFlushFBInProcess(1), mFlushInConvertProcess(0), mResChgInConvertProcess(1)
04-25 08:11:07.179  1175 18186 I MtkOmxVdecExV4L2: [0xdbc83c00] [MTK_OMX_FLUSH_CONVERT] mFlushFBInProcess 1, mFlushInConvertProcess 0, mResChgInConvertProcess 1
04-25 08:11:07.179  1175 18186 I MtkOmxVdecExV4L2: [0xdbc83c00] mFlushInConvertProcess 1
04-25 08:11:07.179  1175 18187 I MtkOmxVdecExV4L2: [0xdbc83c00] [MtkOmxVdecConvertP2Thread] SIGNAL mResChgMDPBackDoneSem 1
04-25 08:11:07.179  1175 18187 I MtkOmxVdecExV4L2: [0xdbc83c00] [MtkOmxVdecConvertP2Thread] SIGNAL mFlushMDPBackDoneSem 1
04-25 08:11:07.179  1175 18184 I MtkOmxVdecExV4L2: [0xdbc83c00] - Wait MDPQ flush done, mFlushMDPBackDoneSem 0
04-25 08:11:07.179  1175 18184 I MtkOmxVdecExV4L2: [0xdbc83c00] --- FTBQ: mNumPendingOutput 4; mFillThisBufQ.size() 2,  CCDst: 2, CCSrc: 0, MDPBufRecodeQ: 0
04-25 08:11:07.179  1175 18184 I MtkOmxVdecExV4L2: [0xdbc83c00] -FlushOutputPort -> mNumPendingOutput(0)
04-25 08:11:07.180  1231 18202 I C2SoftAacDec: Reconfiguring decoder: 0->44100 Hz, 0->2 channels
04-25 08:11:07.180  1175 21490 I MtkOmxVdecExV4L2: [0xdbc83c00] MtkOmxVdec::FreeBuffer all output buffers have been freed!!! signal mOutPortFreeDoneSem(1)
04-25 08:11:07.180  1175 18184 I MtkOmxVdecExV4L2: [0xdbc83c00] [Info] set stride x sliceHeight = 540 x 960
04-25 08:11:07.181  1175 18184 I MtkOmxVdecExV4L2: [0xdbc83c00] MtkOmxVdec::HandlePortDisable update port definition
04-25 08:11:07.181  1175  5108 I MtkOmxVdecExV4L2: [0xdbc83c00] [SetColorFormat_MTKYUV] mAlwaysColorConvertWithNW -> HAL_PIXEL_FORMAT_NV12
04-25 08:11:07.181  1175  5108 I MtkOmxVdecExV4L2: [0xdbc83c00] --- GetOutputPortDefinition --- (540 960 544 960 24 783360 0x7f000001), pPortDef (540 960 544 960 24 12 0x1000)
04-25 08:11:07.182  1175 21490 I MtkOmxVdecExV4L2: [0xdbc83c00] [SetColorFormat_MTKYUV] mAlwaysColorConvertWithNW -> HAL_PIXEL_FORMAT_NV12
04-25 08:11:07.182  1175 21490 I MtkOmxVdecExV4L2: [0xdbc83c00] --- GetOutputPortDefinition --- (540 960 544 960 24 783360 0x7f000001), pPortDef (540 960 544 960 24 12 0x1000)
04-25 08:11:07.182  1175  5108 E MtkOmxVdecExV4L2: [0xdbc83c00] Ignore SP AndroidNativeBufferConsumerUsage in mState:(3)
04-25 08:11:07.182 18095 18162 E FMQ     : grantorIdx must be less than 3
04-25 08:11:07.182 18095 18180 D SurfaceUtils: set up nativeWindow 0xb400007c64f68010 for 540x960, color 0x1000, rotation 0, usage 0x402900
04-25 08:11:07.183 18095 18201 D CCodecConfig: c2 config diff is   c2::i32 coding.drc.compression-mode.value = 1
04-25 08:11:07.183 18095 18201 D CCodecBuffers: [c2.android.aac.decoder#819:Output[N]] popFromStashAndRegister: output format changed to AMessage(what = 0x00000000) = {
04-25 08:11:07.183 18095 18201 D CCodecBuffers:   int32_t aac-drc-album-mode = 0
04-25 08:11:07.183 18095 18201 D CCodecBuffers:   int32_t aac-drc-boost-level = 127
04-25 08:11:07.183 18095 18201 D CCodecBuffers:   int32_t aac-drc-cut-level = 127
04-25 08:11:07.183 18095 18201 D CCodecBuffers:   int32_t aac-drc-effect-type = 3
04-25 08:11:07.183 18095 18201 D CCodecBuffers:   int32_t aac-drc-heavy-compression = 1
04-25 08:11:07.183 18095 18201 D CCodecBuffers:   int32_t aac-drc-output-loudness = -1
04-25 08:11:07.183 18095 18201 D CCodecBuffers:   int32_t aac-encoded-target-level = -1
04-25 08:11:07.183 18095 18201 D CCodecBuffers:   int32_t aac-max-output-channel_count = 8
04-25 08:11:07.183 18095 18201 D CCodecBuffers:   int32_t aac-target-ref-level = 64
04-25 08:11:07.183 18095 18201 D CCodecBuffers:   int32_t channel-count = 2
04-25 08:11:07.183 18095 18201 D CCodecBuffers:   string mime = "audio/raw"
04-25 08:11:07.183 18095 18201 D CCodecBuffers:   int32_t sample-rate = 44100
04-25 08:11:07.183 18095 18201 D CCodecBuffers: }
04-25 08:11:07.184  1175 18184 I MtkV4L2Device: [0xdbc83e5c] [Info] yuv format: V4L2_PIX_FMT_MT21S, num_planes:1
04-25 08:11:07.186  1175  5108 W gralloc4: Buffer descriptor with invalid usage bits 0x2000
04-25 08:11:07.188  1175  5108 I chatty  : uid=1046(mediacodec) HwBinder:1175_1 identical 2 lines
04-25 08:11:07.188  1175  5108 W gralloc4: Buffer descriptor with invalid usage bits 0x2000
04-25 08:11:07.189 18095 18143 D AudioTrack: start(3567): prior state:STATE_STOPPED output 21 stream 3 session 13521
04-25 08:11:07.189   916 12307 V AudioPolicyIntefaceImpl: startOutputSamplerate(), portId = 3567, samplerate = 44100
04-25 08:11:07.189   916 12307 D AudioPolicyManagerCustomImpl: hifiAudio_startOutputSamplerate() +output = 3567  +samplerate = 44100 mPrimaryOutput = 13 HifiState = 1 stream 3, session 13521
04-25 08:11:07.189   916 12307 D APM_AudioPolicyManager: startOutput portId 3567
04-25 08:11:07.189   916 12307 D APM_AudioPolicyManager: startOutput() output 21, stream 3, session 13521
04-25 08:11:07.189   916 12307 V GameAudioEffects: outputStarted  portId(3567)
04-25 08:11:07.189  1175  5108 W gralloc4: Buffer descriptor with invalid usage bits 0x2000
04-25 08:11:07.189   916 12307 D GameAudioEffects: hasAliveFastEffectTracks  return (0)
04-25 08:11:07.189   916 12307 D AudioPolicyManager: oplusSelectOutputForMusicEffects pendingOutput  => 21  flags => 0x00000008  outputTageName =>deep_buffer outputs.size(4) older music effect ouput(21), hasAliveGameTracks(0)
04-25 08:11:07.189   916 12307 D APM_AudioPolicyManager: setOutputDevice() output 21 device ** force 0 delayMs 0
04-25 08:11:07.190   916 12307 W APM::AudioPolicyEngine: getDevicesForStrategy() unknown strategy: -1
04-25 08:11:07.190  1175  5108 W gralloc4: Buffer descriptor with invalid usage bits 0x2000
04-25 08:11:07.190   916 12307 W APM::AudioPolicyEngine: getDevicesForStrategy() unknown strategy: -1
04-25 08:11:07.190   916 12307 D AudioPolicyManagerCustomImpl: getMaxTrackSampleRate 48000
04-25 08:11:07.190   916 12307 D AudioPolicyManagerCustomImpl: hifiAudio_startOutputSamplerate(), force policyForceReplace samplerate 48000
04-25 08:11:07.190   916 12307 D AudioPolicyManagerCustomImpl: hifiAudio_startOutputSamplerate, replace sample rate with  mHiFiOutputDefaultSampleRate
04-25 08:11:07.190   916 12307 D AudioFlinger: [OPEN_PA_STATE]addTrack_l flag 2
04-25 08:11:07.190  1132  1132 D OplusAudioState: updateAudioState eventId:37
04-25 08:11:07.190  1132  1132 D OplusAudioState: updateAudioState eventId:1
04-25 08:11:07.191   916 12307 D AudioFlinger_Threads: add track_l: stream(3), fast(0), device(AUDIO_DEVICE_OUT_SPEAKER), isOutputDeepBuffer(1) isVoicePlayback(0)
04-25 08:11:07.191   878 15998 E se.dirac.effect: first processing
04-25 08:11:07.191  1554  5689 I system_server: oneway function results will be dropped but finished with status OK and parcel size 4
04-25 08:11:07.191  5076 10314 D OplusAtlasAudioState: getActiveAudioMusic ret = true
04-25 08:11:07.191   878 15991 D AudioALSAStreamManager: +syncSharedOutDevice(), originDevice/routingSharedOutDevice: 0x2/0x2, mAudioMode: 0
04-25 08:11:07.191   878 15991 D AudioIEMsController: routing(+), cur out 0x0 in 0x0, hs 0, bt 0, usb 0, device 0x2, mask 0x1, on 0
04-25 08:11:07.191   878 15991 D AudioIEMsController: routing(-), cur out 0x0 in 0x0
04-25 08:11:07.191   878 15991 D AudioMTKGainController: setNormalVolume(), mSceneIndex = 0, stream 3, devices 0x2, index 9, mode 0x0
04-25 08:11:07.191   878 15991 D AudioMTKGainController: setNormalVolume(), mSceneIndex = 0, stream 3, devices 0x2, index 9, mode 0x0, gainDevice 0x2
04-25 08:11:07.191   878 15991 D AudioALSAStreamOut: open(), flags 8
04-25 08:11:07.191   878 15991 D AudioALSAStreamOut: open() checkCardClose 0
04-25 08:11:07.191   878 15991 D audio_engineer_test: disable_force_test: disable=0 force_test_dis=0 stream_open_count=0
04-25 08:11:07.191   878 15991 D AudioALSAStreamManager: +createPlaybackHandler(), mAudioMode = 0, output_devices = 0x2, isMixerOut = 0, isBypassAurisys = 0, flag = 8, isIEMsSource = 0, isIEMsOn = 0
04-25 08:11:07.191   878 15991 D AudioALSAStreamManager: needEnableVoip(), output_devices = 0x2, flags: 0x8, mAvailableOutputFlags: 0x1c00f, enable: 0
04-25 08:11:07.191   878 15991 D AudioSpeechEnhanceInfo: IsAPDMNRTuningEnable(), 0
04-25 08:11:07.192   878 15991 D AudioDspStreamManager: getDspOutHandlerEnable flag = 8 ret = 5 device = 2 device_support = 2 retval = 1
04-25 08:11:07.192   878 15991 D AudioALSAPlaybackHandlerDsp: AudioALSAPlaybackHandlerDsp() mPlaybackHandlerType = 10
04-25 08:11:07.192   878 15991 D AudioALSAStreamOut: open() checkCardClose 1
04-25 08:11:07.192   878 15991 D audio_engineer_test: disable_force_test: disable=1 force_test_dis=0 stream_open_count=0
04-25 08:11:07.192   878 15991 D AudioALSADeviceParser: compare pcm success = 63, stringpair = DSP_Playback_DeepBuf
04-25 08:11:07.192   878 15991 D AudioALSAPlaybackHandlerDsp: chooseTargetSampleRate() hifi_enable = 1 device_support_hifi = 0, PrimarySampleRate = 48000
04-25 08:11:07.192   878 15991 D AudioALSAPlaybackHandlerBase: transferAudioFormatToPcmFormat(), audio_format(0x3) => pcm_format(0x1)
04-25 08:11:07.192   878 15991 D AudioALSAPlaybackHandlerDsp: open(), flag 8, mDevice = 0x2, mConfig: channels = 2, rate = 48000, period_size = 2048, period_count = 2, format = 1 avail_min = 0
04-25 08:11:07.192   878 15991 D audio_messenger_ipi: audio_ipi_dma_cbk_register(), task 8, sz 32768/69632, cbk 0xea968ab4, arg 0xe2d0fb80
04-25 08:11:07.193 18095 18160 D SurfaceUtils: connecting to surface 0xb400007cdabc4010, reason connectToSurface
04-25 08:11:07.193  1175 18168 I MtkOmxVdecExV4L2: [0xe8d10240] ConvertFrame create job: 182670, fence: 90, LINE: 9946
04-25 08:11:07.193   878 15991 D aurisys_utility: input dev: 0x80000080, fmt = 0x3, fs: 48000, max fs: 48000, ch: 2, max ch: 3, ch maks: 0x3, hw_info_mask: 0x0; output dev: 0x2, fmt = 0x3, fs: 48000, max fs: 48000, ch: 2, max ch: 2, ch maks: 0x3, hw_info_mask: 0xc; task_scene: 8, audio_mode: 0, stream_type: 3, output_flags: 0x8, input_source: 0, input_flags: 0x8; network_info: 0, enhancement_feature_mask: 0x0
04-25 08:11:07.193  5076 10314 D AudioManager: getStreamVolume packageName=com.oplus.atlas, index=9, streamType=3
04-25 08:11:07.193   878 15991 D AudioALSAHardware: UpdateScenceToDsp(), mInputScence = 0, mOutputScence = 0, attribute_out->sample_rate = 48000
04-25 08:11:07.193   878 15991 D AudioALSAHardware: UpdateMultiRecordScenceToDsp(), mInputScence = 0, mOutputScence = 0
04-25 08:11:07.193   878 15991 D AudioALSAHardware: UpdateVoicePlaybackScenceToDsp(), OutputGetScence = 0  , isModeInVoipCall = 0 , isModeInPhoneCall = 0
04-25 08:11:07.193   878 15991 D oplus_audio_config: oplus_get_config(),unkonw config
04-25 08:11:07.193   878 15991 D oplus_audio_config: oplus_is_config_support(),param null
04-25 08:11:07.193  1554  4162 D AS.AudioService: getParameters() keyValuePairs:OPLUS_AUDIO_GET_DEVICE_FORSTREAM:3
04-25 08:11:07.193   878 15991 D aurisys_utility: lib, working fs: 48000, fmt: 0x3, frame = 0, b_interleave = 1, num_ul_ref_buf_array = 0, num_dl_ref_buf_array = 0
04-25 08:11:07.193   878 15991 D aurisys_utility: dl in[type:2], ch: 2, ch_mask: 0x3, buf fs: 48000, buf content fs: 48000, fmt: 0x3; dl out[type:3], ch: 2, ch_mask: 0x3, buf fs: 48000, buf content fs: 48000, fmt: 0x3
04-25 08:11:07.193   878 15991 D aurisys_lib_handler: aurisys_arsi_parsing_param_file(), gProductInfo "platform=MT6893,device=OP515BL1,model=DN2101", file_path "/vendor/etc/audio_param", enhancement_mode 0, param_buf_size 128, data_size 128, custom_info SetAudioCustomScene=
04-25 08:11:07.193  1175 18168 D MDP     : DpAsyncBlit: in: job (182670 90) (544, 960, 17408, 8704, C12b, P1), sec0, flush 0 Buffer 0: plane=2 bufVA={0x41,0x41,0x0} bufMVA={0x0,0x0,0x0} bufSize={0x7f800,0x3fc00,0x0} proxy={0xedd86f20,0x0,0x0}fence=-1
04-25 08:11:07.193  1175 18168 D MDP     : DpAsyncBlit: out0: (540, 960, 544, 544, C12, P1), misc: (X:0, Y:0, R:0, F:0, S:0, A:0, D:0), sec0, flush 0 Buffer 0: plane=2 bufVA={0x28,0x28,0x0} bufMVA={0x0,0x0,0x0} bufSize={0x7f800,0x3fc00,0x0} proxy={0xedd86f50,0x0,0x0}fence=-1
04-25 08:11:07.193  1175 18168 D MDP     : DpAsyncBlit: crop0: (0, 0, 540, 960, 0, 0, 0, 0)
04-25 08:11:07.193   878 15991 D audio_messenger_ipi: hal send, task: 8, msg_id: 0x15, ack_type: 1, p1: 0x2bc, p2: 0x0, dma sz: 0, idx: 0, hal sz: 700
04-25 08:11:07.194   612   612 E SELinux : avc:  denied  { find } for interface=vendor.mediatek.hardware.mmagent::IMMAgent sid=u:r:mediacodec:s0 pid=1175 scontext=u:r:mediacodec:s0 tcontext=u:object_r:mtk_hal_mmagent_hwservice:s0 tclass=hwservice_manager permissive=0
04-25 08:11:07.194  1175 18205 E MDP     : [PQ][DpAIPqControl] workerLoop: Failed to get service
04-25 08:11:07.194  1175  5108 W gralloc4: Buffer descriptor with invalid usage bits 0x2000
04-25 08:11:07.195   935  4479 I BufferQueueProducer: [SurfaceView - coding.universe.mojcompose/coding.universe.mojcompose.MainActivity#0](id:3a700002033,api:3,p:18095,c:935) connect(): api=3 producerControlledByApp=true
04-25 08:11:07.195 18095 18160 I MediaCodec: [OMX.MTK.VIDEO.DECODER.AVC] setting surface generation to 18529283
04-25 08:11:07.195 18095 18160 D SurfaceUtils: disconnecting from surface 0xb400007cdabc4010, reason connectToSurface(reconnect)
04-25 08:11:07.195   935  4479 I BufferQueueProducer: [SurfaceView - coding.universe.mojcompose/coding.universe.mojcompose.MainActivity#0](id:3a700002033,api:3,p:18095,c:935) disconnect(): api=3
04-25 08:11:07.195  1175  5108 W gralloc4: Buffer descriptor with invalid usage bits 0x2000
04-25 08:11:07.195 18095 18160 D SurfaceUtils: connecting to surface 0xb400007cdabc4010, reason connectToSurface(reconnect)
04-25 08:11:07.196 18095 18180 D ACodec  : [OMX.MTK.VIDEO.DECODER.AVC] Now Executing
04-25 08:11:07.197  1175 18168 I MtkOmxVdecExV4L2: [0xe8d10240] ConvertFrame create job: 182671, fence: 143, LINE: 9946
04-25 08:11:07.197  1175 18164 D MDP     : DpAsyncBlitStream: video id: 0, pJob->config.videoID: 0
04-25 08:11:07.199  5076 10314 D OplusAtlasAudioState: isSpeakerMute() device: 2 ,index:9,ST:3
04-25 08:11:07.199  5076 10314 D OplusAtlasAudioState: checkAndSetPaState(state:2,mute:false), hasMusic:true,mode:0 ,mIsPlaybackRecord:true
04-25 08:11:07.199   935  4479 I BufferQueueProducer: [SurfaceView - coding.universe.mojcompose/coding.universe.mojcompose.MainActivity#0](id:3a700002033,api:3,p:18095,c:935) connect(): api=3 producerControlledByApp=true
04-25 08:11:07.199  1175  5108 E OMXNodeInstance: setParameter(0xe8d10244:MTK.DECODER.AVC, ??(0x7f00002b)) ERROR: IncorrectStateOperation(0x80001018)
04-25 08:11:07.199 18095 18161 W ACodec  : Failed to set ANW_HWComposer to OMX, ignoring (-2147483648)
04-25 08:11:07.199  1175  5108 I MtkOmxVdecExV4L2: [0xe8d10240] [SetColorFormat_MTKYUV] mAlwaysColorConvertWithNW -> HAL_PIXEL_FORMAT_NV12
04-25 08:11:07.199  1175  5108 I MtkOmxVdecExV4L2: [0xe8d10240] --- GetOutputPortDefinition --- (540 960 544 960 24 783360 0x1000), pPortDef (540 960 544 960 24 12 0x1000)
04-25 08:11:07.200  1175  5108 E MtkOmxVdecExV4L2: [0xe8d10240] Ignore SP AndroidNativeBufferConsumerUsage in mState:(3)
04-25 08:11:07.200   878 15991 D AudioALSAPlaybackHandlerBase: openPcmDriverWithFlag(), pcm device = 63 flag = 0x8 mPcm = 0xecf32b40
04-25 08:11:07.200   878 15991 D AudioDspStreamManager: dataPassToCodec output_devices = 0x2 mAudioOutputFlags = 8 devicecount = 1 ret = 1
04-25 08:11:07.200   878 15991 D AudioDspStreamManager: dataPasstoDspAfe output_devices = 0x2 Flags = 8 isUseAdspPlaybackTask = 1 ret = 1
04-25 08:11:07.200   878 15991 D AudioDspStreamManager: needOpenPlaybackTask ret = 1 mDspStreamState = 0 dspstartflag = 1
04-25 08:11:07.200   878 15991 D AudioDspStreamManager: setDspRuntimeEn(), task_scene = 9, condition = 1
04-25 08:11:07.200   878 15991 D AudioDspStreamManager: setDspRefRuntimeEn(), task_scene = 9, condition = 1
04-25 08:11:07.200   878 15991 D audio_messenger_ipi: audio_ipi_dma_cbk_register(), task 9, sz 32768/65536, cbk 0xea968ab4, arg 0xe2d0fb80
04-25 08:11:07.200   878 15991 D AudioALSADeviceParser: compare pcm success = 64, stringpair = DSP_Playback_Playback
04-25 08:11:07.200   878 15991 D AudioALSADeviceParser: compare pcm success = 15, stringpair = Capture_6
04-25 08:11:07.200   878 15991 D AudioALSADeviceParser: compare pcm success = 13, stringpair = Capture_4
04-25 08:11:07.200   878 15991 D AudioALSADeviceParser: compare pcm success = 4, stringpair = Playback_4
04-25 08:11:07.200 18095 18161 D SurfaceUtils: set up nativeWindow 0xb400007cdabc4010 for 540x960, color 0x1000, rotation 0, usage 0x402900
04-25 08:11:07.200   878 15991 D aurisys_utility: input dev: 0x0, fmt = 0x4, fs: 48000, max fs: 48000, ch: 2, max ch: 3, ch maks: 0xc, hw_info_mask: 0x0; output dev: 0x2, fmt = 0x4, fs: 48000, max fs: 48000, ch: 2, max ch: 2, ch maks: 0xc, hw_info_mask: 0xc; task_scene: 9, audio_mode: 0, stream_type: 3, output_flags: 0x800, input_source: 0, input_flags: 0x800; network_info: 0, enhancement_feature_mask: 0x0
04-25 08:11:07.200   878 15991 D AudioALSAHardware: UpdateScenceToDsp(), mInputScence = 0, mOutputScence = 0, attribute_out->sample_rate = 48000
04-25 08:11:07.200   878 15991 D AudioALSAHardware: UpdateMultiRecordScenceToDsp(), mInputScence = 0, mOutputScence = 0
04-25 08:11:07.200   878 15991 D AudioALSAHardware: UpdateVoicePlaybackScenceToDsp(), OutputGetScence = 0  , isModeInVoipCall = 0 , isModeInPhoneCall = 0
04-25 08:11:07.200   878 15991 D oplus_audio_config: oplus_get_config(),unkonw config
04-25 08:11:07.200   878 15991 D oplus_audio_config: oplus_is_config_support(),param null
04-25 08:11:07.200  1175 18164 D MDP     : DpAsyncBlitStream: video id: 0, pJob->config.videoID: 0
04-25 08:11:07.200   878 15991 D aurisys_utility: lib, working fs: 48000, fmt: 0x4, frame = 0, b_interleave = 1, num_ul_ref_buf_array = 0, num_dl_ref_buf_array = 1
04-25 08:11:07.200   878 15991 D aurisys_utility: dl in[type:2], ch: 2, ch_mask: 0x3, buf fs: 48000, buf content fs: 48000, fmt: 0x4; dl out[type:3], ch: 2, ch_mask: 0x3, buf fs: 48000, buf content fs: 48000, fmt: 0x4
04-25 08:11:07.200   878 15991 D aurisys_utility: dl ref[type:5], ch: 2, ch_mask: 0x3, buf fs: 48000, buf content fs: 48000, fmt: 0x3
04-25 08:11:07.200   878 15991 D aurisys_lib_handler: aurisys_arsi_parsing_param_file(), gProductInfo "platform=MT6893,device=OP515BL1,model=DN2101", file_path "/odm/etc/audio/smartpa_param/", enhancement_mode 0, param_buf_size 2656, data_size 2656, custom_info SetAudioCustomScene=
04-25 08:11:07.200   878 15991 D audio_messenger_ipi: hal send, task: 9, msg_id: 0x15, ack_type: 1, p1: 0xc9c, p2: 0x0, dma sz: 0, idx: 0, hal sz: 3228
04-25 08:11:07.200  1175 18168 I MtkOmxVdecExV4L2: [0xe8d10240] ConvertFrame create job: 182672, fence: 42, LINE: 9946
04-25 08:11:07.201   935  4479 W gralloc4: Buffer descriptor with invalid usage bits 0x2000
04-25 08:11:07.202   935  4479 I chatty  : uid=1000(system) Binder:935_5 identical 4 lines
04-25 08:11:07.202   935  4479 W gralloc4: Buffer descriptor with invalid usage bits 0x2000
04-25 08:11:07.202   878 15991 D AudioDspStreamManager: openPlaybackTask: playbackhandler flags: 0x8
04-25 08:11:07.202   878 15991 D AudioALSADeviceConfigManager: ApplyDeviceTurnonSequenceByName() DeviceName = TINYCONN_I2S0_TO_CAPTURE4 descriptor->DeviceStatusCounte = 0
04-25 08:11:07.202   935  4479 W gralloc4: Buffer descriptor with invalid usage bits 0x2000
04-25 08:11:07.202   935  4479 W gralloc4: Buffer descriptor with invalid usage bits 0x2000
04-25 08:11:07.202   878 15991 D AudioALSADeviceConfigManager: ApplyDeviceTurnonSequenceByName() DeviceName = PLAYBACK4_TO_I2S3 descriptor->DeviceStatusCounte = 0
04-25 08:11:07.202   935  1001 W gralloc4: Buffer descriptor with invalid usage bits 0x2000
04-25 08:11:07.203   935  1001 I chatty  : uid=1000(system) Binder:935_2 identical 1 line
04-25 08:11:07.203   935  1001 W gralloc4: Buffer descriptor with invalid usage bits 0x2000
04-25 08:11:07.203   878 15991 D AudioALSADeviceConfigManager: ApplyDeviceTurnonSequenceByName() DeviceName = SPK_OUT_DEVICE_CTRL_PRE_PMU descriptor->DeviceStatusCounte = 0
04-25 08:11:07.203   935  1001 W gralloc4: Buffer descriptor with invalid usage bits 0x2000
04-25 08:11:07.203   878 15991 D AudioDspStreamManager: openPlaybackTask(), mPlaybackDlConfig: channels = 2, rate = 48000, period_size = 512, period_count = 4, format = 3, mPlaybackIVConfig: channels = 2, rate = 48000, period_size = 512, period_count = 4, format = 1, mPlaybackUlConfig: channels = 2, rate = 48000, period_size = 512, period_count = 4, format = 3, mDspConfig: channels = 2, rate = 48000, period_size = 512, period_count = 4, format = 3
04-25 08:11:07.203 18095 18160 D SurfaceUtils: disconnecting from surface 0xb400007cdabc2010, reason disconnectFromSurface
04-25 08:11:07.203 18095 18160 I BufferQueueProducer: [SurfaceTexture-1-18095-0](id:46af00000000,api:3,p:18095,c:18095) disconnect(): api=3
04-25 08:11:07.203 18095 18180 D OplusACodec: inputbuffer, mSrOsieMMListCheckResult: 0, mIsSrSwitchOn: 0, mIsSrEnable: 0
04-25 08:11:07.203  1175 18164 D MDP     : DpAsyncBlitStream: video id: 0, pJob->config.videoID: 0
04-25 08:11:07.204  1175 21490 W gralloc4: Buffer descriptor with invalid usage bits 0x2000
04-25 08:11:07.205 18095 18180 D OplusACodec: inputbuffer, mSrOsieMMListCheckResult: 0, mIsSrSwitchOn: 0, mIsSrEnable: 0
04-25 08:11:07.205  5167  5167 D OplusDiracService: mrDiracEffectBroadcastReceiver action = android.Multimedia.AudioEffect.AudioTrack_BROADCAST
04-25 08:11:07.205  5167  5167 D OplusDiracService: +new tast
04-25 08:11:07.205  5167  5167 D OplusDiracService: -new tast
04-25 08:11:07.205  5167 15992 D DiracDetectSceneService: Task.run, effectenable = true
04-25 08:11:07.205   916 12307 V AudioPolicyIntefaceImpl: getOutput()
04-25 08:11:07.206 18095 18161 D OplusACodec: inputbuffer, mSrOsieMMListCheckResult: 0, mIsSrSwitchOn: 0, mIsSrEnable: 0
04-25 08:11:07.206   916 12307 V AudioPolicyIntefaceImpl: getOutput()
04-25 08:11:07.206   916  5837 V AudioPolicyIntefaceImpl: getOutput()
04-25 08:11:07.206  1175 21490 W gralloc4: Buffer descriptor with invalid usage bits 0x2000
04-25 08:11:07.206  5167 15992 D DiracDetectSceneService: checkAndSetDirac : activeAudioPids = :18095
04-25 08:11:07.206 18095 18176 D AudioTrack: INSP: type=audio,case=1,set=0xb400007c64f35900,stream_type=-1,sample_rate=44100,format=0x1,channel_mask=0x3,frame_count=11025,flags=0x0,notification_frames=0,session_id=13529,transfer_type=3,uid=-1,pid=-1
04-25 08:11:07.206 18095 18176 D AudioTrack: INSP: type=audio,case=1,attributes=1,content_type=0,usage=1,source=-1,flags=0xa00
04-25 08:11:07.206 18095 18176 D erse.mojcompos: set() ro.oplus.audio.effect.type = dirac
04-25 08:11:07.206 18095 18176 D AudioTrack: set() streamType -1, sampleRate 44100, format 0x1, channelMask 0x3, frameCount 11025, flags #0, notificationFrames 0, sessionId 13529, transferType 3, uid -1, pid -1 cbf 1
04-25 08:11:07.206 18095 18176 D AudioTrack: gATLogLevel = 0
04-25 08:11:07.206 18095 18176 D AudioTrack: set(): Building AudioTrack with attributes: usage=1 content=0 flags=0xa00 tags=[]
04-25 08:11:07.206  5167 15992 D DiracDetectSceneService: +activePidList = [18095]
04-25 08:11:07.207  5167 15992 D DiracDetectSceneService: +activeAudioAppList = [coding.universe.mojcompose]
04-25 08:11:07.207 18095 18161 W gralloc4: Buffer descriptor with invalid usage bits 0x2000
04-25 08:11:07.207  5167 15992 D DiracDetectSceneService: isInMusicAppList appName:coding.universe.mojcompose
04-25 08:11:07.207  5167 15992 D DiracDetectSceneService: isInVideoAppList appName:coding.universe.mojcompose
04-25 08:11:07.208  5167 15992 D DiracDetectSceneService: isInGameAppList appName:coding.universe.mojcompose
04-25 08:11:07.208  5167 15992 D DiracDetectSceneService: isInVideo2AppList appName:coding.universe.mojcompose
04-25 08:11:07.208  5167 15992 D OplusDiracService: commonDiracToast str = this app not in list, Service Close Dirac
04-25 08:11:07.208  5167 15992 D DiracDetectSceneService: this case is not in app list
04-25 08:11:07.208  5167 15992 D OplusDiracService: setDiracEffectInternal ++++ enable = false mode = NONE mSceneModeForUI:AUTO
04-25 08:11:07.208  5167 15992 D OplusDiracService: isHeadsetOn mWiredHeadsetOn:false mA2dpConnected:false
04-25 08:11:07.208  5167 15992 D OplusDiracService: ignore this time setDiracEnalbe, enable = false mode = NONE mSceneModeForUI = AUTO
04-25 08:11:07.208  1175 21490 W gralloc4: Buffer descriptor with invalid usage bits 0x2000
04-25 08:11:07.209  1175 18168 I MtkOmxVdecExV4L2: [0xe8d10240] ConvertFrame create job: 182673, fence: 151, LINE: 9946
04-25 08:11:07.209 18095 18176 D AudioTrack: set(): 0xb400007c64f35900, Create AudioTrackThread, tid = 18206
04-25 08:11:07.210   916  5837 V AudioPolicyIntefaceImpl: getOutputForAttr()
04-25 08:11:07.210 18095 18161 D OplusACodec: inputbuffer, mSrOsieMMListCheckResult: 0, mIsSrSwitchOn: 0, mIsSrEnable: 0
04-25 08:11:07.211 18073 18073 I GH.CAR  : onCreate
04-25 08:11:07.212 18095 18161 W gralloc4: Buffer descriptor with invalid usage bits 0x2000
04-25 08:11:07.212   916  5837 D APM_AudioPolicyManager: getOutputForDevices session 13529 stream 3 flags 8
04-25 08:11:07.212   916  5837 D APM_AudioPolicyManager: deep buffer already active
04-25 08:11:07.212   916  5837 D OplusAudioVoiceScence: addOutputMtkAudioScence sample_rate=44100, is_voice_scence_enable(1)
04-25 08:11:07.212  1175 21490 W gralloc4: Buffer descriptor with invalid usage bits 0x2000
04-25 08:11:07.212   916  5837 D voice_scence_discern: add name:sample_rate,  value:44100
04-25 08:11:07.212   916  5837 V voice_scence_discern: add name:sample_rate value:44100 list:0xb40000753455e280
04-25 08:11:07.212   916  5837 D voice_scence_discern: add name:channels,  value:2
04-25 08:11:07.212   916  5837 V voice_scence_discern: add name:channels value:2 list:0xb40000753455e280
04-25 08:11:07.212 18095 18161 D OplusACodec: inputbuffer, mSrOsieMMListCheckResult: 0, mIsSrSwitchOn: 0, mIsSrEnable: 0
04-25 08:11:07.212   916  5837 D voice_scence_discern: get scence process pid:18095, name:coding.universe.mojcompose
04-25 08:11:07.212   916  5837 V voice_scence_discern: this process not in init apk. apk_list:0xb400007534571bc0
04-25 08:11:07.212   916  5837 D OplusAudioVoiceScence: scenceState=0, callingPid=18095
04-25 08:11:07.213   916  5837 D APM_AudioPolicyManager: [MTK_APM_Output]getOutputForAttr() returns output 21 requestedPortId 0 selectedDeviceId 3 for port ID 3568, sample_rate 44100, format 1, channel_mask 3, flags 8 stream 3
04-25 08:11:07.213   916  5837 D AudioFlinger_Threads: createTrack_l output 21  latencyMs 128 mNormalFrameCount 2048 mSampleRate 48000
04-25 08:11:07.213   916  5837 D AudioFlinger_Threads: createTrack_l output 21 minFrameCount 5655 frameCount 11025
04-25 08:11:07.213 18095 18161 W gralloc4: Buffer descriptor with invalid usage bits 0x2000
04-25 08:11:07.213   916  1174 V GameAudioEffects: outputSelected a new track request output with porId(3568), session(13529), uid(10512) stream(3) flags(0x8)
04-25 08:11:07.213   916  5837 D AudioFlinger_Threads: Client defaulted notificationFrames to 3675 for frameCount 11025
04-25 08:11:07.213   916  5837 D AudioFlinger_Threads: createTrack_l output 21 final frameCount 11025 for track session 13529 , mFrameCount 2048, mNormalFrameCount 2048, notificationFrameCount 3675
04-25 08:11:07.213   916  5837 D AF::Track: Track, track(0xb400007534443c00): mFastIndex -1, mStreamType 3, mId 3422, mFrameCount 11025, mSampleRate 44100, mFormat 1, mChannelCount 2, mTrackCount 3367, thread 0xb40000752b80d900, sessionId 13529, AudioOut_15, primary-8
04-25 08:11:07.213  1175 21490 W gralloc4: Buffer descriptor with invalid usage bits 0x2000
04-25 08:11:07.213  1175 18164 D MDP     : DpAsyncBlitStream: video id: 0, pJob->config.videoID: 0
04-25 08:11:07.213 18095 18161 D OplusACodec: inputbuffer, mSrOsieMMListCheckResult: 0, mIsSrSwitchOn: 0, mIsSrEnable: 0
04-25 08:11:07.214 18095 18161 W gralloc4: Buffer descriptor with invalid usage bits 0x2000
04-25 08:11:07.215  1175 21490 W gralloc4: Buffer descriptor with invalid usage bits 0x2000
04-25 08:11:07.215 18095 18161 D OplusACodec: inputbuffer, mSrOsieMMListCheckResult: 0, mIsSrSwitchOn: 0, mIsSrEnable: 0
04-25 08:11:07.215   916  5837 D AF::TrackHandle: OpPlayAudio: track:3422 usage:1 not muted
04-25 08:11:07.216 18095 18208 D MetadataUtil: Skipped unknown metadata entry: ������
04-25 08:11:07.216 18095 18208 D MetadataUtil: Skipped unknown metadata entry: ������
04-25 08:11:07.216 18095 18208 D MetadataUtil: Skipped unknown metadata entry: ������
04-25 08:11:07.216 18095 18208 D MetadataUtil: Skipped unknown metadata entry: ������
04-25 08:11:07.216   916  1174 E GameAudioEffects: outputSelected call  getListValueByPid(fast-audio-effects) but return null, callingPid(18095))
04-25 08:11:07.217 18095 18161 W gralloc4: Buffer descriptor with invalid usage bits 0x2000
04-25 08:11:07.217 18095 18176 D AudioTrack: createTrack_l(3568): 0xb400007c64f35900, mCblk = 0x7c4c4310e0, mLatency = 378, mAfLatency = 128, frameCount = 11025, mSampleRate = 44100, mFlags = 0x8, mReqFrameCount = 11025, mNotificationFramesAct = 3675
04-25 08:11:07.217  1175 21490 W gralloc4: Buffer descriptor with invalid usage bits 0x2000
04-25 08:11:07.217 18095 18161 D OplusACodec: inputbuffer, mSrOsieMMListCheckResult: 0, mIsSrSwitchOn: 0, mIsSrEnable: 0
04-25 08:11:07.218 18095 18161 W gralloc4: Buffer descriptor with invalid usage bits 0x2000
04-25 08:11:07.218  1175 21490 W gralloc4: Buffer descriptor with invalid usage bits 0x2000
04-25 08:11:07.219 18095 18161 D OplusACodec: inputbuffer, mSrOsieMMListCheckResult: 0, mIsSrSwitchOn: 0, mIsSrEnable: 0
04-25 08:11:07.219 18095 18176 D AudioTrack: setVolume(3568): 0xb400007c64f35900, left = 1.000000, right = 1.000000
04-25 08:11:07.220 18095 18161 W gralloc4: Buffer descriptor with invalid usage bits 0x2000
04-25 08:11:07.220 18095 18176 D AudioTrack: start(3568): prior state:STATE_STOPPED output 21 stream 3 session 13529
04-25 08:11:07.220  1175 21490 W gralloc4: Buffer descriptor with invalid usage bits 0x2000
04-25 08:11:07.220   916 12307 V AudioPolicyIntefaceImpl: startOutputSamplerate(), portId = 3568, samplerate = 44100
04-25 08:11:07.220   916 12307 D AudioPolicyManagerCustomImpl: hifiAudio_startOutputSamplerate() +output = 3568  +samplerate = 44100 mPrimaryOutput = 13 HifiState = 1 stream 3, session 13529
04-25 08:11:07.220   916 12307 D APM_AudioPolicyManager: startOutput portId 3568
04-25 08:11:07.220   916 12307 D APM_AudioPolicyManager: startOutput() output 21, stream 3, session 13529
04-25 08:11:07.220   916 12307 V GameAudioEffects: outputStarted  portId(3568)
04-25 08:11:07.220 18095 18161 D OplusACodec: inputbuffer, mSrOsieMMListCheckResult: 0, mIsSrSwitchOn: 0, mIsSrEnable: 0
04-25 08:11:07.221   916 12307 D GameAudioEffects: hasAliveFastEffectTracks  return (0)
04-25 08:11:07.221   916 12307 D AudioPolicyManager: oplusSelectOutputForMusicEffects pendingOutput  => 21  flags => 0x00000008  outputTageName =>deep_buffer outputs.size(4) older music effect ouput(21), hasAliveGameTracks(0)
04-25 08:11:07.221   916 12307 D AudioPolicyManagerCustomImpl: getMaxTrackSampleRate 48000
04-25 08:11:07.221   916 12307 D AudioPolicyManagerCustomImpl: hifiAudio_startOutputSamplerate(), force policyForceReplace samplerate 48000
04-25 08:11:07.221   916 12307 D AudioPolicyManagerCustomImpl: hifiAudio_startOutputSamplerate, replace sample rate with  mHiFiOutputDefaultSampleRate
04-25 08:11:07.221   916 12307 D AudioFlinger: [OPEN_PA_STATE]addTrack_l flag 2
04-25 08:11:07.221  1132  1132 D OplusAudioState: updateAudioState eventId:37
04-25 08:11:07.222  1132  1132 D OplusAudioState: updateAudioState eventId:1
04-25 08:11:07.222   916 12307 D AudioFlinger_Threads: add track_l: stream(3), fast(0), device(AUDIO_DEVICE_OUT_SPEAKER), isOutputDeepBuffer(1) isVoicePlayback(0)
04-25 08:11:07.223  1175 18168 I MtkOmxVdecExV4L2: [0xe8d10240] ConvertFrame create job: 182674, fence: 172, LINE: 9946
04-25 08:11:07.223 18095 18161 D OplusACodec: inputbuffer, mSrOsieMMListCheckResult: 0, mIsSrSwitchOn: 0, mIsSrEnable: 0
04-25 08:11:07.223 18095 18161 D OplusACodec: inputbuffer, mSrOsieMMListCheckResult: 0, mIsSrSwitchOn: 0, mIsSrEnable: 0
04-25 08:11:07.225  5076 10314 D OplusAtlasAudioState: getActiveAudioMusic ret = true
04-25 08:11:07.225  5076 10314 D AudioManager: getStreamVolume packageName=com.oplus.atlas, index=9, streamType=3
04-25 08:11:07.225  1554  4162 D AS.AudioService: getParameters() keyValuePairs:OPLUS_AUDIO_GET_DEVICE_FORSTREAM:3
04-25 08:11:07.226  5076 10314 D OplusAtlasAudioState: isSpeakerMute() device: 2 ,index:9,ST:3
04-25 08:11:07.226  5076 10314 D OplusAtlasAudioState: checkAndSetPaState(state:2,mute:false), hasMusic:true,mode:0 ,mIsPlaybackRecord:true
04-25 08:11:07.227  1175 18164 D MDP     : DpAsyncBlitStream: video id: 0, pJob->config.videoID: 0
04-25 08:11:07.229  5167  5167 D OplusDiracService: mrDiracEffectBroadcastReceiver action = android.Multimedia.AudioEffect.AudioTrack_BROADCAST
04-25 08:11:07.229  5167  5167 D OplusDiracService: +new tast
04-25 08:11:07.229  5167  5167 D OplusDiracService: -new tast
04-25 08:11:07.229  5167 16021 D DiracDetectSceneService: Task.run, effectenable = true
04-25 08:11:07.229  5167 16021 D DiracDetectSceneService: checkAndSetDirac : activeAudioPids = :18095
04-25 08:11:07.230  5167 16021 D DiracDetectSceneService: +activePidList = [18095]
04-25 08:11:07.231  5167 16021 D DiracDetectSceneService: +activeAudioAppList = [coding.universe.mojcompose]
04-25 08:11:07.231  5167 16021 D DiracDetectSceneService: isInMusicAppList appName:coding.universe.mojcompose
04-25 08:11:07.231  5167 16021 D DiracDetectSceneService: isInVideoAppList appName:coding.universe.mojcompose
04-25 08:11:07.231  5167 16021 D DiracDetectSceneService: isInGameAppList appName:coding.universe.mojcompose
04-25 08:11:07.231  5167 16021 D DiracDetectSceneService: isInVideo2AppList appName:coding.universe.mojcompose
04-25 08:11:07.231  5167 16021 D OplusDiracService: commonDiracToast str = this app not in list, Service Close Dirac
04-25 08:11:07.231  5167 16021 D DiracDetectSceneService: this case is not in app list
04-25 08:11:07.231  5167 16021 D OplusDiracService: setDiracEffectInternal ++++ enable = false mode = NONE mSceneModeForUI:AUTO
04-25 08:11:07.231  5167 16021 D OplusDiracService: isHeadsetOn mWiredHeadsetOn:false mA2dpConnected:false
04-25 08:11:07.231  5167 16021 D OplusDiracService: ignore this time setDiracEnalbe, enable = false mode = NONE mSceneModeForUI = AUTO
