04-25 08:10:59.378 17938 17966 D AudioTrack: set() streamType -1, sampleRate 44100, format 0x1, channelMask 0x3, frameCount 11025, flags #0, notificationFrames 0, sessionId 13505, transferType 3, uid -1, pid -1 cbf 1
04-25 08:10:59.378 17938 17966 D AudioTrack: gATLogLevel = 0
04-25 08:10:59.378 17938 17966 D AudioTrack: set(): Building AudioTrack with attributes: usage=1 content=0 flags=0xa00 tags=[]
04-25 08:10:59.379 17938 18015 E FMQ     : grantorIdx must be less than 3
04-25 08:10:59.379 17938 18015 E FMQ     : grantorIdx must be less than 3
04-25 08:10:59.379 17938 18015 D CCodecBufferChannel: [c2.android.aac.decoder#919] Created input block pool with allocatorID 16 => poolID 18 - OK (0)
04-25 08:10:59.379 17938 18015 I CCodecBufferChannel: [c2.android.aac.decoder#919] Created output block pool with allocatorID 16 => poolID 1107 - OK
04-25 08:10:59.380 17938 18015 D CCodecBufferChannel: [c2.android.aac.decoder#919] Configured output block pool ids 1107 => OK
04-25 08:10:59.381 17938 17966 D AudioTrack: set(): 0xb400007cdab2e400, Create AudioTrackThread, tid = 18018
04-25 08:10:59.381  1175  5108 W gralloc4: Buffer descriptor with invalid usage bits 0x2000
04-25 08:10:59.381  1231 18016 D SimpleC2Component: Using output block pool with poolID 1107 => got 1107 - 0
04-25 08:10:59.381   916 10358 V AudioPolicyIntefaceImpl: getOutputForAttr()
04-25 08:10:59.382  1175  5108 W gralloc4: Buffer descriptor with invalid usage bits 0x2000
04-25 08:10:59.382 17938 18015 E FMQ     : grantorIdx must be less than 3
04-25 08:10:59.382   916 10358 D APM_AudioPolicyManager: getOutputForDevices session 13505 stream 3 flags 8
04-25 08:10:59.382   916 10358 D OplusAudioVoiceScence: addOutputMtkAudioScence sample_rate=44100, is_voice_scence_enable(1)
04-25 08:10:59.382   916 10358 D voice_scence_discern: add name:sample_rate,  value:44100
04-25 08:10:59.382   916 10358 V voice_scence_discern: add name:sample_rate value:44100 list:0xb4000075262cb720
04-25 08:10:59.382   916 10358 D voice_scence_discern: add name:channels,  value:2
04-25 08:10:59.382   916 10358 V voice_scence_discern: add name:channels value:2 list:0xb4000075262cb720
04-25 08:10:59.382   916 10358 D voice_scence_discern: get scence process pid:17938, name:coding.universe.mojcompose
04-25 08:10:59.382   916 10358 V voice_scence_discern: this process not in init apk. apk_list:0xb400007534571bc0
04-25 08:10:59.382   916 10358 D OplusAudioVoiceScence: scenceState=0, callingPid=17938
04-25 08:10:59.382  1175  5108 W gralloc4: Buffer descriptor with invalid usage bits 0x2000
04-25 08:10:59.383   916 10358 D APM_AudioPolicyManager: [MTK_APM_Output]getOutputForAttr() returns output 21 requestedPortId 0 selectedDeviceId 3 for port ID 3565, sample_rate 44100, format 1, channel_mask 3, flags 8 stream 3
04-25 08:10:59.383   916  1174 V GameAudioEffects: outputSelected a new track request output with porId(3565), session(13505), uid(10512) stream(3) flags(0x8)
04-25 08:10:59.383   916 10358 D AudioFlinger_Threads: createTrack_l output 21  latencyMs 128 mNormalFrameCount 2048 mSampleRate 48000
04-25 08:10:59.383   916 10358 D AudioFlinger_Threads: createTrack_l output 21 minFrameCount 5655 frameCount 11025
04-25 08:10:59.383   916 10358 D AudioFlinger_Threads: Client defaulted notificationFrames to 3675 for frameCount 11025
04-25 08:10:59.383  1175  5108 W gralloc4: Buffer descriptor with invalid usage bits 0x2000
04-25 08:10:59.383   916 10358 D AudioFlinger_Threads: createTrack_l output 21 final frameCount 11025 for track session 13505 , mFrameCount 2048, mNormalFrameCount 2048, notificationFrameCount 3675
04-25 08:10:59.383 17938 17996 D ACodec  : [OMX.MTK.VIDEO.DECODER.AVC] Now Executing
04-25 08:10:59.383   916 10358 D AF::Track: Track, track(0xb40000752636ca00): mFastIndex -1, mStreamType 3, mId 3419, mFrameCount 11025, mSampleRate 44100, mFormat 1, mChannelCount 2, mTrackCount 3364, thread 0xb40000752b80d900, sessionId 13505, AudioOut_15, primary-8
04-25 08:10:59.385   916 10358 D AF::TrackHandle: OpPlayAudio: track:3419 usage:1 not muted
04-25 08:10:59.386   916  1174 E GameAudioEffects: outputSelected call  getListValueByPid(fast-audio-effects) but return null, callingPid(17938))
04-25 08:10:59.386  1231 18016 I C2SoftAacDec: Reconfiguring decoder: 0->44100 Hz, 0->2 channels
04-25 08:10:59.386 17938 17966 D AudioTrack: createTrack_l(3565): 0xb400007cdab2e400, mCblk = 0x7c4c100000, mLatency = 378, mAfLatency = 128, frameCount = 11025, mSampleRate = 44100, mFlags = 0x8, mReqFrameCount = 11025, mNotificationFramesAct = 3675
04-25 08:10:59.387 17938 17984 E FMQ     : grantorIdx must be less than 3
04-25 08:10:59.389 17938 17966 D AudioTrack: setVolume(3565): 0xb400007cdab2e400, left = 1.000000, right = 1.000000
04-25 08:10:59.390 17938 18015 D CCodecConfig: c2 config diff is   c2::i32 coding.drc.compression-mode.value = 1
04-25 08:10:59.390 17938 18015 D CCodecBuffers: [c2.android.aac.decoder#919:Output[N]] popFromStashAndRegister: output format changed to AMessage(what = 0x00000000) = {
04-25 08:10:59.390 17938 18015 D CCodecBuffers:   int32_t aac-drc-album-mode = 0
04-25 08:10:59.390 17938 18015 D CCodecBuffers:   int32_t aac-drc-boost-level = 127
04-25 08:10:59.390 17938 18015 D CCodecBuffers:   int32_t aac-drc-cut-level = 127
04-25 08:10:59.390 17938 18015 D CCodecBuffers:   int32_t aac-drc-effect-type = 3
04-25 08:10:59.390 17938 18015 D CCodecBuffers:   int32_t aac-drc-heavy-compression = 1
04-25 08:10:59.390 17938 18015 D CCodecBuffers:   int32_t aac-drc-output-loudness = -1
04-25 08:10:59.390 17938 18015 D CCodecBuffers:   int32_t aac-encoded-target-level = -1
04-25 08:10:59.390 17938 18015 D CCodecBuffers:   int32_t aac-max-output-channel_count = 8
04-25 08:10:59.390 17938 18015 D CCodecBuffers:   int32_t aac-target-ref-level = 64
04-25 08:10:59.390 17938 18015 D CCodecBuffers:   int32_t channel-count = 2
04-25 08:10:59.390 17938 18015 D CCodecBuffers:   string mime = "audio/raw"
04-25 08:10:59.390 17938 18015 D CCodecBuffers:   int32_t sample-rate = 44100
04-25 08:10:59.390 17938 18015 D CCodecBuffers: }
04-25 08:10:59.395 17938 17984 D CCodecBuffers: [c2.android.aac.decoder#919:1D-Input.Impl[N]] codec released a buffer owned by client (index 0)
04-25 08:10:59.398 17938 17966 D AudioTrack: start(3565): prior state:STATE_STOPPED output 21 stream 3 session 13505
04-25 08:10:59.399   916 12307 V AudioPolicyIntefaceImpl: startOutputSamplerate(), portId = 3565, samplerate = 44100
04-25 08:10:59.399   916 12307 D AudioPolicyManagerCustomImpl: hifiAudio_startOutputSamplerate() +output = 3565  +samplerate = 44100 mPrimaryOutput = 13 HifiState = 1 stream 3, session 13505
04-25 08:10:59.399   916 12307 D APM_AudioPolicyManager: startOutput portId 3565
04-25 08:10:59.399   916 12307 D APM_AudioPolicyManager: startOutput() output 21, stream 3, session 13505
04-25 08:10:59.399  1175 17989 E MtkOmxVdecExV4L2: [0xe8d10480] [ERROR] SetGrallocExtraQPSum mCodecId 2 fd -1 invalid !!
04-25 08:10:59.399   916 12307 V GameAudioEffects: outputStarted  portId(3565)
04-25 08:10:59.399  1175 17990 I MtkOmxVdecExV4L2: [0xe8d10480] ConvertFrame create job: 182574, fence: 139, LINE: 9946
04-25 08:10:59.399   916 12307 D GameAudioEffects: hasAliveFastEffectTracks  return (0)
04-25 08:10:59.399   916 12307 D AudioPolicyManager: oplusSelectOutputForMusicEffects pendingOutput  => 21  flags => 0x00000008  outputTageName =>deep_buffer outputs.size(4) older music effect ouput(21), hasAliveGameTracks(0)
04-25 08:10:59.399  1175 17990 D MDP     : DpAsyncBlit: in: job (182574 139) (544, 960, 17408, 8704, C12b, P1), sec0, flush 0 Buffer 0: plane=2 bufVA={0x4d,0x4d,0x0} bufMVA={0x0,0x0,0x0} bufSize={0x7f800,0x3fc00,0x0} proxy={0xedd86a10,0x0,0x0}fence=-1
04-25 08:10:59.399  1175 17990 D MDP     : DpAsyncBlit: out0: (540, 960, 544, 544, C12, P1), misc: (X:0, Y:0, R:0, F:0, S:0, A:0, D:0), sec0, flush 0 Buffer 0: plane=2 bufVA={0x39,0x39,0x0} bufMVA={0x0,0x0,0x0} bufSize={0x7f800,0x3fc00,0x0} proxy={0xedd86a70,0x0,0x0}fence=-1
04-25 08:10:59.399  1175 17990 D MDP     : DpAsyncBlit: crop0: (0, 0, 540, 960, 0, 0, 0, 0)
04-25 08:10:59.399   916 12307 D APM_AudioPolicyManager: setOutputDevice() output 21 device ** force 0 delayMs 0
04-25 08:10:59.399   612   612 E SELinux : avc:  denied  { find } for interface=vendor.mediatek.hardware.mmagent::IMMAgent sid=u:r:mediacodec:s0 pid=1175 scontext=u:r:mediacodec:s0 tcontext=u:object_r:mtk_hal_mmagent_hwservice:s0 tclass=hwservice_manager permissive=0
04-25 08:10:59.400  1175 18019 E MDP     : [PQ][DpAIPqControl] workerLoop: Failed to get service
04-25 08:10:59.401 17938 17996 D OplusACodec: inputbuffer, mSrOsieMMListCheckResult: 0, mIsSrSwitchOn: 0, mIsSrEnable: 0
04-25 08:10:59.401   916  1172 D AudioSystem: +setParameters(): volumeDevice=2;volumeIndex=9;volumeStreamType=3
04-25 08:10:59.401   878 20493 D AudioALSAStreamOut: +setParameters(): flag 2, volumeDevice=2;volumeIndex=9;volumeStreamType=3
04-25 08:10:59.402   878 20493 D AudioALSAStreamOut: +paMuteSetParameters(): flag 2, volumeDevice=2;volumeIndex=9;volumeStreamType=3
04-25 08:10:59.402   878 20493 D AudioMTKGainController: setNormalVolume(), mSceneIndex = 0, stream 3, devices 0x2, index 9, mode 0x0
04-25 08:10:59.402   878 20493 D AudioMTKGainController: setNormalVolume(), mSceneIndex = 0, stream 3, devices 0x2, index 9, mode 0x0, gainDevice 0x2
04-25 08:10:59.402   878 20493 D AudioALSAStreamManager: setVolumeIndex() stream= 3, device= 2, index= 9
04-25 08:10:59.402  1175 17985 D MDP     : DpAsyncBlitStream: video id: 0, pJob->config.videoID: 0
04-25 08:10:59.402  1175 17991 E MtkOmxVdecExV4L2: [0xe8d10480] [ERROR] SetGrallocExtraQPSum mCodecId 2 fd -1 invalid !!
04-25 08:10:59.402  1175  5108 W gralloc4: Buffer descriptor with invalid usage bits 0x2000
04-25 08:10:59.402   916 12307 W APM::AudioPolicyEngine: getDevicesForStrategy() unknown strategy: -1
04-25 08:10:59.402   916 12307 W APM::AudioPolicyEngine: getDevicesForStrategy() unknown strategy: -1
04-25 08:10:59.402   916 10358 V AudioPolicyIntefaceImpl: getOutput()
04-25 08:10:59.402   916 12307 D AudioPolicyManagerCustomImpl: getMaxTrackSampleRate 48000
04-25 08:10:59.402   916 12307 D AudioPolicyManagerCustomImpl: hifiAudio_startOutputSamplerate(), force policyForceReplace samplerate 48000
04-25 08:10:59.402   916 12307 D AudioPolicyManagerCustomImpl: hifiAudio_startOutputSamplerate, replace sample rate with  mHiFiOutputDefaultSampleRate
04-25 08:10:59.402   916 12307 D AudioFlinger: [OPEN_PA_STATE]addTrack_l flag 2
04-25 08:10:59.402  1132  1132 D OplusAudioState: updateAudioState eventId:37
04-25 08:10:59.403 17938 17996 D OplusACodec: inputbuffer, mSrOsieMMListCheckResult: 0, mIsSrSwitchOn: 0, mIsSrEnable: 0
04-25 08:10:59.403   916 10358 V AudioPolicyIntefaceImpl: getOutput()
04-25 08:10:59.403  1132  1132 D OplusAudioState: updateAudioState eventId:1
04-25 08:10:59.403   916 12307 D AudioFlinger_Threads: add track_l: stream(3), fast(0), device(AUDIO_DEVICE_OUT_SPEAKER), isOutputDeepBuffer(1) isVoicePlayback(0)
04-25 08:10:59.403  5076 10314 D OplusAtlasAudioState: getActiveAudioMusic ret = true
04-25 08:10:59.404   878 15998 E se.dirac.effect: first processing
04-25 08:10:59.404   916 10358 V AudioPolicyIntefaceImpl: getOutput()
04-25 08:10:59.404  1554  6958 I system_server: oneway function results will be dropped but finished with status OK and parcel size 4
04-25 08:10:59.404   878 15991 D AudioALSAStreamManager: +syncSharedOutDevice(), originDevice/routingSharedOutDevice: 0x2/0x2, mAudioMode: 0
04-25 08:10:59.404   878 15991 D AudioIEMsController: routing(+), cur out 0x0 in 0x0, hs 0, bt 0, usb 0, device 0x2, mask 0x1, on 0
04-25 08:10:59.404   878 15991 D AudioIEMsController: routing(-), cur out 0x0 in 0x0
04-25 08:10:59.404   878 15991 D AudioMTKGainController: setNormalVolume(), mSceneIndex = 0, stream 3, devices 0x2, index 9, mode 0x0
04-25 08:10:59.404   878 15991 D AudioMTKGainController: setNormalVolume(), mSceneIndex = 0, stream 3, devices 0x2, index 9, mode 0x0, gainDevice 0x2
04-25 08:10:59.404   878 15991 D AudioALSAStreamOut: open(), flags 8
04-25 08:10:59.404   878 15991 D AudioALSAStreamOut: open() checkCardClose 0
04-25 08:10:59.404   878 15991 D audio_engineer_test: disable_force_test: disable=0 force_test_dis=0 stream_open_count=0
04-25 08:10:59.404   878 15991 D AudioALSAStreamManager: +createPlaybackHandler(), mAudioMode = 0, output_devices = 0x2, isMixerOut = 0, isBypassAurisys = 0, flag = 8, isIEMsSource = 0, isIEMsOn = 0
04-25 08:10:59.404   878 15991 D AudioALSAStreamManager: needEnableVoip(), output_devices = 0x2, flags: 0x8, mAvailableOutputFlags: 0x1c00f, enable: 0
04-25 08:10:59.404   878 15991 D AudioSpeechEnhanceInfo: IsAPDMNRTuningEnable(), 0
04-25 08:10:59.404   878 15991 D AudioDspStreamManager: getDspOutHandlerEnable flag = 8 ret = 5 device = 2 device_support = 2 retval = 1
04-25 08:10:59.404   878 15991 D AudioALSAPlaybackHandlerDsp: AudioALSAPlaybackHandlerDsp() mPlaybackHandlerType = 10
04-25 08:10:59.404  5076 10314 D AudioManager: getStreamVolume packageName=com.oplus.atlas, index=9, streamType=3
04-25 08:10:59.404   878 15991 D AudioALSAStreamOut: open() checkCardClose 1
04-25 08:10:59.404   878 15991 D audio_engineer_test: disable_force_test: disable=1 force_test_dis=0 stream_open_count=0
04-25 08:10:59.404 17938 17986 D AudioTrack: INSP: type=audio,case=1,set=0xb400007c665f4c00,stream_type=-1,sample_rate=44100,format=0x1,channel_mask=0x3,frame_count=11025,flags=0x0,notification_frames=0,session_id=13513,transfer_type=3,uid=-1,pid=-1
04-25 08:10:59.404 17938 17986 D AudioTrack: INSP: type=audio,case=1,attributes=1,content_type=0,usage=1,source=-1,flags=0xa00
04-25 08:10:59.404  1554  3332 D AS.AudioService: getParameters() keyValuePairs:OPLUS_AUDIO_GET_DEVICE_FORSTREAM:3
04-25 08:10:59.404 17938 17986 D erse.mojcompos: set() ro.oplus.audio.effect.type = dirac
04-25 08:10:59.404 17938 17986 D AudioTrack: set() streamType -1, sampleRate 44100, format 0x1, channelMask 0x3, frameCount 11025, flags #0, notificationFrames 0, sessionId 13513, transferType 3, uid -1, pid -1 cbf 1
04-25 08:10:59.404 17938 17986 D AudioTrack: gATLogLevel = 0
04-25 08:10:59.404 17938 17986 D AudioTrack: set(): Building AudioTrack with attributes: usage=1 content=0 flags=0xa00 tags=[]
04-25 08:10:59.405 17938 17986 D AudioTrack: set(): 0xb400007c665f4c00, Create AudioTrackThread, tid = 18020
04-25 08:10:59.405 17938 17982 D SurfaceUtils: connecting to surface 0xb400007cdab7a010, reason connectToSurface
04-25 08:10:59.405   878 15991 D AudioALSADeviceParser: compare pcm success = 63, stringpair = DSP_Playback_DeepBuf
04-25 08:10:59.405   878 15991 D AudioALSAPlaybackHandlerDsp: chooseTargetSampleRate() hifi_enable = 1 device_support_hifi = 0, PrimarySampleRate = 48000
04-25 08:10:59.405   878 15991 D AudioALSAPlaybackHandlerBase: transferAudioFormatToPcmFormat(), audio_format(0x3) => pcm_format(0x1)
04-25 08:10:59.405   878 15991 D AudioALSAPlaybackHandlerDsp: open(), flag 8, mDevice = 0x2, mConfig: channels = 2, rate = 48000, period_size = 2048, period_count = 2, format = 1 avail_min = 0
04-25 08:10:59.405   878 15991 D audio_messenger_ipi: audio_ipi_dma_cbk_register(), task 8, sz 32768/69632, cbk 0xea968ab4, arg 0xe2122000
04-25 08:10:59.405  5076 10314 D OplusAtlasAudioState: isSpeakerMute() device: 2 ,index:9,ST:3
04-25 08:10:59.405  5076 10314 D OplusAtlasAudioState: checkAndSetPaState(state:2,mute:false), hasMusic:true,mode:0 ,mIsPlaybackRecord:true
04-25 08:10:59.405   916  5837 V AudioPolicyIntefaceImpl: getOutputForAttr()
04-25 08:10:59.405  1175  5108 W gralloc4: Buffer descriptor with invalid usage bits 0x2000
04-25 08:10:59.405 17938 17996 D OplusACodec: inputbuffer, mSrOsieMMListCheckResult: 0, mIsSrSwitchOn: 0, mIsSrEnable: 0
04-25 08:10:59.405   935  1767 I BufferQueueProducer: [SurfaceView - coding.universe.mojcompose/coding.universe.mojcompose.MainActivity#0](id:3a70000202f,api:3,p:17938,c:935) connect(): api=3 producerControlledByApp=true
04-25 08:10:59.406 17938 17982 I MediaCodec: [OMX.MTK.VIDEO.DECODER.AVC] setting surface generation to 18368515
04-25 08:10:59.406 17938 17982 D SurfaceUtils: disconnecting from surface 0xb400007cdab7a010, reason connectToSurface(reconnect)
04-25 08:10:59.406   935  1767 I BufferQueueProducer: [SurfaceView - coding.universe.mojcompose/coding.universe.mojcompose.MainActivity#0](id:3a70000202f,api:3,p:17938,c:935) disconnect(): api=3
04-25 08:10:59.406   878 15991 D aurisys_utility: input dev: 0x80000080, fmt = 0x3, fs: 48000, max fs: 48000, ch: 2, max ch: 3, ch maks: 0x3, hw_info_mask: 0x0; output dev: 0x2, fmt = 0x3, fs: 48000, max fs: 48000, ch: 2, max ch: 2, ch maks: 0x3, hw_info_mask: 0xc; task_scene: 8, audio_mode: 0, stream_type: 3, output_flags: 0x8, input_source: 0, input_flags: 0x8; network_info: 0, enhancement_feature_mask: 0x0
04-25 08:10:59.406   878 15991 D AudioALSAHardware: UpdateScenceToDsp(), mInputScence = 0, mOutputScence = 0, attribute_out->sample_rate = 48000
04-25 08:10:59.406   878 15991 D AudioALSAHardware: UpdateMultiRecordScenceToDsp(), mInputScence = 0, mOutputScence = 0
04-25 08:10:59.406   878 15991 D AudioALSAHardware: UpdateVoicePlaybackScenceToDsp(), OutputGetScence = 0  , isModeInVoipCall = 0 , isModeInPhoneCall = 0
04-25 08:10:59.406   878 15991 D oplus_audio_config: oplus_get_config(),unkonw config
04-25 08:10:59.406   878 15991 D oplus_audio_config: oplus_is_config_support(),param null
04-25 08:10:59.406   878 15991 D aurisys_utility: lib, working fs: 48000, fmt: 0x3, frame = 0, b_interleave = 1, num_ul_ref_buf_array = 0, num_dl_ref_buf_array = 0
04-25 08:10:59.406   878 15991 D aurisys_utility: dl in[type:2], ch: 2, ch_mask: 0x3, buf fs: 48000, buf content fs: 48000, fmt: 0x3; dl out[type:3], ch: 2, ch_mask: 0x3, buf fs: 48000, buf content fs: 48000, fmt: 0x3
04-25 08:10:59.406   878 15991 D aurisys_lib_handler: aurisys_arsi_parsing_param_file(), gProductInfo "platform=MT6893,device=OP515BL1,model=DN2101", file_path "/vendor/etc/audio_param", enhancement_mode 0, param_buf_size 128, data_size 128, custom_info SetAudioCustomScene=
04-25 08:10:59.406   878 15991 D audio_messenger_ipi: hal send, task: 8, msg_id: 0x15, ack_type: 1, p1: 0x2bc, p2: 0x0, dma sz: 0, idx: 0, hal sz: 700
04-25 08:10:59.406  1175  8579 W gralloc4: Buffer descriptor with invalid usage bits 0x2000
04-25 08:10:59.406 17938 17982 D SurfaceUtils: connecting to surface 0xb400007cdab7a010, reason connectToSurface(reconnect)
04-25 08:10:59.406 17938 17996 D OplusACodec: inputbuffer, mSrOsieMMListCheckResult: 0, mIsSrSwitchOn: 0, mIsSrEnable: 0
04-25 08:10:59.406   916  5837 D APM_AudioPolicyManager: getOutputForDevices session 13513 stream 3 flags 8
04-25 08:10:59.406   916  5837 D APM_AudioPolicyManager: deep buffer already active
04-25 08:10:59.406   916  5837 D OplusAudioVoiceScence: addOutputMtkAudioScence sample_rate=44100, is_voice_scence_enable(1)
04-25 08:10:59.406   916  5837 D voice_scence_discern: add name:sample_rate,  value:44100
04-25 08:10:59.406   916  5837 V voice_scence_discern: add name:sample_rate value:44100 list:0xb40000753446cec0
04-25 08:10:59.406   916  5837 D voice_scence_discern: add name:channels,  value:2
04-25 08:10:59.406   916  5837 V voice_scence_discern: add name:channels value:2 list:0xb40000753446cec0
04-25 08:10:59.407   916  5837 D voice_scence_discern: get scence process pid:17938, name:coding.universe.mojcompose
04-25 08:10:59.407   916  5837 V voice_scence_discern: this process not in init apk. apk_list:0xb400007534571bc0
04-25 08:10:59.407   916  5837 D OplusAudioVoiceScence: scenceState=0, callingPid=17938
04-25 08:10:59.407  1175  8579 W gralloc4: Buffer descriptor with invalid usage bits 0x2000
04-25 08:10:59.407   935  1767 I BufferQueueProducer: [SurfaceView - coding.universe.mojcompose/coding.universe.mojcompose.MainActivity#0](id:3a70000202f,api:3,p:17938,c:935) connect(): api=3 producerControlledByApp=true
04-25 08:10:59.408   916  5837 D APM_AudioPolicyManager: [MTK_APM_Output]getOutputForAttr() returns output 21 requestedPortId 0 selectedDeviceId 3 for port ID 3566, sample_rate 44100, format 1, channel_mask 3, flags 8 stream 3
04-25 08:10:59.408  1175  8579 E OMXNodeInstance: setParameter(0xe8d10484:MTK.DECODER.AVC, ??(0x7f00002b)) ERROR: IncorrectStateOperation(0x80001018)
04-25 08:10:59.408   916  5837 D AudioFlinger_Threads: createTrack_l output 21  latencyMs 128 mNormalFrameCount 2048 mSampleRate 48000
04-25 08:10:59.408   916  5837 D AudioFlinger_Threads: createTrack_l output 21 minFrameCount 5655 frameCount 11025
04-25 08:10:59.408 17938 17983 W ACodec  : Failed to set ANW_HWComposer to OMX, ignoring (-2147483648)
04-25 08:10:59.408  1175  5108 I MtkOmxVdecExV4L2: [0xe8d10480] [SetColorFormat_MTKYUV] mAlwaysColorConvertWithNW -> HAL_PIXEL_FORMAT_NV12
04-25 08:10:59.408  1175  5108 I MtkOmxVdecExV4L2: [0xe8d10480] --- GetOutputPortDefinition --- (540 960 544 960 24 783360 0x1000), pPortDef (540 960 544 960 24 12 0x1000)
04-25 08:10:59.408   916  5837 D AudioFlinger_Threads: Client defaulted notificationFrames to 3675 for frameCount 11025
04-25 08:10:59.408   916  5837 D AudioFlinger_Threads: createTrack_l output 21 final frameCount 11025 for track session 13513 , mFrameCount 2048, mNormalFrameCount 2048, notificationFrameCount 3675
04-25 08:10:59.409  1175  5108 E MtkOmxVdecExV4L2: [0xe8d10480] Ignore SP AndroidNativeBufferConsumerUsage in mState:(3)
04-25 08:10:59.409   916  5837 D AF::Track: Track, track(0xb400007534443000): mFastIndex -1, mStreamType 3, mId 3420, mFrameCount 11025, mSampleRate 44100, mFormat 1, mChannelCount 2, mTrackCount 3365, thread 0xb40000752b80d900, sessionId 13513, AudioOut_15, primary-8
04-25 08:10:59.409 17938 17983 D SurfaceUtils: set up nativeWindow 0xb400007cdab7a010 for 540x960, color 0x1000, rotation 0, usage 0x402900
04-25 08:10:59.409   878 15991 D AudioALSAPlaybackHandlerBase: openPcmDriverWithFlag(), pcm device = 63 flag = 0x8 mPcm = 0xecf33da0
04-25 08:10:59.409   878 15991 D AudioDspStreamManager: dataPassToCodec output_devices = 0x2 mAudioOutputFlags = 8 devicecount = 1 ret = 1
04-25 08:10:59.409   878 15991 D AudioDspStreamManager: dataPasstoDspAfe output_devices = 0x2 Flags = 8 isUseAdspPlaybackTask = 1 ret = 1
04-25 08:10:59.409   878 15991 D AudioDspStreamManager: needOpenPlaybackTask ret = 1 mDspStreamState = 0 dspstartflag = 1
04-25 08:10:59.409   878 15991 D AudioDspStreamManager: setDspRuntimeEn(), task_scene = 9, condition = 1
04-25 08:10:59.409   878 15991 D AudioDspStreamManager: setDspRefRuntimeEn(), task_scene = 9, condition = 1
04-25 08:10:59.409   878 15991 D audio_messenger_ipi: audio_ipi_dma_cbk_register(), task 9, sz 32768/65536, cbk 0xea968ab4, arg 0xe2122000
04-25 08:10:59.409   878 15991 D AudioALSADeviceParser: compare pcm success = 64, stringpair = DSP_Playback_Playback
04-25 08:10:59.409   878 15991 D AudioALSADeviceParser: compare pcm success = 15, stringpair = Capture_6
04-25 08:10:59.409   878 15991 D AudioALSADeviceParser: compare pcm success = 13, stringpair = Capture_4
04-25 08:10:59.409   878 15991 D AudioALSADeviceParser: compare pcm success = 4, stringpair = Playback_4
04-25 08:10:59.409   878 15991 D aurisys_utility: input dev: 0x0, fmt = 0x4, fs: 48000, max fs: 48000, ch: 2, max ch: 3, ch maks: 0xc, hw_info_mask: 0x0; output dev: 0x2, fmt = 0x4, fs: 48000, max fs: 48000, ch: 2, max ch: 2, ch maks: 0xc, hw_info_mask: 0xc; task_scene: 9, audio_mode: 0, stream_type: 3, output_flags: 0x800, input_source: 0, input_flags: 0x800; network_info: 0, enhancement_feature_mask: 0x0
04-25 08:10:59.409   878 15991 D AudioALSAHardware: UpdateScenceToDsp(), mInputScence = 0, mOutputScence = 0, attribute_out->sample_rate = 48000
04-25 08:10:59.409   878 15991 D AudioALSAHardware: UpdateMultiRecordScenceToDsp(), mInputScence = 0, mOutputScence = 0
04-25 08:10:59.409   878 15991 D AudioALSAHardware: UpdateVoicePlaybackScenceToDsp(), OutputGetScence = 0  , isModeInVoipCall = 0 , isModeInPhoneCall = 0
04-25 08:10:59.409   878 15991 D oplus_audio_config: oplus_get_config(),unkonw config
04-25 08:10:59.409   878 15991 D oplus_audio_config: oplus_is_config_support(),param null
04-25 08:10:59.409   878 15991 D aurisys_utility: lib, working fs: 48000, fmt: 0x4, frame = 0, b_interleave = 1, num_ul_ref_buf_array = 0, num_dl_ref_buf_array = 1
04-25 08:10:59.409   878 15991 D aurisys_utility: dl in[type:2], ch: 2, ch_mask: 0x3, buf fs: 48000, buf content fs: 48000, fmt: 0x4; dl out[type:3], ch: 2, ch_mask: 0x3, buf fs: 48000, buf content fs: 48000, fmt: 0x4
04-25 08:10:59.409   878 15991 D aurisys_utility: dl ref[type:5], ch: 2, ch_mask: 0x3, buf fs: 48000, buf content fs: 48000, fmt: 0x3
04-25 08:10:59.409   878 15991 D aurisys_lib_handler: aurisys_arsi_parsing_param_file(), gProductInfo "platform=MT6893,device=OP515BL1,model=DN2101", file_path "/odm/etc/audio/smartpa_param/", enhancement_mode 0, param_buf_size 2656, data_size 2656, custom_info SetAudioCustomScene=
04-25 08:10:59.409   878 15991 D audio_messenger_ipi: hal send, task: 9, msg_id: 0x15, ack_type: 1, p1: 0xc9c, p2: 0x0, dma sz: 0, idx: 0, hal sz: 3228
04-25 08:10:59.410   935  1767 W gralloc4: Buffer descriptor with invalid usage bits 0x2000
04-25 08:10:59.410   916  5837 D AF::TrackHandle: OpPlayAudio: track:3420 usage:1 not muted
04-25 08:10:59.410   935  1767 W gralloc4: Buffer descriptor with invalid usage bits 0x2000
04-25 08:10:59.410   935  1001 W gralloc4: Buffer descriptor with invalid usage bits 0x2000
04-25 08:10:59.410   935  1001 I chatty  : uid=1000(system) Binder:935_2 identical 1 line
04-25 08:10:59.410   935  1001 W gralloc4: Buffer descriptor with invalid usage bits 0x2000
04-25 08:10:59.411   916  1174 V GameAudioEffects: outputSelected a new track request output with porId(3566), session(13513), uid(10512) stream(3) flags(0x8)
04-25 08:10:59.411   935  1001 W gralloc4: Buffer descriptor with invalid usage bits 0x2000
04-25 08:10:59.411   916  1174 E GameAudioEffects: outputSelected call  getListValueByPid(fast-audio-effects) but return null, callingPid(17938))
04-25 08:10:59.411   935  1767 W gralloc4: Buffer descriptor with invalid usage bits 0x2000
04-25 08:10:59.411   878 15991 D AudioDspStreamManager: openPlaybackTask: playbackhandler flags: 0x8
04-25 08:10:59.411   878 15991 D AudioALSADeviceConfigManager: ApplyDeviceTurnonSequenceByName() DeviceName = TINYCONN_I2S0_TO_CAPTURE4 descriptor->DeviceStatusCounte = 0
04-25 08:10:59.411   935  1767 W gralloc4: Buffer descriptor with invalid usage bits 0x2000
04-25 08:10:59.411   935  1767 W gralloc4: Buffer descriptor with invalid usage bits 0x2000
04-25 08:10:59.411   878 15991 D AudioALSADeviceConfigManager: ApplyDeviceTurnonSequenceByName() DeviceName = PLAYBACK4_TO_I2S3 descriptor->DeviceStatusCounte = 0
04-25 08:10:59.411   935  1767 W gralloc4: Buffer descriptor with invalid usage bits 0x2000
04-25 08:10:59.412   935  1767 W gralloc4: Buffer descriptor with invalid usage bits 0x2000
04-25 08:10:59.412 17938 17982 D SurfaceUtils: disconnecting from surface 0xb400007cdab78010, reason disconnectFromSurface
04-25 08:10:59.412 17938 17982 I BufferQueueProducer: [SurfaceTexture-1-17938-0](id:461200000000,api:3,p:17938,c:17938) disconnect(): api=3
04-25 08:10:59.412   878 15991 D AudioALSADeviceConfigManager: ApplyDeviceTurnonSequenceByName() DeviceName = SPK_OUT_DEVICE_CTRL_PRE_PMU descriptor->DeviceStatusCounte = 0
04-25 08:10:59.412   878 15991 D AudioDspStreamManager: openPlaybackTask(), mPlaybackDlConfig: channels = 2, rate = 48000, period_size = 512, period_count = 4, format = 3, mPlaybackIVConfig: channels = 2, rate = 48000, period_size = 512, period_count = 4, format = 1, mPlaybackUlConfig: channels = 2, rate = 48000, period_size = 512, period_count = 4, format = 3, mDspConfig: channels = 2, rate = 48000, period_size = 512, period_count = 4, format = 3
04-25 08:10:59.413 17938 17983 D OplusACodec: inputbuffer, mSrOsieMMListCheckResult: 0, mIsSrSwitchOn: 0, mIsSrEnable: 0
04-25 08:10:59.414 17938 17983 W gralloc4: Buffer descriptor with invalid usage bits 0x2000
04-25 08:10:59.414  1175  8579 W gralloc4: Buffer descriptor with invalid usage bits 0x2000
04-25 08:10:59.414 17938 17983 D OplusACodec: inputbuffer, mSrOsieMMListCheckResult: 0, mIsSrSwitchOn: 0, mIsSrEnable: 0
04-25 08:10:59.415 17938 17983 W gralloc4: Buffer descriptor with invalid usage bits 0x2000
04-25 08:10:59.415  1175  5108 W gralloc4: Buffer descriptor with invalid usage bits 0x2000
04-25 08:10:59.416 17938 17983 D OplusACodec: inputbuffer, mSrOsieMMListCheckResult: 0, mIsSrSwitchOn: 0, mIsSrEnable: 0
04-25 08:10:59.417 17938 17986 D AudioTrack: createTrack_l(3566): 0xb400007c665f4c00, mCblk = 0x7c4c1100e0, mLatency = 378, mAfLatency = 128, frameCount = 11025, mSampleRate = 44100, mFlags = 0x8, mReqFrameCount = 11025, mNotificationFramesAct = 3675
04-25 08:10:59.417  5167  5167 D OplusDiracService: mrDiracEffectBroadcastReceiver action = android.Multimedia.AudioEffect.AudioTrack_BROADCAST
04-25 08:10:59.417  5167  5167 D OplusDiracService: +new tast
04-25 08:10:59.417  5167  5167 D OplusDiracService: -new tast
04-25 08:10:59.417  5167 16326 D DiracDetectSceneService: Task.run, effectenable = true
04-25 08:10:59.417  5167 16326 D DiracDetectSceneService: checkAndSetDirac : activeAudioPids = :17938
04-25 08:10:59.417  5167 16326 D DiracDetectSceneService: +activePidList = [17938]
04-25 08:10:59.417 17938 17983 W gralloc4: Buffer descriptor with invalid usage bits 0x2000
04-25 08:10:59.418  1175  5108 W gralloc4: Buffer descriptor with invalid usage bits 0x2000
04-25 08:10:59.418 17938 17983 D OplusACodec: inputbuffer, mSrOsieMMListCheckResult: 0, mIsSrSwitchOn: 0, mIsSrEnable: 0
04-25 08:10:59.419 17938 17986 D AudioTrack: setVolume(3566): 0xb400007c665f4c00, left = 1.000000, right = 1.000000
04-25 08:10:59.419 17938 17983 W gralloc4: Buffer descriptor with invalid usage bits 0x2000
04-25 08:10:59.419 17938 17986 D AudioTrack: start(3566): prior state:STATE_STOPPED output 21 stream 3 session 13513
04-25 08:10:59.419   916 10358 V AudioPolicyIntefaceImpl: startOutputSamplerate(), portId = 3566, samplerate = 44100
04-25 08:10:59.419   916 10358 D AudioPolicyManagerCustomImpl: hifiAudio_startOutputSamplerate() +output = 3566  +samplerate = 44100 mPrimaryOutput = 13 HifiState = 1 stream 3, session 13513
04-25 08:10:59.419   916 10358 D APM_AudioPolicyManager: startOutput portId 3566
04-25 08:10:59.419   916 10358 D APM_AudioPolicyManager: startOutput() output 21, stream 3, session 13513
04-25 08:10:59.419   916 10358 V GameAudioEffects: outputStarted  portId(3566)
04-25 08:10:59.419  1175  5108 W gralloc4: Buffer descriptor with invalid usage bits 0x2000
04-25 08:10:59.420 17938 17983 D OplusACodec: inputbuffer, mSrOsieMMListCheckResult: 0, mIsSrSwitchOn: 0, mIsSrEnable: 0
04-25 08:10:59.420  5167 16326 D DiracDetectSceneService: +activeAudioAppList = [coding.universe.mojcompose]
04-25 08:10:59.420  5167 16326 D DiracDetectSceneService: isInMusicAppList appName:coding.universe.mojcompose
04-25 08:10:59.420  5167 16326 D DiracDetectSceneService: isInVideoAppList appName:coding.universe.mojcompose
04-25 08:10:59.420  5167 16326 D DiracDetectSceneService: isInGameAppList appName:coding.universe.mojcompose
04-25 08:10:59.420  5167 16326 D DiracDetectSceneService: isInVideo2AppList appName:coding.universe.mojcompose
04-25 08:10:59.420  5167 16326 D OplusDiracService: commonDiracToast str = this app not in list, Service Close Dirac
04-25 08:10:59.420  5167 16326 D DiracDetectSceneService: this case is not in app list
04-25 08:10:59.420  5167 16326 D OplusDiracService: setDiracEffectInternal ++++ enable = false mode = NONE mSceneModeForUI:AUTO
04-25 08:10:59.420  5167 16326 D OplusDiracService: isHeadsetOn mWiredHeadsetOn:false mA2dpConnected:false
04-25 08:10:59.420   916 10358 D GameAudioEffects: hasAliveFastEffectTracks  return (0)
04-25 08:10:59.420  5167 16326 D OplusDiracService: ignore this time setDiracEnalbe, enable = false mode = NONE mSceneModeForUI = AUTO
04-25 08:10:59.420   916 10358 D AudioPolicyManager: oplusSelectOutputForMusicEffects pendingOutput  => 21  flags => 0x00000008  outputTageName =>deep_buffer outputs.size(4) older music effect ouput(21), hasAliveGameTracks(0)
04-25 08:10:59.420   916 10358 D AudioPolicyManagerCustomImpl: getMaxTrackSampleRate 48000
04-25 08:10:59.421   916 10358 D AudioPolicyManagerCustomImpl: hifiAudio_startOutputSamplerate(), force policyForceReplace samplerate 48000
04-25 08:10:59.421   916 10358 D AudioPolicyManagerCustomImpl: hifiAudio_startOutputSamplerate, replace sample rate with  mHiFiOutputDefaultSampleRate
04-25 08:10:59.421   916 10358 D AudioFlinger: [OPEN_PA_STATE]addTrack_l flag 2
04-25 08:10:59.421  1132  1132 D OplusAudioState: updateAudioState eventId:37
04-25 08:10:59.421  1132  1132 D OplusAudioState: updateAudioState eventId:1
04-25 08:10:59.421   916 10358 D AudioFlinger_Threads: add track_l: stream(3), fast(0), device(AUDIO_DEVICE_OUT_SPEAKER), isOutputDeepBuffer(1) isVoicePlayback(0)
04-25 08:10:59.421 17938 17983 W gralloc4: Buffer descriptor with invalid usage bits 0x2000
04-25 08:10:59.422  1175  5108 W gralloc4: Buffer descriptor with invalid usage bits 0x2000
04-25 08:10:59.422 17938 17983 D OplusACodec: inputbuffer, mSrOsieMMListCheckResult: 0, mIsSrSwitchOn: 0, mIsSrEnable: 0
04-25 08:10:59.423 17938 17983 W gralloc4: Buffer descriptor with invalid usage bits 0x2000
04-25 08:10:59.424  1175  8579 W gralloc4: Buffer descriptor with invalid usage bits 0x2000
04-25 08:10:59.425 17938 17983 D OplusACodec: inputbuffer, mSrOsieMMListCheckResult: 0, mIsSrSwitchOn: 0, mIsSrEnable: 0
04-25 08:10:59.425  1175 17990 I MtkOmxVdecExV4L2: [0xe8d10480] ConvertFrame create job: 182575, fence: 183, LINE: 9946
04-25 08:10:59.425 17938 17983 W gralloc4: Buffer descriptor with invalid usage bits 0x2000
04-25 08:10:59.426  1175  5108 W gralloc4: Buffer descriptor with invalid usage bits 0x2000
04-25 08:10:59.426  5076 10314 D OplusAtlasAudioState: getActiveAudioMusic ret = true
04-25 08:10:59.426 17938 17983 D OplusACodec: inputbuffer, mSrOsieMMListCheckResult: 0, mIsSrSwitchOn: 0, mIsSrEnable: 0
04-25 08:10:59.427  5076 10314 D AudioManager: getStreamVolume packageName=com.oplus.atlas, index=9, streamType=3
04-25 08:10:59.427 17938 17983 W gralloc4: Buffer descriptor with invalid usage bits 0x2000
04-25 08:10:59.427  1554  3332 D AS.AudioService: getParameters() keyValuePairs:OPLUS_AUDIO_GET_DEVICE_FORSTREAM:3
04-25 08:10:59.427  1175  5108 W gralloc4: Buffer descriptor with invalid usage bits 0x2000
04-25 08:10:59.428  5076 10314 D OplusAtlasAudioState: isSpeakerMute() device: 2 ,index:9,ST:3
04-25 08:10:59.428  5076 10314 D OplusAtlasAudioState: checkAndSetPaState(state:2,mute:false), hasMusic:true,mode:0 ,mIsPlaybackRecord:true
04-25 08:10:59.428  1175 17985 D MDP     : DpAsyncBlitStream: video id: 0, pJob->config.videoID: 0
04-25 08:10:59.431  1175 17990 I MtkOmxVdecExV4L2: [0xe8d10480] ConvertFrame create job: 182576, fence: 183, LINE: 9946
04-25 08:10:59.432 17938 17983 D OplusACodec: inputbuffer, mSrOsieMMListCheckResult: 0, mIsSrSwitchOn: 0, mIsSrEnable: 0
04-25 08:10:59.433  1175 17990 I MtkOmxVdecExV4L2: [0xe8d10480] ConvertFrame create job: 182577, fence: 198, LINE: 9946
04-25 08:10:59.434  5167  5167 D OplusDiracService: mrDiracEffectBroadcastReceiver action = android.Multimedia.AudioEffect.AudioTrack_BROADCAST
04-25 08:10:59.434  5167  5167 D OplusDiracService: +new tast
04-25 08:10:59.434  5167  5167 D OplusDiracService: -new tast
04-25 08:10:59.434  5167 15992 D DiracDetectSceneService: Task.run, effectenable = true
04-25 08:10:59.435  5167 15992 D DiracDetectSceneService: checkAndSetDirac : activeAudioPids = :17938
04-25 08:10:59.435  5167 15992 D DiracDetectSceneService: +activePidList = [17938]
04-25 08:10:59.435  1175 17985 D MDP     : DpAsyncBlitStream: video id: 0, pJob->config.videoID: 0
04-25 08:10:59.436 17938 18022 D MetadataUtil: Skipped unknown metadata entry: ������
04-25 08:10:59.436 17938 18022 D MetadataUtil: Skipped unknown metadata entry: ������
04-25 08:10:59.436 17938 18022 D MetadataUtil: Skipped unknown metadata entry: ������
04-25 08:10:59.436 17938 18022 D MetadataUtil: Skipped unknown metadata entry: ������
04-25 08:10:59.436  5167 15992 D DiracDetectSceneService: +activeAudioAppList = [coding.universe.mojcompose]
04-25 08:10:59.436  5167 15992 D DiracDetectSceneService: isInMusicAppList appName:coding.universe.mojcompose
04-25 08:10:59.436  5167 15992 D DiracDetectSceneService: isInVideoAppList appName:coding.universe.mojcompose
04-25 08:10:59.436  5167 15992 D DiracDetectSceneService: isInGameAppList appName:coding.universe.mojcompose
04-25 08:10:59.436  5167 15992 D DiracDetectSceneService: isInVideo2AppList appName:coding.universe.mojcompose
04-25 08:10:59.436  5167 15992 D OplusDiracService: commonDiracToast str = this app not in list, Service Close Dirac
04-25 08:10:59.436  5167 15992 D DiracDetectSceneService: this case is not in app list
04-25 08:10:59.436  5167 15992 D OplusDiracService: setDiracEffectInternal ++++ enable = false mode = NONE mSceneModeForUI:AUTO
04-25 08:10:59.436  5167 15992 D OplusDiracService: isHeadsetOn mWiredHeadsetOn:false mA2dpConnected:false
04-25 08:10:59.436  5167 15992 D OplusDiracService: ignore this time setDiracEnalbe, enable = false mode = NONE mSceneModeForUI = AUTO
04-25 08:10:59.437  1175 17985 D MDP     : DpAsyncBlitStream: video id: 0, pJob->config.videoID: 0
04-25 08:10:59.441 17938 17995 D SurfaceUtils: connecting to surface 0xb400007c664b7010, reason connectToSurface
04-25 08:10:59.441   935  1767 I BufferQueueProducer: [SurfaceView - coding.universe.mojcompose/coding.universe.mojcompose.MainActivity#1](id:3a700002030,api:3,p:17938,c:935) connect(): api=3 producerControlledByApp=true
04-25 08:10:59.441 17938 17995 I MediaCodec: [OMX.MTK.VIDEO.DECODER.AVC] setting surface generation to 18368516
04-25 08:10:59.441 17938 17995 D SurfaceUtils: disconnecting from surface 0xb400007c664b7010, reason connectToSurface(reconnect)
04-25 08:10:59.441   935  1001 I BufferQueueProducer: [SurfaceView - coding.universe.mojcompose/coding.universe.mojcompose.MainActivity#1](id:3a700002030,api:3,p:17938,c:935) disconnect(): api=3
04-25 08:10:59.442 17938 17995 D SurfaceUtils: connecting to surface 0xb400007c664b7010, reason connectToSurface(reconnect)
04-25 08:10:59.442  1175 18000 I MtkOmxVdecExV4L2: [0xdbc831c0] ConvertFrame create job: 182578, fence: 159, LINE: 9946
04-25 08:10:59.442   935  1001 I BufferQueueProducer: [SurfaceView - coding.universe.mojcompose/coding.universe.mojcompose.MainActivity#1](id:3a700002030,api:3,p:17938,c:935) connect(): api=3 producerControlledByApp=true
04-25 08:10:59.442  1175  5108 E OMXNodeInstance: setParameter(0xdbc831c4:MTK.DECODER.AVC, ??(0x7f00002b)) ERROR: IncorrectStateOperation(0x80001018)
04-25 08:10:59.442 17938 17996 W ACodec  : Failed to set ANW_HWComposer to OMX, ignoring (-2147483648)
04-25 08:10:59.442  1175  5108 I MtkOmxVdecExV4L2: [0xdbc831c0] [SetColorFormat_MTKYUV] mAlwaysColorConvertWithNW -> HAL_PIXEL_FORMAT_NV12
04-25 08:10:59.443  1175  5108 I MtkOmxVdecExV4L2: [0xdbc831c0] --- GetOutputPortDefinition --- (540 960 544 960 24 783360 0x1000), pPortDef (540 960 544 960 24 12 0x1000)
04-25 08:10:59.443  1175  8579 E MtkOmxVdecExV4L2: [0xdbc831c0] Ignore SP AndroidNativeBufferConsumerUsage in mState:(3)
04-25 08:10:59.443 17938 17983 D OplusACodec: inputbuffer, mSrOsieMMListCheckResult: 0, mIsSrSwitchOn: 0, mIsSrEnable: 0
04-25 08:10:59.444 17938 17996 D SurfaceUtils: set up nativeWindow 0xb400007c664b7010 for 540x960, color 0x1000, rotation 0, usage 0x402900
04-25 08:10:59.444  1175 18000 D MDP     : DpAsyncBlit: in: job (182578 159) (544, 960, 17408, 8704, C12b, P1), sec0, flush 0 Buffer 0: plane=2 bufVA={0x4f,0x4f,0x0} bufMVA={0x0,0x0,0x0} bufSize={0x7f800,0x3fc00,0x0} proxy={0xef96d020,0x0,0x0}fence=-1
04-25 08:10:59.444  1175 18000 D MDP     : DpAsyncBlit: out0: (540, 960, 544, 544, C12, P1), misc: (X:0, Y:0, R:0, F:0, S:0, A:0, D:0), sec0, flush 0 Buffer 0: plane=2 bufVA={0x7b,0x7b,0x0} bufMVA={0x0,0x0,0x0} bufSize={0x7f800,0x3fc00,0x0} proxy={0xef96d050,0x0,0x0}fence=-1
04-25 08:10:59.444  1175 18000 D MDP     : DpAsyncBlit: crop0: (0, 0, 540, 960, 0, 0, 0, 0)
04-25 08:10:59.444   612   612 E SELinux : avc:  denied  { find } for interface=vendor.mediatek.hardware.mmagent::IMMAgent sid=u:r:mediacodec:s0 pid=1175 scontext=u:r:mediacodec:s0 tcontext=u:object_r:mtk_hal_mmagent_hwservice:s0 tclass=hwservice_manager permissive=0
04-25 08:10:59.445  1175 18023 E MDP     : [PQ][DpAIPqControl] workerLoop: Failed to get service
04-25 08:10:59.445   935  1001 W gralloc4: Buffer descriptor with invalid usage bits 0x2000
04-25 08:10:59.445   935  1767 W gralloc4: Buffer descriptor with invalid usage bits 0x2000
04-25 08:10:59.445   935  1767 W gralloc4: Buffer descriptor with invalid usage bits 0x2000
04-25 08:10:59.446   935  1001 W gralloc4: Buffer descriptor with invalid usage bits 0x2000
04-25 08:10:59.446  1175 17990 I MtkOmxVdecExV4L2: [0xe8d10480] ConvertFrame create job: 182579, fence: 188, LINE: 9946
04-25 08:10:59.446   935  1001 W gralloc4: Buffer descriptor with invalid usage bits 0x2000
04-25 08:10:59.447   935  1001 I chatty  : uid=1000(system) Binder:935_2 identical 6 lines
04-25 08:10:59.447   935  1001 W gralloc4: Buffer descriptor with invalid usage bits 0x2000
04-25 08:10:59.447 17938 17995 D SurfaceUtils: disconnecting from surface 0xb400007c69bbd010, reason disconnectFromSurface
04-25 08:10:59.447 17938 17995 I BufferQueueProducer: [SurfaceTexture-1-17938-1](id:461200000001,api:3,p:17938,c:17938) disconnect(): api=3
04-25 08:10:59.447 17938 17996 D OplusACodec: inputbuffer, mSrOsieMMListCheckResult: 0, mIsSrSwitchOn: 0, mIsSrEnable: 0
04-25 08:10:59.449 17938 17996 W gralloc4: Buffer descriptor with invalid usage bits 0x2000
04-25 08:10:59.449  1175  5108 W gralloc4: Buffer descriptor with invalid usage bits 0x2000
04-25 08:10:59.449 17938 17996 D OplusACodec: inputbuffer, mSrOsieMMListCheckResult: 0, mIsSrSwitchOn: 0, mIsSrEnable: 0
04-25 08:10:59.450  1175 17997 D MDP     : DpAsyncBlitStream: video id: 0, pJob->config.videoID: 0
04-25 08:10:59.450   935  1767 D DispPerfService: onframeavailable pid=17938, slot=0, seq=37793, name=coding.universe.mojcompose:coding.universe.mojcompose/coding.universe.mojcompose.MainActivity#0
04-25 08:10:59.450 17938 17996 W gralloc4: Buffer descriptor with invalid usage bits 0x2000
04-25 08:10:59.450  1175  5108 W gralloc4: Buffer descriptor with invalid usage bits 0x2000
04-25 08:10:59.451 17938 17996 D OplusACodec: inputbuffer, mSrOsieMMListCheckResult: 0, mIsSrSwitchOn: 0, mIsSrEnable: 0
04-25 08:10:59.451  1175 17985 D MDP     : DpAsyncBlitStream: video id: 0, pJob->config.videoID: 0
04-25 08:10:59.452 17938 17996 W gralloc4: Buffer descriptor with invalid usage bits 0x2000
04-25 08:10:59.452  1175  5108 W gralloc4: Buffer descriptor with invalid usage bits 0x2000
04-25 08:10:59.453 17938 17996 D OplusACodec: inputbuffer, mSrOsieMMListCheckResult: 0, mIsSrSwitchOn: 0, mIsSrEnable: 0
04-25 08:10:59.453 17938 17996 W gralloc4: Buffer descriptor with invalid usage bits 0x2000
04-25 08:10:59.454  1175  8579 W gralloc4: Buffer descriptor with invalid usage bits 0x2000
04-25 08:10:59.454 17938 17996 D OplusACodec: inputbuffer, mSrOsieMMListCheckResult: 0, mIsSrSwitchOn: 0, mIsSrEnable: 0
04-25 08:10:59.455 17938 17996 W gralloc4: Buffer descriptor with invalid usage bits 0x2000
04-25 08:10:59.455  1175  8579 W gralloc4: Buffer descriptor with invalid usage bits 0x2000
04-25 08:10:59.455 17938 18024 D MetadataUtil: Skipped unknown metadata entry: ������
04-25 08:10:59.455 17938 18024 D MetadataUtil: Skipped unknown metadata entry: ������
04-25 08:10:59.455 17938 18024 D MetadataUtil: Skipped unknown metadata entry: ������
04-25 08:10:59.455 17938 18024 D MetadataUtil: Skipped unknown metadata entry: ������
04-25 08:10:59.459  1554  1729 D View    : [Warning] assignParent to null: this = DecorView@74794fc[mojcompose]
04-25 08:10:59.459   935  1767 I BufferQueueProducer: [Splash Screen coding.universe.mojcompose#0](id:3a70000202d,api:2,p:1554,c:935) disconnect(): api=2
04-25 08:10:59.459 17938 17983 D OplusACodec: inputbuffer, mSrOsieMMListCheckResult: 0, mIsSrSwitchOn: 0, mIsSrEnable: 0
04-25 08:10:59.459  1554  1738 D ArtManagerInternalImpl: /data/misc/iorapd/coding.universe.mojcompose/1/coding.universe.mojcompose.MainActivity/compiled_traces/compiled_trace.pb doesn't exist
04-25 08:10:59.460 17938 17983 D OplusACodec: inputbuffer, mSrOsieMMListCheckResult: 0, mIsSrSwitchOn: 0, mIsSrEnable: 0
04-25 08:10:59.460  1554  1738 I ActivityTaskManager: Displayed coding.universe.mojcompose/.MainActivity: +604ms
04-25 08:10:59.460   935  1767 D DispPerfService: get hint proc=Surface(name=2a38f15 Splash Screen coding.universe.mojcompose), idx=1 none
04-25 08:10:59.460 17938 18026 D MetadataUtil: Skipped unknown metadata entry: ������
04-25 08:10:59.460 17938 18026 D MetadataUtil: Skipped unknown metadata entry: ������
04-25 08:10:59.460 17938 18026 D MetadataUtil: Skipped unknown metadata entry: ������
04-25 08:10:59.460 17938 18026 D MetadataUtil: Skipped unknown metadata entry: ������
04-25 08:10:59.462  1175 18000 I MtkOmxVdecExV4L2: [0xdbc831c0] ConvertFrame create job: 182580, fence: 198, LINE: 9946
04-25 08:10:59.464  1554  1729 I InputTransport: Destroy ARC handle: 0xb400007c439beda0
04-25 08:10:59.465 17938 17996 D OplusACodec: inputbuffer, mSrOsieMMListCheckResult: 0, mIsSrSwitchOn: 0, mIsSrEnable: 0
04-25 08:10:59.466  1175 17990 I MtkOmxVdecExV4L2: [0xe8d10480] ConvertFrame create job: 182581, fence: 209, LINE: 9946
04-25 08:10:59.468  1175 17997 D MDP     : DpAsyncBlitStream: video id: 0, pJob->config.videoID: 0
04-25 08:10:59.468 17938 17996 W gralloc4: Buffer descriptor with invalid usage bits 0x2000
04-25 08:10:59.468  1175  8579 W gralloc4: Buffer descriptor with invalid usage bits 0x2000
04-25 08:10:59.468  1175 18000 I MtkOmxVdecExV4L2: [0xdbc831c0] ConvertFrame create job: 182582, fence: 55, LINE: 9946
04-25 08:10:59.468 17938 17996 D OplusACodec: inputbuffer, mSrOsieMMListCheckResult: 0, mIsSrSwitchOn: 0, mIsSrEnable: 0
04-25 08:10:59.469 17938 17996 W gralloc4: Buffer descriptor with invalid usage bits 0x2000
04-25 08:10:59.470  1175  8579 W gralloc4: Buffer descriptor with invalid usage bits 0x2000
04-25 08:10:59.471  1175 17985 D MDP     : DpAsyncBlitStream: video id: 0, pJob->config.videoID: 0
04-25 08:10:59.471  1554  4161 I InputDispatcher: Focus entered window: Window{4c9ab0a u0 coding.universe.mojcompose/coding.universe.mojcompose.MainActivity} in display 0
04-25 08:10:59.471  1554  4161 I InputDispatcher: Window went away: Window{2a38f15 u0 Splash Screen coding.universe.mojcompose}
04-25 08:10:59.471  1175 18000 I MtkOmxVdecExV4L2: [0xdbc831c0] ConvertFrame create job: 182583, fence: 64, LINE: 9946
04-25 08:10:59.473 17938 17983 D OplusACodec: inputbuffer, mSrOsieMMListCheckResult: 0, mIsSrSwitchOn: 0, mIsSrEnable: 0
04-25 08:10:59.474   878 15991 D AudioDspStreamManager: openPlaybackTask(), getDspVersion[1] not open aud_playbnack UL!!
04-25 08:10:59.475  1175 17997 D MDP     : DpAsyncBlitStream: video id: 0, pJob->config.videoID: 0
04-25 08:10:59.475   878 15991 D AudioDspStreamManager: addPlaybackHandler() mDspStreamState = 1
04-25 08:10:59.475   878 15991 D AudioDspStreamManager: dataPasstoA2DPTask return false outputdevice = 0x2 playbckType = 10
04-25 08:10:59.475   878 15991 D AudioDspStreamManager: needOpenA2dpTask ret = 4 mDspA2DPStreamState = 0 a2dpstartflag = 0
04-25 08:10:59.475   878 15991 D AudioDspStreamManager: checkMusicTaskStatus ret = DSP_STREAM_START
04-25 08:10:59.475   878 15991 D AudioDspStreamManager: setDspRuntimeEn(), task_scene = 13, condition = 1
04-25 08:10:59.475   878 15991 D audio_messenger_ipi: audio_ipi_dma_cbk_register(), task 13, sz 65536/65536, cbk 0xea968ab4, arg 0xe2122000
04-25 08:10:59.476   878 15991 D aurisys_utility: input dev: 0x0, fmt = 0x4, fs: 48000, max fs: 48000, ch: 2, max ch: 3, ch maks: 0xc, hw_info_mask: 0x0; output dev: 0x2, fmt = 0x4, fs: 48000, max fs: 48000, ch: 2, max ch: 2, ch maks: 0xc, hw_info_mask: 0xc; task_scene: 13, audio_mode: 0, stream_type: 3, output_flags: 0x8, input_source: 0, input_flags: 0x8; network_info: 0, enhancement_feature_mask: 0x0
04-25 08:10:59.476   878 15991 D AudioALSAHardware: UpdateScenceToDsp(), mInputScence = 0, mOutputScence = 0, attribute_out->sample_rate = 48000
04-25 08:10:59.476   878 15991 D AudioALSAHardware: UpdateMultiRecordScenceToDsp(), mInputScence = 0, mOutputScence = 0
04-25 08:10:59.476   878 15991 D AudioALSAHardware: UpdateVoicePlaybackScenceToDsp(), OutputGetScence = 0  , isModeInVoipCall = 0 , isModeInPhoneCall = 0
04-25 08:10:59.476   878 15991 D oplus_audio_config: oplus_get_config(),unkonw config
04-25 08:10:59.476   878 15991 D oplus_audio_config: oplus_is_config_support(),param null
04-25 08:10:59.476   878 15991 D aurisys_utility: lib, working fs: 48000, fmt: 0x3, frame = 0, b_interleave = 1, num_ul_ref_buf_array = 0, num_dl_ref_buf_array = 0
04-25 08:10:59.476   878 15991 D aurisys_utility: dl in[type:2], ch: 2, ch_mask: 0x3, buf fs: 48000, buf content fs: 48000, fmt: 0x3; dl out[type:3], ch: 2, ch_mask: 0x3, buf fs: 48000, buf content fs: 48000, fmt: 0x3
04-25 08:10:59.476   878 15991 D aurisys_lib_handler: aurisys_arsi_parsing_param_file(), gProductInfo "platform=MT6893,device=OP515BL1,model=DN2101", file_path "/vendor/etc/audio_param", enhancement_mode 0, param_buf_size 128, data_size 128, custom_info SetAudioCustomScene=
04-25 08:10:59.476   878 15991 D audio_messenger_ipi: hal send, task: 13, msg_id: 0x15, ack_type: 1, p1: 0x2bc, p2: 0x0, dma sz: 0, idx: 0, hal sz: 700
04-25 08:10:59.477  1175 17997 D MDP     : DpAsyncBlitStream: video id: 0, pJob->config.videoID: 0
04-25 08:10:59.479   878 15991 D AudioDspStreamManager: addPlaybackHandler() mDspMusicStreamState = DSP_STREAM_START
04-25 08:10:59.479   878 15991 D AudioDspStreamManager: -addPlaybackHandler(), playbackHandler = 3792838656 0xe2122000
